Archive member included to satisfy reference by file (symbol)

c:/progra~1/raspbe~1/picosd~1.1/gcc-ar~1/bin/../lib/gcc/arm-none-eabi/10.3.1/thumb/v6-m/nofp\libgcc.a(_dvmd_tls.o)
                              CMakeFiles/Lab5.dir/C_/Program_Files/Raspberry_Pi/Pico_SDK_v1.5.1/pico-sdk/src/rp2_common/pico_divider/divider.S.obj (__aeabi_idiv0)
c:/progra~1/raspbe~1/picosd~1.1/gcc-ar~1/bin/../lib/gcc/arm-none-eabi/10.3.1/../../../../arm-none-eabi/lib/thumb/v6-m/nofp\libc.a(lib_a-calloc.o)
                              CMakeFiles/Lab5.dir/C_/Program_Files/Raspberry_Pi/Pico_SDK_v1.5.1/pico-sdk/src/rp2_common/pico_malloc/pico_malloc.c.obj (calloc)
c:/progra~1/raspbe~1/picosd~1.1/gcc-ar~1/bin/../lib/gcc/arm-none-eabi/10.3.1/../../../../arm-none-eabi/lib/thumb/v6-m/nofp\libc.a(lib_a-callocr.o)
                              c:/progra~1/raspbe~1/picosd~1.1/gcc-ar~1/bin/../lib/gcc/arm-none-eabi/10.3.1/../../../../arm-none-eabi/lib/thumb/v6-m/nofp\libc.a(lib_a-calloc.o) (_calloc_r)
c:/progra~1/raspbe~1/picosd~1.1/gcc-ar~1/bin/../lib/gcc/arm-none-eabi/10.3.1/../../../../arm-none-eabi/lib/thumb/v6-m/nofp\libc.a(lib_a-errno.o)
                              c:/progra~1/raspbe~1/picosd~1.1/gcc-ar~1/bin/../lib/gcc/arm-none-eabi/10.3.1/../../../../arm-none-eabi/lib/thumb/v6-m/nofp\libc.a(lib_a-callocr.o) (__errno)
c:/progra~1/raspbe~1/picosd~1.1/gcc-ar~1/bin/../lib/gcc/arm-none-eabi/10.3.1/../../../../arm-none-eabi/lib/thumb/v6-m/nofp\libc.a(lib_a-impure.o)
                              c:/progra~1/raspbe~1/picosd~1.1/gcc-ar~1/bin/../lib/gcc/arm-none-eabi/10.3.1/../../../../arm-none-eabi/lib/thumb/v6-m/nofp\libc.a(lib_a-calloc.o) (_impure_ptr)
c:/progra~1/raspbe~1/picosd~1.1/gcc-ar~1/bin/../lib/gcc/arm-none-eabi/10.3.1/../../../../arm-none-eabi/lib/thumb/v6-m/nofp\libc.a(lib_a-init.o)
                              c:/progra~1/raspbe~1/picosd~1.1/gcc-ar~1/bin/../lib/gcc/arm-none-eabi/10.3.1/../../../../arm-none-eabi/lib/thumb/v6-m/nofp/crt0.o (__libc_init_array)
c:/progra~1/raspbe~1/picosd~1.1/gcc-ar~1/bin/../lib/gcc/arm-none-eabi/10.3.1/../../../../arm-none-eabi/lib/thumb/v6-m/nofp\libc.a(lib_a-malloc.o)
                              CMakeFiles/Lab5.dir/C_/Program_Files/Raspberry_Pi/Pico_SDK_v1.5.1/pico-sdk/src/rp2_common/pico_malloc/pico_malloc.c.obj (malloc)
c:/progra~1/raspbe~1/picosd~1.1/gcc-ar~1/bin/../lib/gcc/arm-none-eabi/10.3.1/../../../../arm-none-eabi/lib/thumb/v6-m/nofp\libc.a(lib_a-mallocr.o)
                              c:/progra~1/raspbe~1/picosd~1.1/gcc-ar~1/bin/../lib/gcc/arm-none-eabi/10.3.1/../../../../arm-none-eabi/lib/thumb/v6-m/nofp\libc.a(lib_a-callocr.o) (_malloc_r)
c:/progra~1/raspbe~1/picosd~1.1/gcc-ar~1/bin/../lib/gcc/arm-none-eabi/10.3.1/../../../../arm-none-eabi/lib/thumb/v6-m/nofp\libc.a(lib_a-mlock.o)
                              c:/progra~1/raspbe~1/picosd~1.1/gcc-ar~1/bin/../lib/gcc/arm-none-eabi/10.3.1/../../../../arm-none-eabi/lib/thumb/v6-m/nofp\libc.a(lib_a-mallocr.o) (__malloc_lock)
c:/progra~1/raspbe~1/picosd~1.1/gcc-ar~1/bin/../lib/gcc/arm-none-eabi/10.3.1/../../../../arm-none-eabi/lib/thumb/v6-m/nofp\libc.a(lib_a-realloc.o)
                              CMakeFiles/Lab5.dir/C_/Program_Files/Raspberry_Pi/Pico_SDK_v1.5.1/pico-sdk/src/rp2_common/pico_malloc/pico_malloc.c.obj (realloc)
c:/progra~1/raspbe~1/picosd~1.1/gcc-ar~1/bin/../lib/gcc/arm-none-eabi/10.3.1/../../../../arm-none-eabi/lib/thumb/v6-m/nofp\libc.a(lib_a-reallocr.o)
                              c:/progra~1/raspbe~1/picosd~1.1/gcc-ar~1/bin/../lib/gcc/arm-none-eabi/10.3.1/../../../../arm-none-eabi/lib/thumb/v6-m/nofp\libc.a(lib_a-realloc.o) (_realloc_r)
c:/progra~1/raspbe~1/picosd~1.1/gcc-ar~1/bin/../lib/gcc/arm-none-eabi/10.3.1/../../../../arm-none-eabi/lib/thumb/v6-m/nofp\libc.a(lib_a-sbrkr.o)
                              c:/progra~1/raspbe~1/picosd~1.1/gcc-ar~1/bin/../lib/gcc/arm-none-eabi/10.3.1/../../../../arm-none-eabi/lib/thumb/v6-m/nofp\libc.a(lib_a-mallocr.o) (_sbrk_r)
c:/progra~1/raspbe~1/picosd~1.1/gcc-ar~1/bin/../lib/gcc/arm-none-eabi/10.3.1/../../../../arm-none-eabi/lib/thumb/v6-m/nofp\libc.a(lib_a-strlen-stub.o)
                              CMakeFiles/Lab5.dir/C_/Program_Files/Raspberry_Pi/Pico_SDK_v1.5.1/pico-sdk/src/rp2_common/pico_stdio/stdio.c.obj (strlen)
c:/progra~1/raspbe~1/picosd~1.1/gcc-ar~1/bin/../lib/gcc/arm-none-eabi/10.3.1/../../../../arm-none-eabi/lib/thumb/v6-m/nofp\libc.a(lib_a-freer.o)
                              c:/progra~1/raspbe~1/picosd~1.1/gcc-ar~1/bin/../lib/gcc/arm-none-eabi/10.3.1/../../../../arm-none-eabi/lib/thumb/v6-m/nofp\libc.a(lib_a-malloc.o) (_free_r)
c:/progra~1/raspbe~1/picosd~1.1/gcc-ar~1/bin/../lib/gcc/arm-none-eabi/10.3.1/../../../../arm-none-eabi/lib/thumb/v6-m/nofp\libc.a(lib_a-lock.o)
                              c:/progra~1/raspbe~1/picosd~1.1/gcc-ar~1/bin/../lib/gcc/arm-none-eabi/10.3.1/../../../../arm-none-eabi/lib/thumb/v6-m/nofp\libc.a(lib_a-mlock.o) (__retarget_lock_acquire_recursive)
[...]
Memory Configuration

Name             Origin             Length             Attributes
FLASH            0x10000000         0x00200000         xr
RAM              0x20000000         0x00040000         xrw
SCRATCH_X        0x20040000         0x00001000         xrw
SCRATCH_Y        0x20041000         0x00001000         xrw
*default*        0x00000000         0xffffffff

Linker script and memory map

LOAD c:/progra~1/raspbe~1/picosd~1.1/gcc-ar~1/bin/../lib/gcc/arm-none-eabi/10.3.1/thumb/v6-m/nofp/crti.o
LOAD c:/progra~1/raspbe~1/picosd~1.1/gcc-ar~1/bin/../lib/gcc/arm-none-eabi/10.3.1/thumb/v6-m/nofp/crtbegin.o
LOAD c:/progra~1/raspbe~1/picosd~1.1/gcc-ar~1/bin/../lib/gcc/arm-none-eabi/10.3.1/../../../../arm-none-eabi/lib/thumb/v6-m/nofp/crt0.o

.flash_begin    0x10000000        0x0
                0x10000000                __flash_binary_start = .

.boot2          0x10000000      0x100
                0x10000000                __boot2_start__ = .
 *(.boot2)
 .boot2         0x10000000      0x100 C:\Users\kaushikp\AppData\Local\Temp\ccAohPIP.o
                0x10000100                __boot2_end__ = .
                0x00000001                ASSERT (((__boot2_end__ - __boot2_start__) == 0x100), ERROR: Pico second stage bootloader must be 256 bytes in size)

.text           0x10000100     0x8868
                0x10000100                __logical_binary_start = .
 *(.vectors)
 .vectors       0x10000100       0xd4 CMakeFiles/Lab5.dir/C_/Program_Files/Raspberry_Pi/Pico_SDK_v1.5.1/pico-sdk/src/rp2_common/pico_standard_link/crt0.S.obj
                0x10000100                __VECTOR_TABLE
                0x10000100                __vectors
                0x100001c0                isr_invalid
                0x100001c0                __default_isrs_start
                0x100001c2                isr_nmi
                0x100001c4                isr_hardfault
                0x100001c6                isr_svcall
                0x100001c8                isr_pendsv
                0x100001ca                isr_systick
                0x100001cc                isr_irq23
                0x100001cc                isr_irq18
                0x100001cc                isr_irq11
                0x100001cc                isr_irq28
                0x100001cc                isr_irq19
                0x100001cc                isr_irq0
                0x100001cc                isr_irq6
                0x100001cc                isr_irq5
                0x100001cc                isr_irq12
                0x100001cc                isr_irq22
                0x100001cc                isr_irq31
                0x100001cc                isr_irq17
                0x100001cc                isr_irq27
                0x100001cc                isr_irq30
                0x100001cc                isr_irq2
                0x100001cc                isr_irq10
                0x100001cc                isr_irq8
                0x100001cc                isr_irq24
                0x100001cc                isr_irq1
                0x100001cc                isr_irq7
                0x100001cc                isr_irq21
                0x100001cc                isr_irq20
                0x100001cc                isr_irq15
                0x100001cc                isr_irq25
                0x100001cc                isr_irq13
                0x100001cc                __unhandled_user_irq
                0x100001cc                isr_irq4
                0x100001cc                isr_irq16
                0x100001cc                isr_irq29
                0x100001cc                isr_irq26
                0x100001cc                __default_isrs_end
                0x100001cc                isr_irq3
                0x100001cc                isr_irq14
                0x100001cc                isr_irq9
                0x100001d2                unhandled_user_irq_num_in_r0
 *(.binary_info_header)
 .binary_info_header
                0x100001d4       0x14 CMakeFiles/Lab5.dir/C_/Program_Files/Raspberry_Pi/Pico_SDK_v1.5.1/pico-sdk/src/rp2_common/pico_standard_link/crt0.S.obj
                0x100001e8                __binary_info_header_end = .
 *(.reset)
 .reset         0x100001e8       0xa0 CMakeFiles/Lab5.dir/C_/Program_Files/Raspberry_Pi/Pico_SDK_v1.5.1/pico-sdk/src/rp2_common/pico_standard_link/crt0.S.obj
                0x100001e8                _entry_point
 .reset         0x10000288       0x30 CMakeFiles/Lab5.dir/C_/Program_Files/Raspberry_Pi/Pico_SDK_v1.5.1/pico-sdk/src/rp2_common/pico_standard_link/binary_info.c.obj
 *(.init)
 .init          0x100002b8        0x4 c:/progra~1/raspbe~1/picosd~1.1/gcc-ar~1/bin/../lib/gcc/arm-none-eabi/10.3.1/thumb/v6-m/nofp/crti.o
                0x100002b8                _init
 *(EXCLUDE_FILE(*libm.a: *libc.a:*lib_a-mem*.o *libgcc.a:) .text*)
 .text          0x100002bc       0x48 c:/progra~1/raspbe~1/picosd~1.1/gcc-ar~1/bin/../lib/gcc/arm-none-eabi/10.3.1/thumb/v6-m/nofp/crtbegin.o
 .text.getPoint
                0x10000304      0x2b4 CMakeFiles/Lab5.dir/TouchScreen.c.obj
                0x10000304                getPoint
 .text.pioPinHandler
                0x100005b8       0x18 CMakeFiles/Lab5.dir/TFTMaster.c.obj
                0x100005b8                pioPinHandler
 .text.tft_init_hw
                0x100005d0      0x13c CMakeFiles/Lab5.dir/TFTMaster.c.obj
                0x100005d0                tft_init_hw
 .text.tft_spiwrite16
                0x1000070c       0x50 CMakeFiles/Lab5.dir/TFTMaster.c.obj
                0x1000070c                tft_spiwrite16
 .text.tft_drawPixel.part.0
                0x1000075c      0x9b0 CMakeFiles/Lab5.dir/TFTMaster.c.obj
 .text.tft_begin
                0x1000110c     0x1338 CMakeFiles/Lab5.dir/TFTMaster.c.obj
                0x1000110c                tft_begin
 .text.tft_setAddrWindow
                0x10002444      0x14c CMakeFiles/Lab5.dir/TFTMaster.c.obj
                0x10002444                tft_setAddrWindow
 .text.tft_fillRect
                0x10002590       0xc8 CMakeFiles/Lab5.dir/TFTMaster.c.obj
                0x10002590                tft_fillRect
 .text.tft_fillScreen
                0x10002658       0x28 CMakeFiles/Lab5.dir/TFTMaster.c.obj
                0x10002658                tft_fillScreen
 .text.tft_setRotation
                0x10002680      0x128 CMakeFiles/Lab5.dir/TFTMaster.c.obj
                0x10002680                tft_setRotation
 .text.tft_drawRoundRect
                0x100027a8      0x544 CMakeFiles/Lab5.dir/TFTMaster.c.obj
                0x100027a8                tft_drawRoundRect
 .text.tft_fillRoundRect
                0x10002cec      0x3e4 CMakeFiles/Lab5.dir/TFTMaster.c.obj
                0x10002cec                tft_fillRoundRect
 .text.tft_drawChar
                0x100030d0      0x15c CMakeFiles/Lab5.dir/TFTMaster.c.obj
                0x100030d0                tft_drawChar
 .text.tft_writeString
                0x1000322c       0xd8 CMakeFiles/Lab5.dir/TFTMaster.c.obj
                0x1000322c                tft_writeString
 .text.tft_setCursor
                0x10003304       0x14 CMakeFiles/Lab5.dir/TFTMaster.c.obj
                0x10003304                tft_setCursor
 .text.tft_setTextSize
                0x10003318       0x14 CMakeFiles/Lab5.dir/TFTMaster.c.obj
                0x10003318                tft_setTextSize
 .text.tft_setTextColor
                0x1000332c       0x14 CMakeFiles/Lab5.dir/TFTMaster.c.obj
                0x1000332c                tft_setTextColor
 .text.calculator
                0x10003340      0x504 CMakeFiles/Lab5.dir/calculator.c.obj
                0x10003340                calculator
 .text.operation
                0x10003844      0x53c CMakeFiles/Lab5.dir/fsm.c.obj
                0x10003844                operation
 .text.get_ts_lcd
                0x10003d80       0x78 CMakeFiles/Lab5.dir/ts_lcd.c.obj
                0x10003d80                get_ts_lcd
 .text.startup.main
                0x10003df8       0x74 CMakeFiles/Lab5.dir/main.c.obj
                0x10003df8                main
 .text.read_input
                0x10003e6c      0x1ac CMakeFiles/Lab5.dir/read_input.c.obj
                0x10003e6c                read_input
 .text.debouncer
                0x10004018      0x108 CMakeFiles/Lab5.dir/debouncer.c.obj
                0x10004018                debouncer
 .text.debounce_pressed
                0x10004120       0x1c CMakeFiles/Lab5.dir/debouncer.c.obj
                0x10004120                debounce_pressed
 .text.timer_read
                0x1000413c        0xc CMakeFiles/Lab5.dir/timer.c.obj
                0x1000413c                timer_read
 .text.timer_elapsed_ms
                0x10004148       0x10 CMakeFiles/Lab5.dir/timer.c.obj
                0x10004148                timer_elapsed_ms
 .text.arrayClear
                0x10004158       0x14 CMakeFiles/Lab5.dir/arrayClear.c.obj
                0x10004158                arrayClear
 .text.gpio_set_function
                0x1000416c       0x30 CMakeFiles/Lab5.dir/C_/Program_Files/Raspberry_Pi/Pico_SDK_v1.5.1/pico-sdk/src/rp2_common/hardware_gpio/gpio.c.obj
                0x1000416c                gpio_set_function
 .text.gpio_set_pulls
                0x1000419c       0x30 CMakeFiles/Lab5.dir/C_/Program_Files/Raspberry_Pi/Pico_SDK_v1.5.1/pico-sdk/src/rp2_common/hardware_gpio/gpio.c.obj
                0x1000419c                gpio_set_pulls
 .text.gpio_set_outover
                0x100041cc       0x24 CMakeFiles/Lab5.dir/C_/Program_Files/Raspberry_Pi/Pico_SDK_v1.5.1/pico-sdk/src/rp2_common/hardware_gpio/gpio.c.obj
                0x100041cc                gpio_set_outover
 .text.gpio_set_input_enabled
                0x100041f0       0x28 CMakeFiles/Lab5.dir/C_/Program_Files/Raspberry_Pi/Pico_SDK_v1.5.1/pico-sdk/src/rp2_common/hardware_gpio/gpio.c.obj
                0x100041f0                gpio_set_input_enabled
 .text.gpio_init
                0x10004218       0x3c CMakeFiles/Lab5.dir/C_/Program_Files/Raspberry_Pi/Pico_SDK_v1.5.1/pico-sdk/src/rp2_common/hardware_gpio/gpio.c.obj
                0x10004218                gpio_init
 .text.running_on_fpga
                0x10004254       0x10 CMakeFiles/Lab5.dir/C_/Program_Files/Raspberry_Pi/Pico_SDK_v1.5.1/pico-sdk/src/rp2_common/pico_platform/platform.c.obj
                0x10004254                running_on_fpga
 .text.hw_claim_lock
                0x10004264       0x18 CMakeFiles/Lab5.dir/C_/Program_Files/Raspberry_Pi/Pico_SDK_v1.5.1/pico-sdk/src/rp2_common/hardware_claim/claim.c.obj
                0x10004264                hw_claim_lock
 .text.hw_claim_unlock
                0x1000427c       0x14 CMakeFiles/Lab5.dir/C_/Program_Files/Raspberry_Pi/Pico_SDK_v1.5.1/pico-sdk/src/rp2_common/hardware_claim/claim.c.obj
                0x1000427c                hw_claim_unlock
 .text.hw_claim_or_assert
                0x10004290       0x44 CMakeFiles/Lab5.dir/C_/Program_Files/Raspberry_Pi/Pico_SDK_v1.5.1/pico-sdk/src/rp2_common/hardware_claim/claim.c.obj
                0x10004290                hw_claim_or_assert
 .text.spin_locks_reset
                0x100042d4       0x1c CMakeFiles/Lab5.dir/C_/Program_Files/Raspberry_Pi/Pico_SDK_v1.5.1/pico-sdk/src/rp2_common/hardware_sync/sync.c.obj
                0x100042d4                spin_locks_reset
 .text.next_striped_spin_lock_num
                0x100042f0       0x18 CMakeFiles/Lab5.dir/C_/Program_Files/Raspberry_Pi/Pico_SDK_v1.5.1/pico-sdk/src/rp2_common/hardware_sync/sync.c.obj
                0x100042f0                next_striped_spin_lock_num
 .text.irq_set_enabled
                0x10004308       0x24 CMakeFiles/Lab5.dir/C_/Program_Files/Raspberry_Pi/Pico_SDK_v1.5.1/pico-sdk/src/rp2_common/hardware_irq/irq.c.obj
                0x10004308                irq_set_enabled
 .text.irq_get_vtable_handler
                0x1000432c       0x10 CMakeFiles/Lab5.dir/C_/Program_Files/Raspberry_Pi/Pico_SDK_v1.5.1/pico-sdk/src/rp2_common/hardware_irq/irq.c.obj
                0x1000432c                irq_get_vtable_handler
 .text.irq_set_exclusive_handler
                0x1000433c       0x54 CMakeFiles/Lab5.dir/C_/Program_Files/Raspberry_Pi/Pico_SDK_v1.5.1/pico-sdk/src/rp2_common/hardware_irq/irq.c.obj
                0x1000433c                irq_set_exclusive_handler
 .text.irq_remove_handler
                0x10004390      0x1b0 CMakeFiles/Lab5.dir/C_/Program_Files/Raspberry_Pi/Pico_SDK_v1.5.1/pico-sdk/src/rp2_common/hardware_irq/irq.c.obj
                0x10004390                irq_remove_handler
 .text.irq_add_tail_to_free_list
                0x10004540       0xb4 CMakeFiles/Lab5.dir/C_/Program_Files/Raspberry_Pi/Pico_SDK_v1.5.1/pico-sdk/src/rp2_common/hardware_irq/irq.c.obj
                0x10004540                irq_add_tail_to_free_list
 .text.irq_init_priorities
                0x100045f4       0x24 CMakeFiles/Lab5.dir/C_/Program_Files/Raspberry_Pi/Pico_SDK_v1.5.1/pico-sdk/src/rp2_common/hardware_irq/irq.c.obj
                0x100045f4                irq_init_priorities
 .text.lock_init
                0x10004618       0x10 CMakeFiles/Lab5.dir/C_/Program_Files/Raspberry_Pi/Pico_SDK_v1.5.1/pico-sdk/src/common/pico_sync/lock_core.c.obj
                0x10004618                lock_init
 .text.mutex_init
                0x10004628       0x1c CMakeFiles/Lab5.dir/C_/Program_Files/Raspberry_Pi/Pico_SDK_v1.5.1/pico-sdk/src/common/pico_sync/mutex.c.obj
                0x10004628                mutex_init
 .text.recursive_mutex_init
                0x10004644       0x1c CMakeFiles/Lab5.dir/C_/Program_Files/Raspberry_Pi/Pico_SDK_v1.5.1/pico-sdk/src/common/pico_sync/mutex.c.obj
                0x10004644                recursive_mutex_init
 .text.timer_pool_entry_comparator
                0x10004660       0x34 CMakeFiles/Lab5.dir/C_/Program_Files/Raspberry_Pi/Pico_SDK_v1.5.1/pico-sdk/src/common/pico_time/time.c.obj
                0x10004660                timer_pool_entry_comparator
 .text.sleep_until_callback
                0x10004694       0x30 CMakeFiles/Lab5.dir/C_/Program_Files/Raspberry_Pi/Pico_SDK_v1.5.1/pico-sdk/src/common/pico_time/time.c.obj
 .text.add_alarm_under_lock.isra.0
                0x100046c4      0x100 CMakeFiles/Lab5.dir/C_/Program_Files/Raspberry_Pi/Pico_SDK_v1.5.1/pico-sdk/src/common/pico_time/time.c.obj
 .text.alarm_pool_alarm_callback
                0x100047c4      0x1bc CMakeFiles/Lab5.dir/C_/Program_Files/Raspberry_Pi/Pico_SDK_v1.5.1/pico-sdk/src/common/pico_time/time.c.obj
 .text.alarm_pool_init_default
                0x10004980       0x6c CMakeFiles/Lab5.dir/C_/Program_Files/Raspberry_Pi/Pico_SDK_v1.5.1/pico-sdk/src/common/pico_time/time.c.obj
                0x10004980                alarm_pool_init_default
 .text.alarm_pool_add_alarm_at
                0x100049ec      0x178 CMakeFiles/Lab5.dir/C_/Program_Files/Raspberry_Pi/Pico_SDK_v1.5.1/pico-sdk/src/common/pico_time/time.c.obj
                0x100049ec                alarm_pool_add_alarm_at
 .text.sleep_until
                0x10004b64       0xc4 CMakeFiles/Lab5.dir/C_/Program_Files/Raspberry_Pi/Pico_SDK_v1.5.1/pico-sdk/src/common/pico_time/time.c.obj
                0x10004b64                sleep_until
 .text.sleep_ms
                0x10004c28       0x34 CMakeFiles/Lab5.dir/C_/Program_Files/Raspberry_Pi/Pico_SDK_v1.5.1/pico-sdk/src/common/pico_time/time.c.obj
                0x10004c28                sleep_ms
 .text.best_effort_wfe_or_timeout
                0x10004c5c       0xd4 CMakeFiles/Lab5.dir/C_/Program_Files/Raspberry_Pi/Pico_SDK_v1.5.1/pico-sdk/src/common/pico_time/time.c.obj
                0x10004c5c                best_effort_wfe_or_timeout
 .text.hardware_alarm_irq_handler
                0x10004d30       0xbc CMakeFiles/Lab5.dir/C_/Program_Files/Raspberry_Pi/Pico_SDK_v1.5.1/pico-sdk/src/rp2_common/hardware_timer/timer.c.obj
 .text.hardware_alarm_claim
                0x10004dec       0x18 CMakeFiles/Lab5.dir/C_/Program_Files/Raspberry_Pi/Pico_SDK_v1.5.1/pico-sdk/src/rp2_common/hardware_timer/timer.c.obj
                0x10004dec                hardware_alarm_claim
 .text.time_us_64
                0x10004e04       0x14 CMakeFiles/Lab5.dir/C_/Program_Files/Raspberry_Pi/Pico_SDK_v1.5.1/pico-sdk/src/rp2_common/hardware_timer/timer.c.obj
                0x10004e04                time_us_64
 .text.busy_wait_us
                0x10004e18       0x54 CMakeFiles/Lab5.dir/C_/Program_Files/Raspberry_Pi/Pico_SDK_v1.5.1/pico-sdk/src/rp2_common/hardware_timer/timer.c.obj
                0x10004e18                busy_wait_us
 .text.busy_wait_until
                0x10004e6c       0x20 CMakeFiles/Lab5.dir/C_/Program_Files/Raspberry_Pi/Pico_SDK_v1.5.1/pico-sdk/src/rp2_common/hardware_timer/timer.c.obj
                0x10004e6c                busy_wait_until
 .text.hardware_alarm_set_callback
                0x10004e8c       0x8c CMakeFiles/Lab5.dir/C_/Program_Files/Raspberry_Pi/Pico_SDK_v1.5.1/pico-sdk/src/rp2_common/hardware_timer/timer.c.obj
                0x10004e8c                hardware_alarm_set_callback
 .text.hardware_alarm_set_target
                0x10004f18       0xd4 CMakeFiles/Lab5.dir/C_/Program_Files/Raspberry_Pi/Pico_SDK_v1.5.1/pico-sdk/src/rp2_common/hardware_timer/timer.c.obj
                0x10004f18                hardware_alarm_set_target
 .text.hardware_alarm_cancel
                0x10004fec       0x3c CMakeFiles/Lab5.dir/C_/Program_Files/Raspberry_Pi/Pico_SDK_v1.5.1/pico-sdk/src/rp2_common/hardware_timer/timer.c.obj
                0x10004fec                hardware_alarm_cancel
 .text.ph_merge_nodes
                0x10005028       0x68 CMakeFiles/Lab5.dir/C_/Program_Files/Raspberry_Pi/Pico_SDK_v1.5.1/pico-sdk/src/common/pico_util/pheap.c.obj
 .text.ph_post_alloc_init
                0x10005090       0x3c CMakeFiles/Lab5.dir/C_/Program_Files/Raspberry_Pi/Pico_SDK_v1.5.1/pico-sdk/src/common/pico_util/pheap.c.obj
                0x10005090                ph_post_alloc_init
 .text.ph_merge_two_pass
                0x100050cc       0x90 CMakeFiles/Lab5.dir/C_/Program_Files/Raspberry_Pi/Pico_SDK_v1.5.1/pico-sdk/src/common/pico_util/pheap.c.obj
                0x100050cc                ph_merge_two_pass
 .text.ph_remove_any_head
                0x1000515c      0x100 CMakeFiles/Lab5.dir/C_/Program_Files/Raspberry_Pi/Pico_SDK_v1.5.1/pico-sdk/src/common/pico_util/pheap.c.obj
 .text.ph_remove_head
                0x1000525c      0x104 CMakeFiles/Lab5.dir/C_/Program_Files/Raspberry_Pi/Pico_SDK_v1.5.1/pico-sdk/src/common/pico_util/pheap.c.obj
                0x1000525c                ph_remove_head
 .text.ph_remove_and_free_node
                0x10005360       0x7c CMakeFiles/Lab5.dir/C_/Program_Files/Raspberry_Pi/Pico_SDK_v1.5.1/pico-sdk/src/common/pico_util/pheap.c.obj
                0x10005360                ph_remove_and_free_node
 .text.uart_init
                0x100053dc      0x188 CMakeFiles/Lab5.dir/C_/Program_Files/Raspberry_Pi/Pico_SDK_v1.5.1/pico-sdk/src/rp2_common/hardware_uart/uart.c.obj
                0x100053dc                uart_init
 .text.clocks_init
                0x10005564      0x2d0 CMakeFiles/Lab5.dir/C_/Program_Files/Raspberry_Pi/Pico_SDK_v1.5.1/pico-sdk/src/rp2_common/hardware_clocks/clocks.c.obj
                0x10005564                clocks_init
 .text.clock_get_hz
                0x10005834        0xc CMakeFiles/Lab5.dir/C_/Program_Files/Raspberry_Pi/Pico_SDK_v1.5.1/pico-sdk/src/rp2_common/hardware_clocks/clocks.c.obj
                0x10005834                clock_get_hz
 .text.pll_init
                0x10005840       0xa0 CMakeFiles/Lab5.dir/C_/Program_Files/Raspberry_Pi/Pico_SDK_v1.5.1/pico-sdk/src/rp2_common/hardware_pll/pll.c.obj
                0x10005840                pll_init
 .text.watchdog_start_tick
                0x100058e0       0x10 CMakeFiles/Lab5.dir/C_/Program_Files/Raspberry_Pi/Pico_SDK_v1.5.1/pico-sdk/src/rp2_common/hardware_watchdog/watchdog.c.obj
                0x100058e0                watchdog_start_tick
 .text.xosc_init
                0x100058f0       0x28 CMakeFiles/Lab5.dir/C_/Program_Files/Raspberry_Pi/Pico_SDK_v1.5.1/pico-sdk/src/rp2_common/hardware_xosc/xosc.c.obj
                0x100058f0                xosc_init
 .text.runtime_init
                0x10005918       0xf0 CMakeFiles/Lab5.dir/C_/Program_Files/Raspberry_Pi/Pico_SDK_v1.5.1/pico-sdk/src/rp2_common/pico_runtime/runtime.c.obj
                0x10005918                runtime_init
 .text._exit    0x10005a08        0x4 CMakeFiles/Lab5.dir/C_/Program_Files/Raspberry_Pi/Pico_SDK_v1.5.1/pico-sdk/src/rp2_common/pico_runtime/runtime.c.obj
                0x10005a08                _exit
 .text.exit     0x10005a0c        0x8 CMakeFiles/Lab5.dir/C_/Program_Files/Raspberry_Pi/Pico_SDK_v1.5.1/pico-sdk/src/rp2_common/pico_runtime/runtime.c.obj
                0x10005a0c                exit
 .text.panic    0x10005a14       0x30 CMakeFiles/Lab5.dir/C_/Program_Files/Raspberry_Pi/Pico_SDK_v1.5.1/pico-sdk/src/rp2_common/pico_runtime/runtime.c.obj
                0x10005a14                panic
 .text.hard_assertion_failure
                0x10005a44        0xc CMakeFiles/Lab5.dir/C_/Program_Files/Raspberry_Pi/Pico_SDK_v1.5.1/pico-sdk/src/rp2_common/pico_runtime/runtime.c.obj
                0x10005a44                hard_assertion_failure
 .text._out_buffer
                0x10005a50        0x8 CMakeFiles/Lab5.dir/C_/Program_Files/Raspberry_Pi/Pico_SDK_v1.5.1/pico-sdk/src/rp2_common/pico_printf/printf.c.obj
 .text._out_null
                0x10005a58        0x4 CMakeFiles/Lab5.dir/C_/Program_Files/Raspberry_Pi/Pico_SDK_v1.5.1/pico-sdk/src/rp2_common/pico_printf/printf.c.obj
 .text._out_rev
                0x10005a5c       0x9c CMakeFiles/Lab5.dir/C_/Program_Files/Raspberry_Pi/Pico_SDK_v1.5.1/pico-sdk/src/rp2_common/pico_printf/printf.c.obj
 .text._ntoa_format
                0x10005af8      0x1cc CMakeFiles/Lab5.dir/C_/Program_Files/Raspberry_Pi/Pico_SDK_v1.5.1/pico-sdk/src/rp2_common/pico_printf/printf.c.obj
 .text._out_char
                0x10005cc4       0x10 CMakeFiles/Lab5.dir/C_/Program_Files/Raspberry_Pi/Pico_SDK_v1.5.1/pico-sdk/src/rp2_common/pico_printf/printf.c.obj
 .text._out_fct
                0x10005cd4       0x10 CMakeFiles/Lab5.dir/C_/Program_Files/Raspberry_Pi/Pico_SDK_v1.5.1/pico-sdk/src/rp2_common/pico_printf/printf.c.obj
 .text._etoa    0x10005ce4      0x44c CMakeFiles/Lab5.dir/C_/Program_Files/Raspberry_Pi/Pico_SDK_v1.5.1/pico-sdk/src/rp2_common/pico_printf/printf.c.obj
 .text._ftoa    0x10006130      0x398 CMakeFiles/Lab5.dir/C_/Program_Files/Raspberry_Pi/Pico_SDK_v1.5.1/pico-sdk/src/rp2_common/pico_printf/printf.c.obj
 .text._vsnprintf
                0x100064c8      0xb04 CMakeFiles/Lab5.dir/C_/Program_Files/Raspberry_Pi/Pico_SDK_v1.5.1/pico-sdk/src/rp2_common/pico_printf/printf.c.obj
 .text.__wrap_sprintf
                0x10006fcc       0x28 CMakeFiles/Lab5.dir/C_/Program_Files/Raspberry_Pi/Pico_SDK_v1.5.1/pico-sdk/src/rp2_common/pico_printf/printf.c.obj
                0x10006fcc                __wrap_sprintf
 .text.vfctprintf
                0x10006ff4       0x20 CMakeFiles/Lab5.dir/C_/Program_Files/Raspberry_Pi/Pico_SDK_v1.5.1/pico-sdk/src/rp2_common/pico_printf/printf.c.obj
                0x10006ff4                vfctprintf
 .text.weak_raw_vprintf
                0x10007014       0x30 CMakeFiles/Lab5.dir/C_/Program_Files/Raspberry_Pi/Pico_SDK_v1.5.1/pico-sdk/src/rp2_common/pico_printf/printf.c.obj
                0x10007014                weak_raw_vprintf
 .text          0x10007044       0x10 CMakeFiles/Lab5.dir/C_/Program_Files/Raspberry_Pi/Pico_SDK_v1.5.1/pico-sdk/src/rp2_common/pico_bit_ops/bit_ops_aeabi.S.obj
 .text.ctzsi    0x10007054        0xc CMakeFiles/Lab5.dir/C_/Program_Files/Raspberry_Pi/Pico_SDK_v1.5.1/pico-sdk/src/rp2_common/pico_bit_ops/bit_ops_aeabi.S.obj
                0x10007054                __wrap___ctzsi2
 .text.rom_func_lookup
                0x10007060       0x10 CMakeFiles/Lab5.dir/C_/Program_Files/Raspberry_Pi/Pico_SDK_v1.5.1/pico-sdk/src/rp2_common/pico_bootrom/bootrom.c.obj
                0x10007060                rom_func_lookup
 .text.rom_data_lookup
                0x10007070       0x10 CMakeFiles/Lab5.dir/C_/Program_Files/Raspberry_Pi/Pico_SDK_v1.5.1/pico-sdk/src/rp2_common/pico_bootrom/bootrom.c.obj
                0x10007070                rom_data_lookup
 .text.rom_funcs_lookup
                0x10007080       0x44 CMakeFiles/Lab5.dir/C_/Program_Files/Raspberry_Pi/Pico_SDK_v1.5.1/pico-sdk/src/rp2_common/pico_bootrom/bootrom.c.obj
                0x10007080                rom_funcs_lookup
 .text.__wrap___aeabi_idiv
                0x100070c4       0x50 CMakeFiles/Lab5.dir/C_/Program_Files/Raspberry_Pi/Pico_SDK_v1.5.1/pico-sdk/src/rp2_common/pico_divider/divider.S.obj
                0x100070c4                __wrap___aeabi_idivmod
                0x100070c4                divmod_s32s32
                0x100070c4                div_s32s32
                0x100070c4                __wrap___aeabi_idiv
                0x100070cc                divmod_s32s32_unsafe
                0x100070f8                divmod_s32s32_savestate
 .text.__wrap___aeabi_uidiv
                0x10007114       0x4c CMakeFiles/Lab5.dir/C_/Program_Files/Raspberry_Pi/Pico_SDK_v1.5.1/pico-sdk/src/rp2_common/pico_divider/divider.S.obj
                0x10007114                __wrap___aeabi_uidiv
                0x10007114                __wrap___aeabi_uidivmod
                0x10007114                div_u32u32
                0x10007114                divmod_u32u32
                0x1000711c                divmod_u32u32_unsafe
                0x10007144                divmod_u32u32_savestate
 .text.__wrap___aeabi_ldiv
                0x10007160      0x424 CMakeFiles/Lab5.dir/C_/Program_Files/Raspberry_Pi/Pico_SDK_v1.5.1/pico-sdk/src/rp2_common/pico_divider/divider.S.obj
                0x10007160                div_s64s64
                0x10007160                divmod_s64s64
                0x10007160                __wrap___aeabi_ldivmod
                0x10007190                divmod_u64u64
                0x10007190                div_u64u64
                0x10007190                __wrap___aeabi_uldivmod
                0x100071a0                divmod_u64u64_savestate
                0x100071c0                divmod_s64s64_unsafe
                0x10007248                divmod_u64u64_unsafe
 .text.__wrap___aeabi_darithmetic
                0x10007584       0x80 CMakeFiles/Lab5.dir/C_/Program_Files/Raspberry_Pi/Pico_SDK_v1.5.1/pico-sdk/src/rp2_common/pico_double/double_aeabi.S.obj
                0x10007584                __wrap___aeabi_drsub
                0x1000758a                __wrap___aeabi_dsub
                0x1000759c                __wrap___aeabi_dadd
                0x100075ae                __wrap___aeabi_ddiv
                0x100075ea                __wrap___aeabi_dmul
 .text.__wrap___aeabi_cdcmple
                0x10007604       0x6c CMakeFiles/Lab5.dir/C_/Program_Files/Raspberry_Pi/Pico_SDK_v1.5.1/pico-sdk/src/rp2_common/pico_double/double_aeabi.S.obj
                0x10007604                __wrap___aeabi_cdrcmple
                0x10007614                __wrap___aeabi_cdcmpeq
                0x10007614                __wrap___aeabi_cdcmple
 .text.__wrap___aeabi_dcmplt
                0x10007670        0xc CMakeFiles/Lab5.dir/C_/Program_Files/Raspberry_Pi/Pico_SDK_v1.5.1/pico-sdk/src/rp2_common/pico_double/double_aeabi.S.obj
                0x10007670                __wrap___aeabi_dcmplt
 .text.__wrap___aeabi_dcmple
                0x1000767c       0x10 CMakeFiles/Lab5.dir/C_/Program_Files/Raspberry_Pi/Pico_SDK_v1.5.1/pico-sdk/src/rp2_common/pico_double/double_aeabi.S.obj
                0x1000767c                __wrap___aeabi_dcmple
 .text.__wrap___aeabi_dcmpge
                0x1000768c       0x10 CMakeFiles/Lab5.dir/C_/Program_Files/Raspberry_Pi/Pico_SDK_v1.5.1/pico-sdk/src/rp2_common/pico_double/double_aeabi.S.obj
                0x1000768c                __wrap___aeabi_dcmpge
 .text.__wrap___aeabi_dcmpgt
                0x1000769c        0xa CMakeFiles/Lab5.dir/C_/Program_Files/Raspberry_Pi/Pico_SDK_v1.5.1/pico-sdk/src/rp2_common/pico_double/double_aeabi.S.obj
                0x1000769c                __wrap___aeabi_dcmpgt
 .text.__wrap___aeabi_dcmpun
                0x100076a6       0x1c CMakeFiles/Lab5.dir/C_/Program_Files/Raspberry_Pi/Pico_SDK_v1.5.1/pico-sdk/src/rp2_common/pico_double/double_aeabi.S.obj
                0x100076a6                __wrap___aeabi_dcmpun
 *fill*         0x100076c2        0x2 
 .text.__wrap___aeabi_i2d
                0x100076c4       0x38 CMakeFiles/Lab5.dir/C_/Program_Files/Raspberry_Pi/Pico_SDK_v1.5.1/pico-sdk/src/rp2_common/pico_double/double_aeabi.S.obj
                0x100076c4                __wrap___aeabi_ui2d
                0x100076cc                __wrap___aeabi_i2d
 .text.__wrap___aeabi_d2iz
                0x100076fc       0x48 CMakeFiles/Lab5.dir/C_/Program_Files/Raspberry_Pi/Pico_SDK_v1.5.1/pico-sdk/src/rp2_common/pico_double/double_aeabi.S.obj
                0x100076fc                double2int_z
                0x100076fc                __wrap___aeabi_d2iz
 .text.__wrap___aeabi_d2uiz
                0x10007744       0x18 CMakeFiles/Lab5.dir/C_/Program_Files/Raspberry_Pi/Pico_SDK_v1.5.1/pico-sdk/src/rp2_common/pico_double/double_aeabi.S.obj
                0x10007744                __wrap___aeabi_d2uiz
                0x10007744                double2uint
 .text.__aeabi_double_init
                0x1000775c       0x94 CMakeFiles/Lab5.dir/C_/Program_Files/Raspberry_Pi/Pico_SDK_v1.5.1/pico-sdk/src/rp2_common/pico_double/double_init_rom.c.obj
                0x1000775c                __aeabi_double_init
 .text.double_table_shim_on_use_helper
                0x100077f0       0x2c CMakeFiles/Lab5.dir/C_/Program_Files/Raspberry_Pi/Pico_SDK_v1.5.1/pico-sdk/src/rp2_common/pico_double/double_v1_rom_shim.S.obj
                0x100077f0                double_table_shim_on_use_helper
 .text.__wrap___aeabi_dsub
                0x1000781c       0x10 CMakeFiles/Lab5.dir/C_/Program_Files/Raspberry_Pi/Pico_SDK_v1.5.1/pico-sdk/src/rp2_common/pico_double/double_v1_rom_shim.S.obj
                0x1000781c                drsub_shim
                0x10007822                dsub_shim
 .text.dadd_shim
                0x1000782c      0x15c CMakeFiles/Lab5.dir/C_/Program_Files/Raspberry_Pi/Pico_SDK_v1.5.1/pico-sdk/src/rp2_common/pico_double/double_v1_rom_shim.S.obj
                0x1000782c                dadd_shim
 .text.dmul_shim
                0x10007988      0x15c CMakeFiles/Lab5.dir/C_/Program_Files/Raspberry_Pi/Pico_SDK_v1.5.1/pico-sdk/src/rp2_common/pico_double/double_v1_rom_shim.S.obj
                0x10007988                dmul_shim
 .text.ddiv_shim
                0x10007ae4      0x1b0 CMakeFiles/Lab5.dir/C_/Program_Files/Raspberry_Pi/Pico_SDK_v1.5.1/pico-sdk/src/rp2_common/pico_double/double_v1_rom_shim.S.obj
                0x10007ae4                ddiv_shim
 .text.double2uint_shim
                0x10007c94        0xe CMakeFiles/Lab5.dir/C_/Program_Files/Raspberry_Pi/Pico_SDK_v1.5.1/pico-sdk/src/rp2_common/pico_double/double_v1_rom_shim.S.obj
                0x10007c94                double2uint_shim
                0x10007c96                double2ufix_shim
 *fill*         0x10007ca2        0x2 
 .text.double2uint64_shim
                0x10007ca4       0x70 CMakeFiles/Lab5.dir/C_/Program_Files/Raspberry_Pi/Pico_SDK_v1.5.1/pico-sdk/src/rp2_common/pico_double/double_v1_rom_shim.S.obj
                0x10007ca4                double2uint64_shim
                0x10007ca6                double2ufix64_shim
                0x10007cc6                d2fix_a
 .text.dunpacks
                0x10007d14       0x3c CMakeFiles/Lab5.dir/C_/Program_Files/Raspberry_Pi/Pico_SDK_v1.5.1/pico-sdk/src/rp2_common/pico_double/double_v1_rom_shim.S.obj
                0x10007d14                dunpacks
 .text.__aeabi_lmul
                0x10007d50       0x32 CMakeFiles/Lab5.dir/C_/Program_Files/Raspberry_Pi/Pico_SDK_v1.5.1/pico-sdk/src/rp2_common/pico_int64_ops/pico_int64_ops_aeabi.S.obj
                0x10007d50                __wrap___aeabi_lmul
 *fill*         0x10007d82        0x2 
 .text.__wrap___aeabi_farithmetic
                0x10007d84       0x48 CMakeFiles/Lab5.dir/C_/Program_Files/Raspberry_Pi/Pico_SDK_v1.5.1/pico-sdk/src/rp2_common/pico_float/float_aeabi.S.obj
                0x10007d84                __wrap___aeabi_frsub
                0x10007d8a                __wrap___aeabi_fsub
                0x10007d90                __wrap___aeabi_fadd
                0x10007d96                __wrap___aeabi_fdiv
                0x10007dbe                __wrap___aeabi_fmul
 .text.__wrap___aeabi_cfcmple
                0x10007dcc       0x50 CMakeFiles/Lab5.dir/C_/Program_Files/Raspberry_Pi/Pico_SDK_v1.5.1/pico-sdk/src/rp2_common/pico_float/float_aeabi.S.obj
                0x10007dcc                __wrap___aeabi_cfrcmple
                0x10007dd8                __wrap___aeabi_cfcmple
                0x10007dd8                __wrap___aeabi_cfcmpeq
 .text.__wrap___aeabi_fcmpgt
                0x10007e1c        0xa CMakeFiles/Lab5.dir/C_/Program_Files/Raspberry_Pi/Pico_SDK_v1.5.1/pico-sdk/src/rp2_common/pico_float/float_aeabi.S.obj
                0x10007e1c                __wrap___aeabi_fcmpgt
 *fill*         0x10007e26        0x2 
 .text.__wrap___aeabi_i2f
                0x10007e28       0x44 CMakeFiles/Lab5.dir/C_/Program_Files/Raspberry_Pi/Pico_SDK_v1.5.1/pico-sdk/src/rp2_common/pico_float/float_aeabi.S.obj
                0x10007e28                __wrap___aeabi_i2f
 .text.__wrap___aeabi_f2iz
                0x10007e6c       0x4e CMakeFiles/Lab5.dir/C_/Program_Files/Raspberry_Pi/Pico_SDK_v1.5.1/pico-sdk/src/rp2_common/pico_float/float_aeabi.S.obj
                0x10007e6c                float2int_z
                0x10007e6c                __wrap___aeabi_f2iz
 *fill*         0x10007eba        0x2 
 .text.float2int
                0x10007ebc       0x14 CMakeFiles/Lab5.dir/C_/Program_Files/Raspberry_Pi/Pico_SDK_v1.5.1/pico-sdk/src/rp2_common/pico_float/float_aeabi.S.obj
                0x10007ebc                float2int
 .text.__wrap___aeabi_f2uiz
                0x10007ed0        0xc CMakeFiles/Lab5.dir/C_/Program_Files/Raspberry_Pi/Pico_SDK_v1.5.1/pico-sdk/src/rp2_common/pico_float/float_aeabi.S.obj
                0x10007ed0                __wrap___aeabi_f2uiz
 .text.__aeabi_float_init
                0x10007edc       0x64 CMakeFiles/Lab5.dir/C_/Program_Files/Raspberry_Pi/Pico_SDK_v1.5.1/pico-sdk/src/rp2_common/pico_float/float_init_rom.c.obj
                0x10007edc                __aeabi_float_init
 .text.float_table_shim_on_use_helper
                0x10007f40       0x2c CMakeFiles/Lab5.dir/C_/Program_Files/Raspberry_Pi/Pico_SDK_v1.5.1/pico-sdk/src/rp2_common/pico_float/float_v1_rom_shim.S.obj
                0x10007f40                float_table_shim_on_use_helper
 .text.float232_shims
                0x10007f6c       0x18 CMakeFiles/Lab5.dir/C_/Program_Files/Raspberry_Pi/Pico_SDK_v1.5.1/pico-sdk/src/rp2_common/pico_float/float_v1_rom_shim.S.obj
                0x10007f6c                float2int_shim
                0x10007f6e                float2fix_shim
 .text          0x10007f84       0x10 CMakeFiles/Lab5.dir/C_/Program_Files/Raspberry_Pi/Pico_SDK_v1.5.1/pico-sdk/src/rp2_common/pico_mem_ops/mem_ops_aeabi.S.obj
                0x10007f84                __aeabi_mem_init
 .text.memcpy   0x10007f94        0xc CMakeFiles/Lab5.dir/C_/Program_Files/Raspberry_Pi/Pico_SDK_v1.5.1/pico-sdk/src/rp2_common/pico_mem_ops/mem_ops_aeabi.S.obj
                0x10007f94                __wrap_memcpy
                0x10007f94                __wrap___aeabi_memcpy
 .text.stdio_out_chars_no_crlf
                0x10007fa0       0x10 CMakeFiles/Lab5.dir/C_/Program_Files/Raspberry_Pi/Pico_SDK_v1.5.1/pico-sdk/src/rp2_common/pico_stdio/stdio.c.obj
 .text.stdio_out_chars_crlf
                0x10007fb0       0xb4 CMakeFiles/Lab5.dir/C_/Program_Files/Raspberry_Pi/Pico_SDK_v1.5.1/pico-sdk/src/rp2_common/pico_stdio/stdio.c.obj
 .text.stdio_buffered_printer
                0x10008064       0x64 CMakeFiles/Lab5.dir/C_/Program_Files/Raspberry_Pi/Pico_SDK_v1.5.1/pico-sdk/src/rp2_common/pico_stdio/stdio.c.obj
 .text.stdio_put_string.isra.0
                0x100080c8       0xfc CMakeFiles/Lab5.dir/C_/Program_Files/Raspberry_Pi/Pico_SDK_v1.5.1/pico-sdk/src/rp2_common/pico_stdio/stdio.c.obj
 .text.__wrap_putchar
                0x100081c4       0x98 CMakeFiles/Lab5.dir/C_/Program_Files/Raspberry_Pi/Pico_SDK_v1.5.1/pico-sdk/src/rp2_common/pico_stdio/stdio.c.obj
                0x100081c4                __wrap_putchar
 .text.__wrap_puts
                0x1000825c       0x3c CMakeFiles/Lab5.dir/C_/Program_Files/Raspberry_Pi/Pico_SDK_v1.5.1/pico-sdk/src/rp2_common/pico_stdio/stdio.c.obj
                0x1000825c                __wrap_puts
 .text.stdio_set_driver_enabled
                0x10008298       0x30 CMakeFiles/Lab5.dir/C_/Program_Files/Raspberry_Pi/Pico_SDK_v1.5.1/pico-sdk/src/rp2_common/pico_stdio/stdio.c.obj
                0x10008298                stdio_set_driver_enabled
 .text.__wrap_vprintf
                0x100082c8       0xd8 CMakeFiles/Lab5.dir/C_/Program_Files/Raspberry_Pi/Pico_SDK_v1.5.1/pico-sdk/src/rp2_common/pico_stdio/stdio.c.obj
                0x100082c8                __wrap_vprintf
 .text.__wrap_printf
                0x100083a0       0x18 CMakeFiles/Lab5.dir/C_/Program_Files/Raspberry_Pi/Pico_SDK_v1.5.1/pico-sdk/src/rp2_common/pico_stdio/stdio.c.obj
                0x100083a0                __wrap_printf
 .text.stdio_init_all
                0x100083b8        0xc CMakeFiles/Lab5.dir/C_/Program_Files/Raspberry_Pi/Pico_SDK_v1.5.1/pico-sdk/src/rp2_common/pico_stdio/stdio.c.obj
                0x100083b8                stdio_init_all
 .text.stdio_uart_out_chars
                0x100083c4       0x4c CMakeFiles/Lab5.dir/C_/Program_Files/Raspberry_Pi/Pico_SDK_v1.5.1/pico-sdk/src/rp2_common/pico_stdio_uart/stdio_uart.c.obj
 .text.stdio_uart_in_chars
                0x10008410       0x84 CMakeFiles/Lab5.dir/C_/Program_Files/Raspberry_Pi/Pico_SDK_v1.5.1/pico-sdk/src/rp2_common/pico_stdio_uart/stdio_uart.c.obj
                0x10008410                stdio_uart_in_chars
 .text.on_uart_rx
                0x10008494       0x28 CMakeFiles/Lab5.dir/C_/Program_Files/Raspberry_Pi/Pico_SDK_v1.5.1/pico-sdk/src/rp2_common/pico_stdio_uart/stdio_uart.c.obj
 .text.stdio_uart_set_chars_available_callback
                0x100084bc       0x8c CMakeFiles/Lab5.dir/C_/Program_Files/Raspberry_Pi/Pico_SDK_v1.5.1/pico-sdk/src/rp2_common/pico_stdio_uart/stdio_uart.c.obj
 .text.stdio_uart_init
                0x10008548       0x48 CMakeFiles/Lab5.dir/C_/Program_Files/Raspberry_Pi/Pico_SDK_v1.5.1/pico-sdk/src/rp2_common/pico_stdio_uart/stdio_uart.c.obj
                0x10008548                stdio_uart_init
 .text.adc_init
                0x10008590       0x38 CMakeFiles/Lab5.dir/C_/Program_Files/Raspberry_Pi/Pico_SDK_v1.5.1/pico-sdk/src/rp2_common/hardware_adc/adc.c.obj
                0x10008590                adc_init
 .text.pio_add_program
                0x100085c8       0xc8 CMakeFiles/Lab5.dir/C_/Program_Files/Raspberry_Pi/Pico_SDK_v1.5.1/pico-sdk/src/rp2_common/hardware_pio/pio.c.obj
                0x100085c8                pio_add_program
 .text.pio_sm_set_pins_with_mask
                0x10008690       0xa4 CMakeFiles/Lab5.dir/C_/Program_Files/Raspberry_Pi/Pico_SDK_v1.5.1/pico-sdk/src/rp2_common/hardware_pio/pio.c.obj
                0x10008690                pio_sm_set_pins_with_mask
 .text.pio_sm_set_pindirs_with_mask
                0x10008734       0xa4 CMakeFiles/Lab5.dir/C_/Program_Files/Raspberry_Pi/Pico_SDK_v1.5.1/pico-sdk/src/rp2_common/hardware_pio/pio.c.obj
                0x10008734                pio_sm_set_pindirs_with_mask
 .text.pio_sm_init
                0x100087d8       0x8c CMakeFiles/Lab5.dir/C_/Program_Files/Raspberry_Pi/Pico_SDK_v1.5.1/pico-sdk/src/rp2_common/hardware_pio/pio.c.obj
                0x100087d8                pio_sm_init
 .text.startup.boot_double_tap_check
                0x10008864       0x60 CMakeFiles/Lab5.dir/C_/Program_Files/Raspberry_Pi/Pico_SDK_v1.5.1/pico-sdk/src/rp2_common/pico_bootsel_via_double_reset/pico_bootsel_via_double_reset.c.obj
 .text.strlen   0x100088c4       0x5c c:/progra~1/raspbe~1/picosd~1.1/gcc-ar~1/bin/../lib/gcc/arm-none-eabi/10.3.1/../../../../arm-none-eabi/lib/thumb/v6-m/nofp\libc.a(lib_a-strlen-stub.o)
                0x100088c4                strlen
 *(.fini)
 .fini          0x10008920        0x4 c:/progra~1/raspbe~1/picosd~1.1/gcc-ar~1/bin/../lib/gcc/arm-none-eabi/10.3.1/thumb/v6-m/nofp/crti.o
                0x10008920                _fini
 *fill*         0x10008924        0x4 
 .fini.__stub   0x10008928       0x40 linker stubs
 *crtbegin.o(.ctors)
 *crtbegin?.o(.ctors)
 *(EXCLUDE_FILE(*crtend.o *crtend?.o) .ctors)
 *(SORT_BY_NAME(.ctors.*))
 *(.ctors)
 *crtbegin.o(.dtors)
 *crtbegin?.o(.dtors)
 *(EXCLUDE_FILE(*crtend.o *crtend?.o) .dtors)
 *(SORT_BY_NAME(.dtors.*))
 *(.dtors)
 *(.eh_frame*)
 .eh_frame      0x10008968        0x0 c:/progra~1/raspbe~1/picosd~1.1/gcc-ar~1/bin/../lib/gcc/arm-none-eabi/10.3.1/thumb/v6-m/nofp/crtbegin.o
                0x10008968                . = ALIGN (0x4)

.glue_7         0x10008968        0x0
 .glue_7        0x10008968        0x0 linker stubs

.glue_7t        0x10008968        0x0
 .glue_7t       0x10008968        0x0 linker stubs

.vfp11_veneer   0x10008968        0x0
 .vfp11_veneer  0x10008968        0x0 linker stubs

.v4_bx          0x10008968        0x0
 .v4_bx         0x10008968        0x0 linker stubs

.iplt           0x10008968        0x0
 .iplt          0x10008968        0x0 c:/progra~1/raspbe~1/picosd~1.1/gcc-ar~1/bin/../lib/gcc/arm-none-eabi/10.3.1/thumb/v6-m/nofp/crtbegin.o

.rodata         0x10008968      0x9b4
 *(EXCLUDE_FILE(*libm.a: *libc.a:*lib_a-mem*.o *libgcc.a:) .rodata*)
 .rodata.font   0x10008968      0x4fb CMakeFiles/Lab5.dir/TFTMaster.c.obj
 *fill*         0x10008e63        0x1 
 .rodata.spi_cpha0_cs_program
                0x10008e64        0x6 CMakeFiles/Lab5.dir/TFTMaster.c.obj
 *fill*         0x10008e6a        0x2 
 .rodata.spi_cpha0_cs_program_instructions
                0x10008e6c        0xc CMakeFiles/Lab5.dir/TFTMaster.c.obj
 .rodata.calculator.str1.4
                0x10008e78        0x7 CMakeFiles/Lab5.dir/calculator.c.obj
 *fill*         0x10008e7f        0x1 
 .rodata.operation.str1.4
                0x10008e80       0xf1 CMakeFiles/Lab5.dir/fsm.c.obj
                                 0xf9 (size before relaxing)
 *fill*         0x10008f71        0x3 
 .rodata.get_ts_lcd.str1.4
                0x10008f74        0x9 CMakeFiles/Lab5.dir/ts_lcd.c.obj
 *fill*         0x10008f7d        0x3 
 .rodata.debouncer.str1.4
                0x10008f80       0x2e CMakeFiles/Lab5.dir/debouncer.c.obj
                                 0x32 (size before relaxing)
 *fill*         0x10008fae        0x2 
 .rodata.hardware_alarm_claim.str1.4
                0x10008fb0       0x22 CMakeFiles/Lab5.dir/C_/Program_Files/Raspberry_Pi/Pico_SDK_v1.5.1/pico-sdk/src/rp2_common/hardware_timer/timer.c.obj
 *fill*         0x10008fd2        0x2 
 .rodata.panic.str1.4
                0x10008fd4       0x12 CMakeFiles/Lab5.dir/C_/Program_Files/Raspberry_Pi/Pico_SDK_v1.5.1/pico-sdk/src/rp2_common/pico_runtime/runtime.c.obj
 *fill*         0x10008fe6        0x2 
 .rodata.hard_assertion_failure.str1.4
                0x10008fe8        0xc CMakeFiles/Lab5.dir/C_/Program_Files/Raspberry_Pi/Pico_SDK_v1.5.1/pico-sdk/src/rp2_common/pico_runtime/runtime.c.obj
 .rodata._ftoa.str1.4
                0x10008ff4       0x15 CMakeFiles/Lab5.dir/C_/Program_Files/Raspberry_Pi/Pico_SDK_v1.5.1/pico-sdk/src/rp2_common/pico_printf/printf.c.obj
 *fill*         0x10009009        0x3 
 .rodata._vsnprintf
                0x1000900c      0x1e0 CMakeFiles/Lab5.dir/C_/Program_Files/Raspberry_Pi/Pico_SDK_v1.5.1/pico-sdk/src/rp2_common/pico_printf/printf.c.obj
 *fill*         0x100091ec        0x4 
 .rodata.pow10.0
                0x100091f0       0x50 CMakeFiles/Lab5.dir/C_/Program_Files/Raspberry_Pi/Pico_SDK_v1.5.1/pico-sdk/src/rp2_common/pico_printf/printf.c.obj
 .rodata.str1.4
                0x10009240       0x3c CMakeFiles/Lab5.dir/C_/Program_Files/Raspberry_Pi/Pico_SDK_v1.5.1/pico-sdk/src/rp2_common/pico_standard_link/binary_info.c.obj
 .rodata.__bi_44
                0x1000927c        0xc CMakeFiles/Lab5.dir/C_/Program_Files/Raspberry_Pi/Pico_SDK_v1.5.1/pico-sdk/src/rp2_common/pico_standard_link/binary_info.c.obj
 .rodata.__bi_75
                0x10009288        0xc CMakeFiles/Lab5.dir/C_/Program_Files/Raspberry_Pi/Pico_SDK_v1.5.1/pico-sdk/src/rp2_common/pico_standard_link/binary_info.c.obj
 .rodata.__bi_81
                0x10009294        0xc CMakeFiles/Lab5.dir/C_/Program_Files/Raspberry_Pi/Pico_SDK_v1.5.1/pico-sdk/src/rp2_common/pico_standard_link/binary_info.c.obj
 .rodata.crlf_str.0
                0x100092a0        0x2 CMakeFiles/Lab5.dir/C_/Program_Files/Raspberry_Pi/Pico_SDK_v1.5.1/pico-sdk/src/rp2_common/pico_stdio/stdio.c.obj
 *fill*         0x100092a2        0x2 
 .rodata.str1.4
                0x100092a4       0x2c CMakeFiles/Lab5.dir/C_/Program_Files/Raspberry_Pi/Pico_SDK_v1.5.1/pico-sdk/src/rp2_common/pico_stdio_uart/stdio_uart.c.obj
 .rodata.__bi_33.4
                0x100092d0        0xc CMakeFiles/Lab5.dir/C_/Program_Files/Raspberry_Pi/Pico_SDK_v1.5.1/pico-sdk/src/rp2_common/pico_stdio_uart/stdio_uart.c.obj
 .rodata.__bi_34.5
                0x100092dc        0x8 CMakeFiles/Lab5.dir/C_/Program_Files/Raspberry_Pi/Pico_SDK_v1.5.1/pico-sdk/src/rp2_common/pico_stdio_uart/stdio_uart.c.obj
 .rodata.pio_add_program.str1.4
                0x100092e4       0x11 CMakeFiles/Lab5.dir/C_/Program_Files/Raspberry_Pi/Pico_SDK_v1.5.1/pico-sdk/src/rp2_common/hardware_pio/pio.c.obj
 *fill*         0x100092f5        0x3 
 .rodata.str1.4
                0x100092f8       0x18 CMakeFiles/Lab5.dir/C_/Program_Files/Raspberry_Pi/Pico_SDK_v1.5.1/pico-sdk/src/rp2_common/pico_bootsel_via_double_reset/pico_bootsel_via_double_reset.c.obj
 .rodata.__bi_35
                0x10009310        0xc CMakeFiles/Lab5.dir/C_/Program_Files/Raspberry_Pi/Pico_SDK_v1.5.1/pico-sdk/src/rp2_common/pico_bootsel_via_double_reset/pico_bootsel_via_double_reset.c.obj
                0x1000931c                . = ALIGN (0x4)
 *(SORT_BY_ALIGNMENT(SORT_BY_NAME(.flashdata*)))
                0x1000931c                . = ALIGN (0x4)

.ARM.extab
 *(.ARM.extab* .gnu.linkonce.armextab.*)
                0x1000931c                __exidx_start = .

.ARM.exidx
 *(.ARM.exidx* .gnu.linkonce.armexidx.*)
                0x1000931c                __exidx_end = .
                0x1000931c                . = ALIGN (0x4)
                0x1000931c                __binary_info_start = .

.binary_info    0x1000931c       0x28
 *(.binary_info.keep.*)
 .binary_info.keep.__bi_ptr22
                0x1000931c        0x4 CMakeFiles/Lab5.dir/C_/Program_Files/Raspberry_Pi/Pico_SDK_v1.5.1/pico-sdk/src/rp2_common/pico_standard_link/binary_info.c.obj
 .binary_info.keep.__bi_ptr30
                0x10009320        0x4 CMakeFiles/Lab5.dir/C_/Program_Files/Raspberry_Pi/Pico_SDK_v1.5.1/pico-sdk/src/rp2_common/pico_standard_link/binary_info.c.obj
 .binary_info.keep.__bi_ptr38
                0x10009324        0x4 CMakeFiles/Lab5.dir/C_/Program_Files/Raspberry_Pi/Pico_SDK_v1.5.1/pico-sdk/src/rp2_common/pico_standard_link/binary_info.c.obj
 .binary_info.keep.__bi_ptr44
                0x10009328        0x4 CMakeFiles/Lab5.dir/C_/Program_Files/Raspberry_Pi/Pico_SDK_v1.5.1/pico-sdk/src/rp2_common/pico_standard_link/binary_info.c.obj
 .binary_info.keep.__bi_ptr50
                0x1000932c        0x4 CMakeFiles/Lab5.dir/C_/Program_Files/Raspberry_Pi/Pico_SDK_v1.5.1/pico-sdk/src/rp2_common/pico_standard_link/binary_info.c.obj
 .binary_info.keep.__bi_ptr75
                0x10009330        0x4 CMakeFiles/Lab5.dir/C_/Program_Files/Raspberry_Pi/Pico_SDK_v1.5.1/pico-sdk/src/rp2_common/pico_standard_link/binary_info.c.obj
 .binary_info.keep.__bi_ptr81
                0x10009334        0x4 CMakeFiles/Lab5.dir/C_/Program_Files/Raspberry_Pi/Pico_SDK_v1.5.1/pico-sdk/src/rp2_common/pico_standard_link/binary_info.c.obj
 .binary_info.keep.__bi_ptr35
                0x10009338        0x4 CMakeFiles/Lab5.dir/C_/Program_Files/Raspberry_Pi/Pico_SDK_v1.5.1/pico-sdk/src/rp2_common/pico_bootsel_via_double_reset/pico_bootsel_via_double_reset.c.obj
 *(.binary_info.*)
 .binary_info.__bi_ptr33
                0x1000933c        0x4 CMakeFiles/Lab5.dir/C_/Program_Files/Raspberry_Pi/Pico_SDK_v1.5.1/pico-sdk/src/rp2_common/pico_stdio_uart/stdio_uart.c.obj
 .binary_info.__bi_ptr34
                0x10009340        0x4 CMakeFiles/Lab5.dir/C_/Program_Files/Raspberry_Pi/Pico_SDK_v1.5.1/pico-sdk/src/rp2_common/pico_stdio_uart/stdio_uart.c.obj
                0x10009344                __binary_info_end = .

.rel.dyn        0x10009344        0x0
 .rel.iplt      0x10009344        0x0 c:/progra~1/raspbe~1/picosd~1.1/gcc-ar~1/bin/../lib/gcc/arm-none-eabi/10.3.1/thumb/v6-m/nofp/crtbegin.o
                0x10009344                . = ALIGN (0x4)

.ram_vector_table
                0x20000000       0xc0
 *(.ram_vector_table)
 .ram_vector_table
                0x20000000       0xc0 CMakeFiles/Lab5.dir/C_/Program_Files/Raspberry_Pi/Pico_SDK_v1.5.1/pico-sdk/src/rp2_common/pico_runtime/runtime.c.obj
                0x20000000                ram_vector_table

.data           0x200000c0      0x1b8 load address 0x10009344
                0x200000c0                __data_start__ = .
 *(vtable)
 *(.time_critical*)
 .time_critical.mutex_try_enter_block_until
                0x200000c0       0x9c CMakeFiles/Lab5.dir/C_/Program_Files/Raspberry_Pi/Pico_SDK_v1.5.1/pico-sdk/src/common/pico_sync/mutex.c.obj
                0x200000c0                mutex_try_enter_block_until
 .time_critical.mutex_exit
                0x2000015c       0x28 CMakeFiles/Lab5.dir/C_/Program_Files/Raspberry_Pi/Pico_SDK_v1.5.1/pico-sdk/src/common/pico_sync/mutex.c.obj
                0x2000015c                mutex_exit
 *(.text*)
 .text          0x20000184        0x4 c:/progra~1/raspbe~1/picosd~1.1/gcc-ar~1/bin/../lib/gcc/arm-none-eabi/10.3.1/thumb/v6-m/nofp\libgcc.a(_dvmd_tls.o)
                0x20000184                __aeabi_idiv0
                0x20000184                __aeabi_ldiv0
 .text.__stub   0x20000188       0x10 linker stubs
                0x20000198                . = ALIGN (0x4)
 *(.rodata*)
                0x20000198                . = ALIGN (0x4)
 *(.data*)
 .data.flag     0x20000198        0x1 CMakeFiles/Lab5.dir/TFTMaster.c.obj
                0x20000198                flag
 *fill*         0x20000199        0x3 
 .data.spi      0x2000019c        0xc CMakeFiles/Lab5.dir/TFTMaster.c.obj
                0x2000019c                spi
 .data.striped_spin_lock_num
                0x200001a8        0x1 CMakeFiles/Lab5.dir/C_/Program_Files/Raspberry_Pi/Pico_SDK_v1.5.1/pico-sdk/src/rp2_common/hardware_sync/sync.c.obj
 *fill*         0x200001a9        0x3 
 .data          0x200001ac       0x48 CMakeFiles/Lab5.dir/C_/Program_Files/Raspberry_Pi/Pico_SDK_v1.5.1/pico-sdk/src/rp2_common/hardware_irq/irq_handler_chain.S.obj
                0x200001ac                irq_handler_chain_slots
                0x200001dc                irq_handler_chain_first_slot
                0x200001e6                irq_handler_chain_remove_tail
 .data.default_alarm_pool
                0x200001f4       0x18 CMakeFiles/Lab5.dir/C_/Program_Files/Raspberry_Pi/Pico_SDK_v1.5.1/pico-sdk/src/common/pico_time/time.c.obj
 .data.default_alarm_pool_heap
                0x2000020c       0x10 CMakeFiles/Lab5.dir/C_/Program_Files/Raspberry_Pi/Pico_SDK_v1.5.1/pico-sdk/src/common/pico_time/time.c.obj
 *fill*         0x2000021c        0x4 
 .data.aeabi_bits_funcs
                0x20000220       0x10 CMakeFiles/Lab5.dir/C_/Program_Files/Raspberry_Pi/Pico_SDK_v1.5.1/pico-sdk/src/rp2_common/pico_bit_ops/bit_ops_aeabi.S.obj
                0x20000220                aeabi_bits_funcs
                0x20000230                aeabi_bits_funcs_end
 .data.aeabi_mem_funcs
                0x20000230       0x10 CMakeFiles/Lab5.dir/C_/Program_Files/Raspberry_Pi/Pico_SDK_v1.5.1/pico-sdk/src/rp2_common/pico_mem_ops/mem_ops_aeabi.S.obj
                0x20000230                aeabi_mem_funcs
                0x20000240                aeabi_mem_funcs_end
 .data.stdio_uart
                0x20000240       0x18 CMakeFiles/Lab5.dir/C_/Program_Files/Raspberry_Pi/Pico_SDK_v1.5.1/pico-sdk/src/rp2_common/pico_stdio_uart/stdio_uart.c.obj
                0x20000240                stdio_uart
                0x20000258                . = ALIGN (0x4)
 *(.after_data.*)
                0x20000258                . = ALIGN (0x4)
                0x20000258                PROVIDE (__mutex_array_start = .)
 *(SORT_BY_NAME(.mutex_array.*))
 *(.mutex_array)
 .mutex_array   0x20000258        0x8 CMakeFiles/Lab5.dir/C_/Program_Files/Raspberry_Pi/Pico_SDK_v1.5.1/pico-sdk/src/rp2_common/pico_stdio/stdio.c.obj
                0x20000260                PROVIDE (__mutex_array_end = .)
                0x20000260                . = ALIGN (0x4)
                0x20000260                PROVIDE (__preinit_array_start = .)
 *(SORT_BY_NAME(.preinit_array.*))
 .preinit_array.00001
                0x20000260        0x4 CMakeFiles/Lab5.dir/C_/Program_Files/Raspberry_Pi/Pico_SDK_v1.5.1/pico-sdk/src/rp2_common/pico_mem_ops/mem_ops_aeabi.S.obj
 .preinit_array.00010
                0x20000264        0x4 CMakeFiles/Lab5.dir/C_/Program_Files/Raspberry_Pi/Pico_SDK_v1.5.1/pico-sdk/src/rp2_common/pico_bit_ops/bit_ops_aeabi.S.obj
 .preinit_array.00020
                0x20000268        0x4 CMakeFiles/Lab5.dir/C_/Program_Files/Raspberry_Pi/Pico_SDK_v1.5.1/pico-sdk/src/rp2_common/pico_double/double_aeabi.S.obj
 .preinit_array.00020
                0x2000026c        0x4 CMakeFiles/Lab5.dir/C_/Program_Files/Raspberry_Pi/Pico_SDK_v1.5.1/pico-sdk/src/rp2_common/pico_float/float_aeabi.S.obj
 *(.preinit_array)
                0x20000270                PROVIDE (__preinit_array_end = .)
                0x20000270                . = ALIGN (0x4)
                0x20000270                PROVIDE (__init_array_start = .)
 *(SORT_BY_NAME(.init_array.*))
 *(.init_array)
 .init_array    0x20000270        0x4 c:/progra~1/raspbe~1/picosd~1.1/gcc-ar~1/bin/../lib/gcc/arm-none-eabi/10.3.1/thumb/v6-m/nofp/crtbegin.o
 .init_array    0x20000274        0x4 CMakeFiles/Lab5.dir/C_/Program_Files/Raspberry_Pi/Pico_SDK_v1.5.1/pico-sdk/src/rp2_common/pico_bootsel_via_double_reset/pico_bootsel_via_double_reset.c.obj
                0x20000278                PROVIDE (__init_array_end = .)
                0x20000278                . = ALIGN (0x4)
                [!provide]                PROVIDE (__fini_array_start = .)
 *(SORT_BY_NAME(.fini_array.*))
 *(.fini_array)
                [!provide]                PROVIDE (__fini_array_end = .)
 *(.jcr)
                0x20000278                . = ALIGN (0x4)
                0x20000278                __data_end__ = .
                0x10009344                __etext = LOADADDR (.data)

.igot.plt       0x20000278        0x0 load address 0x100094fc
 .igot.plt      0x20000278        0x0 c:/progra~1/raspbe~1/picosd~1.1/gcc-ar~1/bin/../lib/gcc/arm-none-eabi/10.3.1/thumb/v6-m/nofp/crtbegin.o

.uninitialized_data
                0x20000278        0xc load address 0x100094fc
                0x20000278                . = ALIGN (0x4)
 *(.uninitialized_data*)
 .uninitialized_data.magic_location
                0x20000278        0xc CMakeFiles/Lab5.dir/C_/Program_Files/Raspberry_Pi/Pico_SDK_v1.5.1/pico-sdk/src/rp2_common/pico_bootsel_via_double_reset/pico_bootsel_via_double_reset.c.obj

.scratch_x      0x20040000        0x0 load address 0x100094fc
                0x20040000                __scratch_x_start__ = .
 *(.scratch_x.*)
                0x20040000                . = ALIGN (0x4)
                0x20040000                __scratch_x_end__ = .
                0x100094fc                __scratch_x_source__ = LOADADDR (.scratch_x)

.scratch_y      0x20041000        0x0 load address 0x100094fc
                0x20041000                __scratch_y_start__ = .
 *(.scratch_y.*)
                0x20041000                . = ALIGN (0x4)
                0x20041000                __scratch_y_end__ = .
                0x100094fc                __scratch_y_source__ = LOADADDR (.scratch_y)

.bss            0x20000288      0x4c0
                0x20000288                . = ALIGN (0x4)
                0x20000288                __bss_start__ = .
 *(SORT_BY_ALIGNMENT(SORT_BY_NAME(.bss*)))
 .bss.default_alarm_pool_entries
                0x20000288      0x100 CMakeFiles/Lab5.dir/C_/Program_Files/Raspberry_Pi/Pico_SDK_v1.5.1/pico-sdk/src/common/pico_time/time.c.obj
 .bss.sd_table  0x20000388      0x100 CMakeFiles/Lab5.dir/C_/Program_Files/Raspberry_Pi/Pico_SDK_v1.5.1/pico-sdk/src/rp2_common/pico_double/double_init_rom.c.obj
                0x20000388                sd_table
 .bss.sf_table  0x20000488      0x100 CMakeFiles/Lab5.dir/C_/Program_Files/Raspberry_Pi/Pico_SDK_v1.5.1/pico-sdk/src/rp2_common/pico_float/float_init_rom.c.obj
                0x20000488                sf_table
 .bss           0x20000588       0x1c c:/progra~1/raspbe~1/picosd~1.1/gcc-ar~1/bin/../lib/gcc/arm-none-eabi/10.3.1/thumb/v6-m/nofp/crtbegin.o
 .bss._used_instruction_space
                0x200005a4        0x8 CMakeFiles/Lab5.dir/C_/Program_Files/Raspberry_Pi/Pico_SDK_v1.5.1/pico-sdk/src/rp2_common/hardware_pio/pio.c.obj
 .bss.alarm_callbacks
                0x200005ac       0x10 CMakeFiles/Lab5.dir/C_/Program_Files/Raspberry_Pi/Pico_SDK_v1.5.1/pico-sdk/src/rp2_common/hardware_timer/timer.c.obj
 .bss.at_least_one_digit_pressed
                0x200005bc        0x4 CMakeFiles/Lab5.dir/fsm.c.obj
 .bss.chars_available_callback
                0x200005c0        0x4 CMakeFiles/Lab5.dir/C_/Program_Files/Raspberry_Pi/Pico_SDK_v1.5.1/pico-sdk/src/rp2_common/pico_stdio_uart/stdio_uart.c.obj
 .bss.chars_available_param
                0x200005c4        0x4 CMakeFiles/Lab5.dir/C_/Program_Files/Raspberry_Pi/Pico_SDK_v1.5.1/pico-sdk/src/rp2_common/pico_stdio_uart/stdio_uart.c.obj
 .bss.configured_freq
                0x200005c8       0x28 CMakeFiles/Lab5.dir/C_/Program_Files/Raspberry_Pi/Pico_SDK_v1.5.1/pico-sdk/src/rp2_common/hardware_clocks/clocks.c.obj
 .bss.default_alarm_pool_entry_ids_high
                0x200005f0       0x10 CMakeFiles/Lab5.dir/C_/Program_Files/Raspberry_Pi/Pico_SDK_v1.5.1/pico-sdk/src/common/pico_time/time.c.obj
 .bss.default_alarm_pool_heap_nodes
                0x20000600       0x30 CMakeFiles/Lab5.dir/C_/Program_Files/Raspberry_Pi/Pico_SDK_v1.5.1/pico-sdk/src/common/pico_time/time.c.obj
 .bss.drivers   0x20000630        0x4 CMakeFiles/Lab5.dir/C_/Program_Files/Raspberry_Pi/Pico_SDK_v1.5.1/pico-sdk/src/rp2_common/pico_stdio/stdio.c.obj
 .bss.filter    0x20000634        0x4 CMakeFiles/Lab5.dir/C_/Program_Files/Raspberry_Pi/Pico_SDK_v1.5.1/pico-sdk/src/rp2_common/pico_stdio/stdio.c.obj
 .bss.initial_buf
                0x20000638       0x1e CMakeFiles/Lab5.dir/fsm.c.obj
                0x20000638                initial_buf
 *fill*         0x20000656        0x2 
 .bss.lazy_vsnprintf
                0x20000658        0x4 CMakeFiles/Lab5.dir/C_/Program_Files/Raspberry_Pi/Pico_SDK_v1.5.1/pico-sdk/src/rp2_common/pico_printf/printf.c.obj
 .bss.num_1     0x2000065c       0x1e CMakeFiles/Lab5.dir/fsm.c.obj
                0x2000065c                num_1
 *fill*         0x2000067a        0x2 
 .bss.num_2     0x2000067c       0x1e CMakeFiles/Lab5.dir/fsm.c.obj
                0x2000067c                num_2
 *fill*         0x2000069a        0x2 
 .bss.number1   0x2000069c        0x4 CMakeFiles/Lab5.dir/fsm.c.obj
                0x2000069c                number1
 .bss.number2   0x200006a0        0x4 CMakeFiles/Lab5.dir/fsm.c.obj
                0x200006a0                number2
 .bss.number_add
                0x200006a4        0x4 CMakeFiles/Lab5.dir/fsm.c.obj
                0x200006a4                number_add
 .bss.offset    0x200006a8        0x4 CMakeFiles/Lab5.dir/TFTMaster.c.obj
                0x200006a8                offset
 .bss.operator.0
                0x200006ac        0x4 CMakeFiles/Lab5.dir/fsm.c.obj
 .bss.opreatorPressed
                0x200006b0        0x4 CMakeFiles/Lab5.dir/fsm.c.obj
                0x200006b0                opreatorPressed
 .bss.pools     0x200006b4       0x10 CMakeFiles/Lab5.dir/C_/Program_Files/Raspberry_Pi/Pico_SDK_v1.5.1/pico-sdk/src/common/pico_time/time.c.obj
 .bss.result    0x200006c4        0x4 CMakeFiles/Lab5.dir/fsm.c.obj
                0x200006c4                result
 .bss.result1   0x200006c8       0x1e CMakeFiles/Lab5.dir/fsm.c.obj
                0x200006c8                result1
 *fill*         0x200006e6        0x2 
 .bss.screenvalue
                0x200006e8        0x4 CMakeFiles/Lab5.dir/debouncer.c.obj
 .bss.screenvalue_out
                0x200006ec        0x4 CMakeFiles/Lab5.dir/debouncer.c.obj
                0x200006ec                screenvalue_out
 .bss.sf_clz_func
                0x200006f0        0x4 CMakeFiles/Lab5.dir/C_/Program_Files/Raspberry_Pi/Pico_SDK_v1.5.1/pico-sdk/src/rp2_common/pico_double/double_init_rom.c.obj
                0x200006f0                sf_clz_func
 .bss.sleep_notifier
                0x200006f4        0x4 CMakeFiles/Lab5.dir/C_/Program_Files/Raspberry_Pi/Pico_SDK_v1.5.1/pico-sdk/src/common/pico_time/time.c.obj
 .bss.stored_value
                0x200006f8        0x4 CMakeFiles/Lab5.dir/fsm.c.obj
 .bss.stored_value_1
                0x200006fc        0x4 CMakeFiles/Lab5.dir/fsm.c.obj
 .bss.stored_value_2
                0x20000700        0x4 CMakeFiles/Lab5.dir/fsm.c.obj
 .bss.t1        0x20000704        0x4 CMakeFiles/Lab5.dir/main.c.obj
                0x20000704                t1
 .bss.t2        0x20000708        0x4 CMakeFiles/Lab5.dir/main.c.obj
                0x20000708                t2
 .bss.t3        0x2000070c        0x4 CMakeFiles/Lab5.dir/main.c.obj
                0x2000070c                t3
 .bss.t4        0x20000710        0x4 CMakeFiles/Lab5.dir/main.c.obj
                0x20000710                t4
 .bss.target_hi
                0x20000714       0x10 CMakeFiles/Lab5.dir/C_/Program_Files/Raspberry_Pi/Pico_SDK_v1.5.1/pico-sdk/src/rp2_common/hardware_timer/timer.c.obj
 .bss.uart_char_to_line_feed
                0x20000724        0x4 CMakeFiles/Lab5.dir/C_/Program_Files/Raspberry_Pi/Pico_SDK_v1.5.1/pico-sdk/src/rp2_common/hardware_uart/uart.c.obj
                0x20000724                uart_char_to_line_feed
 .bss.uart_instance
                0x20000728        0x4 CMakeFiles/Lab5.dir/C_/Program_Files/Raspberry_Pi/Pico_SDK_v1.5.1/pico-sdk/src/rp2_common/pico_stdio_uart/stdio_uart.c.obj
 .bss._height   0x2000072c        0x2 CMakeFiles/Lab5.dir/TFTMaster.c.obj
                0x2000072c                _height
 .bss._width    0x2000072e        0x2 CMakeFiles/Lab5.dir/TFTMaster.c.obj
                0x2000072e                _width
 .bss.cursor_x  0x20000730        0x2 CMakeFiles/Lab5.dir/TFTMaster.c.obj
                0x20000730                cursor_x
 .bss.cursor_y  0x20000732        0x2 CMakeFiles/Lab5.dir/TFTMaster.c.obj
                0x20000732                cursor_y
 .bss.px        0x20000734        0x2 CMakeFiles/Lab5.dir/debouncer.c.obj
                0x20000734                px
 .bss.py        0x20000736        0x2 CMakeFiles/Lab5.dir/debouncer.c.obj
                0x20000736                py
 .bss.textbgcolor
                0x20000738        0x2 CMakeFiles/Lab5.dir/TFTMaster.c.obj
                0x20000738                textbgcolor
 .bss.textcolor
                0x2000073a        0x2 CMakeFiles/Lab5.dir/TFTMaster.c.obj
                0x2000073a                textcolor
 .bss.textsize  0x2000073c        0x2 CMakeFiles/Lab5.dir/TFTMaster.c.obj
                0x2000073c                textsize
 .bss.wrap      0x2000073e        0x2 CMakeFiles/Lab5.dir/TFTMaster.c.obj
                0x2000073e                wrap
 .bss.DB_State.0
                0x20000740        0x1 CMakeFiles/Lab5.dir/debouncer.c.obj
 .bss.FSM_STATE.1
                0x20000741        0x1 CMakeFiles/Lab5.dir/fsm.c.obj
 .bss.claimed   0x20000742        0x1 CMakeFiles/Lab5.dir/C_/Program_Files/Raspberry_Pi/Pico_SDK_v1.5.1/pico-sdk/src/rp2_common/hardware_timer/timer.c.obj
 .bss.irq_hander_chain_free_slot_head
                0x20000743        0x1 CMakeFiles/Lab5.dir/C_/Program_Files/Raspberry_Pi/Pico_SDK_v1.5.1/pico-sdk/src/rp2_common/hardware_irq/irq.c.obj
 .bss.scr_pressed
                0x20000744        0x1 CMakeFiles/Lab5.dir/debouncer.c.obj
 .bss.screenPressed
                0x20000745        0x1 CMakeFiles/Lab5.dir/fsm.c.obj
 .bss.timer_callbacks_pending
                0x20000746        0x1 CMakeFiles/Lab5.dir/C_/Program_Files/Raspberry_Pi/Pico_SDK_v1.5.1/pico-sdk/src/rp2_common/hardware_timer/timer.c.obj
 *(COMMON)
                0x20000748                . = ALIGN (0x4)
 *fill*         0x20000747        0x1 
                0x20000748                __bss_end__ = .

.heap           0x20000748      0x800
                0x20000748                __end__ = .
                0x20000748                end = __end__
 *(.heap*)
 .heap          0x20000748      0x800 CMakeFiles/Lab5.dir/C_/Program_Files/Raspberry_Pi/Pico_SDK_v1.5.1/pico-sdk/src/rp2_common/pico_standard_link/crt0.S.obj
                0x20000f48                __HeapLimit = .

.stack1_dummy   0x20040000        0x0
 *(.stack1*)

.stack_dummy    0x20041000      0x800
 *(.stack*)
 .stack         0x20041000      0x800 CMakeFiles/Lab5.dir/C_/Program_Files/Raspberry_Pi/Pico_SDK_v1.5.1/pico-sdk/src/rp2_common/pico_standard_link/crt0.S.obj

.flash_end      0x100094fc        0x0
                0x100094fc                PROVIDE (__flash_binary_end = .)
                0x20040000                __StackLimit = (ORIGIN (RAM) + LENGTH (RAM))
                0x20041000                __StackOneTop = (ORIGIN (SCRATCH_X) + LENGTH (SCRATCH_X))
                0x20042000                __StackTop = (ORIGIN (SCRATCH_Y) + LENGTH (SCRATCH_Y))
                0x20041000                __StackOneBottom = (__StackOneTop - SIZEOF (.stack1_dummy))
                0x20041800                __StackBottom = (__StackTop - SIZEOF (.stack_dummy))
                0x20042000                PROVIDE (__stack = __StackTop)
                0x00000001                ASSERT ((__StackLimit >= __HeapLimit), region RAM overflowed)
                0x00000001                ASSERT (((__binary_info_header_end - __logical_binary_start) <= 0x100), Binary info must be in first 256 bytes of the binary)
LOAD CMakeFiles/Lab5.dir/TouchScreen.c.obj
LOAD CMakeFiles/Lab5.dir/TFTMaster.c.obj
LOAD CMakeFiles/Lab5.dir/glcdfont.c.obj
LOAD CMakeFiles/Lab5.dir/calculator.c.obj
LOAD CMakeFiles/Lab5.dir/fsm.c.obj
LOAD CMakeFiles/Lab5.dir/ts_lcd.c.obj
LOAD CMakeFiles/Lab5.dir/main.c.obj
LOAD CMakeFiles/Lab5.dir/read_input.c.obj
LOAD CMakeFiles/Lab5.dir/getButtonPressed.c.obj
LOAD CMakeFiles/Lab5.dir/debouncer.c.obj
LOAD CMakeFiles/Lab5.dir/timer.c.obj
LOAD CMakeFiles/Lab5.dir/arrayClear.c.obj
LOAD CMakeFiles/Lab5.dir/C_/Program_Files/Raspberry_Pi/Pico_SDK_v1.5.1/pico-sdk/src/rp2_common/pico_stdlib/stdlib.c.obj
LOAD CMakeFiles/Lab5.dir/C_/Program_Files/Raspberry_Pi/Pico_SDK_v1.5.1/pico-sdk/src/rp2_common/hardware_gpio/gpio.c.obj
LOAD CMakeFiles/Lab5.dir/C_/Program_Files/Raspberry_Pi/Pico_SDK_v1.5.1/pico-sdk/src/rp2_common/pico_platform/platform.c.obj
LOAD CMakeFiles/Lab5.dir/C_/Program_Files/Raspberry_Pi/Pico_SDK_v1.5.1/pico-sdk/src/rp2_common/hardware_claim/claim.c.obj
LOAD CMakeFiles/Lab5.dir/C_/Program_Files/Raspberry_Pi/Pico_SDK_v1.5.1/pico-sdk/src/rp2_common/hardware_sync/sync.c.obj
LOAD CMakeFiles/Lab5.dir/C_/Program_Files/Raspberry_Pi/Pico_SDK_v1.5.1/pico-sdk/src/rp2_common/hardware_irq/irq.c.obj
LOAD CMakeFiles/Lab5.dir/C_/Program_Files/Raspberry_Pi/Pico_SDK_v1.5.1/pico-sdk/src/rp2_common/hardware_irq/irq_handler_chain.S.obj
LOAD CMakeFiles/Lab5.dir/C_/Program_Files/Raspberry_Pi/Pico_SDK_v1.5.1/pico-sdk/src/common/pico_sync/sem.c.obj
LOAD CMakeFiles/Lab5.dir/C_/Program_Files/Raspberry_Pi/Pico_SDK_v1.5.1/pico-sdk/src/common/pico_sync/lock_core.c.obj
LOAD CMakeFiles/Lab5.dir/C_/Program_Files/Raspberry_Pi/Pico_SDK_v1.5.1/pico-sdk/src/common/pico_sync/mutex.c.obj
LOAD CMakeFiles/Lab5.dir/C_/Program_Files/Raspberry_Pi/Pico_SDK_v1.5.1/pico-sdk/src/common/pico_sync/critical_section.c.obj
LOAD CMakeFiles/Lab5.dir/C_/Program_Files/Raspberry_Pi/Pico_SDK_v1.5.1/pico-sdk/src/common/pico_time/time.c.obj
LOAD CMakeFiles/Lab5.dir/C_/Program_Files/Raspberry_Pi/Pico_SDK_v1.5.1/pico-sdk/src/common/pico_time/timeout_helper.c.obj
LOAD CMakeFiles/Lab5.dir/C_/Program_Files/Raspberry_Pi/Pico_SDK_v1.5.1/pico-sdk/src/rp2_common/hardware_timer/timer.c.obj
LOAD CMakeFiles/Lab5.dir/C_/Program_Files/Raspberry_Pi/Pico_SDK_v1.5.1/pico-sdk/src/common/pico_util/datetime.c.obj
LOAD CMakeFiles/Lab5.dir/C_/Program_Files/Raspberry_Pi/Pico_SDK_v1.5.1/pico-sdk/src/common/pico_util/pheap.c.obj
LOAD CMakeFiles/Lab5.dir/C_/Program_Files/Raspberry_Pi/Pico_SDK_v1.5.1/pico-sdk/src/common/pico_util/queue.c.obj
LOAD CMakeFiles/Lab5.dir/C_/Program_Files/Raspberry_Pi/Pico_SDK_v1.5.1/pico-sdk/src/rp2_common/hardware_uart/uart.c.obj
LOAD CMakeFiles/Lab5.dir/C_/Program_Files/Raspberry_Pi/Pico_SDK_v1.5.1/pico-sdk/src/rp2_common/hardware_clocks/clocks.c.obj
LOAD CMakeFiles/Lab5.dir/C_/Program_Files/Raspberry_Pi/Pico_SDK_v1.5.1/pico-sdk/src/rp2_common/hardware_pll/pll.c.obj
LOAD CMakeFiles/Lab5.dir/C_/Program_Files/Raspberry_Pi/Pico_SDK_v1.5.1/pico-sdk/src/rp2_common/hardware_vreg/vreg.c.obj
LOAD CMakeFiles/Lab5.dir/C_/Program_Files/Raspberry_Pi/Pico_SDK_v1.5.1/pico-sdk/src/rp2_common/hardware_watchdog/watchdog.c.obj
LOAD CMakeFiles/Lab5.dir/C_/Program_Files/Raspberry_Pi/Pico_SDK_v1.5.1/pico-sdk/src/rp2_common/hardware_xosc/xosc.c.obj
LOAD CMakeFiles/Lab5.dir/C_/Program_Files/Raspberry_Pi/Pico_SDK_v1.5.1/pico-sdk/src/rp2_common/hardware_divider/divider.S.obj
LOAD CMakeFiles/Lab5.dir/C_/Program_Files/Raspberry_Pi/Pico_SDK_v1.5.1/pico-sdk/src/rp2_common/pico_runtime/runtime.c.obj
LOAD CMakeFiles/Lab5.dir/C_/Program_Files/Raspberry_Pi/Pico_SDK_v1.5.1/pico-sdk/src/rp2_common/pico_printf/printf.c.obj
LOAD CMakeFiles/Lab5.dir/C_/Program_Files/Raspberry_Pi/Pico_SDK_v1.5.1/pico-sdk/src/rp2_common/pico_bit_ops/bit_ops_aeabi.S.obj
LOAD CMakeFiles/Lab5.dir/C_/Program_Files/Raspberry_Pi/Pico_SDK_v1.5.1/pico-sdk/src/rp2_common/pico_bootrom/bootrom.c.obj
LOAD CMakeFiles/Lab5.dir/C_/Program_Files/Raspberry_Pi/Pico_SDK_v1.5.1/pico-sdk/src/rp2_common/pico_divider/divider.S.obj
LOAD CMakeFiles/Lab5.dir/C_/Program_Files/Raspberry_Pi/Pico_SDK_v1.5.1/pico-sdk/src/rp2_common/pico_double/double_aeabi.S.obj
LOAD CMakeFiles/Lab5.dir/C_/Program_Files/Raspberry_Pi/Pico_SDK_v1.5.1/pico-sdk/src/rp2_common/pico_double/double_init_rom.c.obj
LOAD CMakeFiles/Lab5.dir/C_/Program_Files/Raspberry_Pi/Pico_SDK_v1.5.1/pico-sdk/src/rp2_common/pico_double/double_math.c.obj
LOAD CMakeFiles/Lab5.dir/C_/Program_Files/Raspberry_Pi/Pico_SDK_v1.5.1/pico-sdk/src/rp2_common/pico_double/double_v1_rom_shim.S.obj
LOAD CMakeFiles/Lab5.dir/C_/Program_Files/Raspberry_Pi/Pico_SDK_v1.5.1/pico-sdk/src/rp2_common/pico_int64_ops/pico_int64_ops_aeabi.S.obj
LOAD CMakeFiles/Lab5.dir/C_/Program_Files/Raspberry_Pi/Pico_SDK_v1.5.1/pico-sdk/src/rp2_common/pico_float/float_aeabi.S.obj
LOAD CMakeFiles/Lab5.dir/C_/Program_Files/Raspberry_Pi/Pico_SDK_v1.5.1/pico-sdk/src/rp2_common/pico_float/float_init_rom.c.obj
LOAD CMakeFiles/Lab5.dir/C_/Program_Files/Raspberry_Pi/Pico_SDK_v1.5.1/pico-sdk/src/rp2_common/pico_float/float_math.c.obj
LOAD CMakeFiles/Lab5.dir/C_/Program_Files/Raspberry_Pi/Pico_SDK_v1.5.1/pico-sdk/src/rp2_common/pico_float/float_v1_rom_shim.S.obj
LOAD CMakeFiles/Lab5.dir/C_/Program_Files/Raspberry_Pi/Pico_SDK_v1.5.1/pico-sdk/src/rp2_common/pico_malloc/pico_malloc.c.obj
LOAD CMakeFiles/Lab5.dir/C_/Program_Files/Raspberry_Pi/Pico_SDK_v1.5.1/pico-sdk/src/rp2_common/pico_mem_ops/mem_ops_aeabi.S.obj
LOAD CMakeFiles/Lab5.dir/C_/Program_Files/Raspberry_Pi/Pico_SDK_v1.5.1/pico-sdk/src/rp2_common/pico_standard_link/crt0.S.obj
LOAD CMakeFiles/Lab5.dir/C_/Program_Files/Raspberry_Pi/Pico_SDK_v1.5.1/pico-sdk/src/rp2_common/pico_standard_link/new_delete.cpp.obj
LOAD CMakeFiles/Lab5.dir/C_/Program_Files/Raspberry_Pi/Pico_SDK_v1.5.1/pico-sdk/src/rp2_common/pico_standard_link/binary_info.c.obj
LOAD CMakeFiles/Lab5.dir/C_/Program_Files/Raspberry_Pi/Pico_SDK_v1.5.1/pico-sdk/src/rp2_common/pico_stdio/stdio.c.obj
LOAD CMakeFiles/Lab5.dir/C_/Program_Files/Raspberry_Pi/Pico_SDK_v1.5.1/pico-sdk/src/rp2_common/pico_stdio_uart/stdio_uart.c.obj
LOAD CMakeFiles/Lab5.dir/C_/Program_Files/Raspberry_Pi/Pico_SDK_v1.5.1/pico-sdk/src/rp2_common/hardware_adc/adc.c.obj
LOAD CMakeFiles/Lab5.dir/C_/Program_Files/Raspberry_Pi/Pico_SDK_v1.5.1/pico-sdk/src/rp2_common/hardware_pio/pio.c.obj
LOAD CMakeFiles/Lab5.dir/C_/Program_Files/Raspberry_Pi/Pico_SDK_v1.5.1/pico-sdk/src/rp2_common/pico_bootsel_via_double_reset/pico_bootsel_via_double_reset.c.obj
LOAD C:\Users\kaushikp\AppData\Local\Temp\ccAohPIP.o
LOAD c:/progra~1/raspbe~1/picosd~1.1/gcc-ar~1/bin/../lib/gcc/arm-none-eabi/10.3.1/../../../../arm-none-eabi/lib/thumb/v6-m/nofp\libstdc++.a
LOAD c:/progra~1/raspbe~1/picosd~1.1/gcc-ar~1/bin/../lib/gcc/arm-none-eabi/10.3.1/../../../../arm-none-eabi/lib/thumb/v6-m/nofp\libm.a
START GROUP
LOAD c:/progra~1/raspbe~1/picosd~1.1/gcc-ar~1/bin/../lib/gcc/arm-none-eabi/10.3.1/thumb/v6-m/nofp\libgcc.a
LOAD c:/progra~1/raspbe~1/picosd~1.1/gcc-ar~1/bin/../lib/gcc/arm-none-eabi/10.3.1/../../../../arm-none-eabi/lib/thumb/v6-m/nofp\libc.a
END GROUP
START GROUP
LOAD c:/progra~1/raspbe~1/picosd~1.1/gcc-ar~1/bin/../lib/gcc/arm-none-eabi/10.3.1/thumb/v6-m/nofp\libgcc.a
LOAD c:/progra~1/raspbe~1/picosd~1.1/gcc-ar~1/bin/../lib/gcc/arm-none-eabi/10.3.1/../../../../arm-none-eabi/lib/thumb/v6-m/nofp\libc.a
LOAD c:/progra~1/raspbe~1/picosd~1.1/gcc-ar~1/bin/../lib/gcc/arm-none-eabi/10.3.1/../../../../arm-none-eabi/lib/thumb/v6-m/nofp\libnosys.a
END GROUP
LOAD c:/progra~1/raspbe~1/picosd~1.1/gcc-ar~1/bin/../lib/gcc/arm-none-eabi/10.3.1/thumb/v6-m/nofp/crtend.o
LOAD c:/progra~1/raspbe~1/picosd~1.1/gcc-ar~1/bin/../lib/gcc/arm-none-eabi/10.3.1/thumb/v6-m/nofp/crtn.o
OUTPUT(Lab5.elf elf32-littlearm)
LOAD linker stubs

.ARM.attributes
                0x00000000       0x28
 .ARM.attributes
                0x00000000       0x1e c:/progra~1/raspbe~1/picosd~1.1/gcc-ar~1/bin/../lib/gcc/arm-none-eabi/10.3.1/thumb/v6-m/nofp/crti.o
 .ARM.attributes
                0x0000001e       0x2c c:/progra~1/raspbe~1/picosd~1.1/gcc-ar~1/bin/../lib/gcc/arm-none-eabi/10.3.1/thumb/v6-m/nofp/crtbegin.o
 .ARM.attributes
                0x0000004a       0x2c CMakeFiles/Lab5.dir/TouchScreen.c.obj
 .ARM.attributes
                0x00000076       0x2c CMakeFiles/Lab5.dir/TFTMaster.c.obj
 .ARM.attributes
                0x000000a2       0x2c CMakeFiles/Lab5.dir/calculator.c.obj
 .ARM.attributes
                0x000000ce       0x2c CMakeFiles/Lab5.dir/fsm.c.obj
 .ARM.attributes
                0x000000fa       0x2c CMakeFiles/Lab5.dir/ts_lcd.c.obj
 .ARM.attributes
                0x00000126       0x2c CMakeFiles/Lab5.dir/main.c.obj
 .ARM.attributes
                0x00000152       0x2c CMakeFiles/Lab5.dir/read_input.c.obj
 .ARM.attributes
                0x0000017e       0x2c CMakeFiles/Lab5.dir/debouncer.c.obj
 .ARM.attributes
                0x000001aa       0x2c CMakeFiles/Lab5.dir/timer.c.obj
 .ARM.attributes
                0x000001d6       0x2c CMakeFiles/Lab5.dir/arrayClear.c.obj
 .ARM.attributes
                0x00000202       0x2c CMakeFiles/Lab5.dir/C_/Program_Files/Raspberry_Pi/Pico_SDK_v1.5.1/pico-sdk/src/rp2_common/hardware_gpio/gpio.c.obj
 .ARM.attributes
                0x0000022e       0x2c CMakeFiles/Lab5.dir/C_/Program_Files/Raspberry_Pi/Pico_SDK_v1.5.1/pico-sdk/src/rp2_common/pico_platform/platform.c.obj
 .ARM.attributes
                0x0000025a       0x2c CMakeFiles/Lab5.dir/C_/Program_Files/Raspberry_Pi/Pico_SDK_v1.5.1/pico-sdk/src/rp2_common/hardware_claim/claim.c.obj
 .ARM.attributes
                0x00000286       0x2c CMakeFiles/Lab5.dir/C_/Program_Files/Raspberry_Pi/Pico_SDK_v1.5.1/pico-sdk/src/rp2_common/hardware_sync/sync.c.obj
 .ARM.attributes
                0x000002b2       0x2c CMakeFiles/Lab5.dir/C_/Program_Files/Raspberry_Pi/Pico_SDK_v1.5.1/pico-sdk/src/rp2_common/hardware_irq/irq.c.obj
 .ARM.attributes
                0x000002de       0x22 CMakeFiles/Lab5.dir/C_/Program_Files/Raspberry_Pi/Pico_SDK_v1.5.1/pico-sdk/src/rp2_common/hardware_irq/irq_handler_chain.S.obj
 .ARM.attributes
                0x00000300       0x2c CMakeFiles/Lab5.dir/C_/Program_Files/Raspberry_Pi/Pico_SDK_v1.5.1/pico-sdk/src/common/pico_sync/lock_core.c.obj
 .ARM.attributes
                0x0000032c       0x2c CMakeFiles/Lab5.dir/C_/Program_Files/Raspberry_Pi/Pico_SDK_v1.5.1/pico-sdk/src/common/pico_sync/mutex.c.obj
 .ARM.attributes
                0x00000358       0x2c CMakeFiles/Lab5.dir/C_/Program_Files/Raspberry_Pi/Pico_SDK_v1.5.1/pico-sdk/src/common/pico_time/time.c.obj
 .ARM.attributes
                0x00000384       0x2c CMakeFiles/Lab5.dir/C_/Program_Files/Raspberry_Pi/Pico_SDK_v1.5.1/pico-sdk/src/rp2_common/hardware_timer/timer.c.obj
 .ARM.attributes
                0x000003b0       0x2c CMakeFiles/Lab5.dir/C_/Program_Files/Raspberry_Pi/Pico_SDK_v1.5.1/pico-sdk/src/common/pico_util/pheap.c.obj
 .ARM.attributes
                0x000003dc       0x2c CMakeFiles/Lab5.dir/C_/Program_Files/Raspberry_Pi/Pico_SDK_v1.5.1/pico-sdk/src/rp2_common/hardware_uart/uart.c.obj
 .ARM.attributes
                0x00000408       0x2c CMakeFiles/Lab5.dir/C_/Program_Files/Raspberry_Pi/Pico_SDK_v1.5.1/pico-sdk/src/rp2_common/hardware_clocks/clocks.c.obj
 .ARM.attributes
                0x00000434       0x2c CMakeFiles/Lab5.dir/C_/Program_Files/Raspberry_Pi/Pico_SDK_v1.5.1/pico-sdk/src/rp2_common/hardware_pll/pll.c.obj
 .ARM.attributes
                0x00000460       0x2c CMakeFiles/Lab5.dir/C_/Program_Files/Raspberry_Pi/Pico_SDK_v1.5.1/pico-sdk/src/rp2_common/hardware_watchdog/watchdog.c.obj
 .ARM.attributes
                0x0000048c       0x2c CMakeFiles/Lab5.dir/C_/Program_Files/Raspberry_Pi/Pico_SDK_v1.5.1/pico-sdk/src/rp2_common/hardware_xosc/xosc.c.obj
 .ARM.attributes
                0x000004b8       0x2c CMakeFiles/Lab5.dir/C_/Program_Files/Raspberry_Pi/Pico_SDK_v1.5.1/pico-sdk/src/rp2_common/pico_runtime/runtime.c.obj
 .ARM.attributes
                0x000004e4       0x2c CMakeFiles/Lab5.dir/C_/Program_Files/Raspberry_Pi/Pico_SDK_v1.5.1/pico-sdk/src/rp2_common/pico_printf/printf.c.obj
 .ARM.attributes
                0x00000510       0x22 CMakeFiles/Lab5.dir/C_/Program_Files/Raspberry_Pi/Pico_SDK_v1.5.1/pico-sdk/src/rp2_common/pico_bit_ops/bit_ops_aeabi.S.obj
 .ARM.attributes
                0x00000532       0x2c CMakeFiles/Lab5.dir/C_/Program_Files/Raspberry_Pi/Pico_SDK_v1.5.1/pico-sdk/src/rp2_common/pico_bootrom/bootrom.c.obj
 .ARM.attributes
                0x0000055e       0x22 CMakeFiles/Lab5.dir/C_/Program_Files/Raspberry_Pi/Pico_SDK_v1.5.1/pico-sdk/src/rp2_common/pico_divider/divider.S.obj
 .ARM.attributes
                0x00000580       0x22 CMakeFiles/Lab5.dir/C_/Program_Files/Raspberry_Pi/Pico_SDK_v1.5.1/pico-sdk/src/rp2_common/pico_double/double_aeabi.S.obj
 .ARM.attributes
                0x000005a2       0x2c CMakeFiles/Lab5.dir/C_/Program_Files/Raspberry_Pi/Pico_SDK_v1.5.1/pico-sdk/src/rp2_common/pico_double/double_init_rom.c.obj
 .ARM.attributes
                0x000005ce       0x22 CMakeFiles/Lab5.dir/C_/Program_Files/Raspberry_Pi/Pico_SDK_v1.5.1/pico-sdk/src/rp2_common/pico_double/double_v1_rom_shim.S.obj
 .ARM.attributes
                0x000005f0       0x22 CMakeFiles/Lab5.dir/C_/Program_Files/Raspberry_Pi/Pico_SDK_v1.5.1/pico-sdk/src/rp2_common/pico_int64_ops/pico_int64_ops_aeabi.S.obj
 .ARM.attributes
                0x00000612       0x22 CMakeFiles/Lab5.dir/C_/Program_Files/Raspberry_Pi/Pico_SDK_v1.5.1/pico-sdk/src/rp2_common/pico_float/float_aeabi.S.obj
 .ARM.attributes
                0x00000634       0x2c CMakeFiles/Lab5.dir/C_/Program_Files/Raspberry_Pi/Pico_SDK_v1.5.1/pico-sdk/src/rp2_common/pico_float/float_init_rom.c.obj
 .ARM.attributes
                0x00000660       0x22 CMakeFiles/Lab5.dir/C_/Program_Files/Raspberry_Pi/Pico_SDK_v1.5.1/pico-sdk/src/rp2_common/pico_float/float_v1_rom_shim.S.obj
 .ARM.attributes
                0x00000682       0x22 CMakeFiles/Lab5.dir/C_/Program_Files/Raspberry_Pi/Pico_SDK_v1.5.1/pico-sdk/src/rp2_common/pico_mem_ops/mem_ops_aeabi.S.obj
 .ARM.attributes
                0x000006a4       0x22 CMakeFiles/Lab5.dir/C_/Program_Files/Raspberry_Pi/Pico_SDK_v1.5.1/pico-sdk/src/rp2_common/pico_standard_link/crt0.S.obj
 .ARM.attributes
                0x000006c6       0x2c CMakeFiles/Lab5.dir/C_/Program_Files/Raspberry_Pi/Pico_SDK_v1.5.1/pico-sdk/src/rp2_common/pico_standard_link/binary_info.c.obj
 .ARM.attributes
                0x000006f2       0x2c CMakeFiles/Lab5.dir/C_/Program_Files/Raspberry_Pi/Pico_SDK_v1.5.1/pico-sdk/src/rp2_common/pico_stdio/stdio.c.obj
 .ARM.attributes
                0x0000071e       0x2c CMakeFiles/Lab5.dir/C_/Program_Files/Raspberry_Pi/Pico_SDK_v1.5.1/pico-sdk/src/rp2_common/pico_stdio_uart/stdio_uart.c.obj
 .ARM.attributes
                0x0000074a       0x2c CMakeFiles/Lab5.dir/C_/Program_Files/Raspberry_Pi/Pico_SDK_v1.5.1/pico-sdk/src/rp2_common/hardware_adc/adc.c.obj
 .ARM.attributes
                0x00000776       0x2c CMakeFiles/Lab5.dir/C_/Program_Files/Raspberry_Pi/Pico_SDK_v1.5.1/pico-sdk/src/rp2_common/hardware_pio/pio.c.obj
 .ARM.attributes
                0x000007a2       0x2c CMakeFiles/Lab5.dir/C_/Program_Files/Raspberry_Pi/Pico_SDK_v1.5.1/pico-sdk/src/rp2_common/pico_bootsel_via_double_reset/pico_bootsel_via_double_reset.c.obj
 .ARM.attributes
                0x000007ce       0x22 C:\Users\kaushikp\AppData\Local\Temp\ccAohPIP.o
 .ARM.attributes
                0x000007f0       0x1e c:/progra~1/raspbe~1/picosd~1.1/gcc-ar~1/bin/../lib/gcc/arm-none-eabi/10.3.1/thumb/v6-m/nofp\libgcc.a(_dvmd_tls.o)
 .ARM.attributes
                0x0000080e       0x2c c:/progra~1/raspbe~1/picosd~1.1/gcc-ar~1/bin/../lib/gcc/arm-none-eabi/10.3.1/../../../../arm-none-eabi/lib/thumb/v6-m/nofp\libc.a(lib_a-strlen-stub.o)

.comment        0x00000000       0x49
 .comment       0x00000000       0x49 CMakeFiles/Lab5.dir/TouchScreen.c.obj
                                 0x4a (size before relaxing)
 .comment       0x00000049       0x4a CMakeFiles/Lab5.dir/TFTMaster.c.obj
 .comment       0x00000049       0x4a CMakeFiles/Lab5.dir/calculator.c.obj
 .comment       0x00000049       0x4a CMakeFiles/Lab5.dir/fsm.c.obj
 .comment       0x00000049       0x4a CMakeFiles/Lab5.dir/ts_lcd.c.obj
 .comment       0x00000049       0x4a CMakeFiles/Lab5.dir/main.c.obj
 .comment       0x00000049       0x4a CMakeFiles/Lab5.dir/read_input.c.obj
 .comment       0x00000049       0x4a CMakeFiles/Lab5.dir/debouncer.c.obj
 .comment       0x00000049       0x4a CMakeFiles/Lab5.dir/timer.c.obj
 .comment       0x00000049       0x4a CMakeFiles/Lab5.dir/arrayClear.c.obj
 .comment       0x00000049       0x4a CMakeFiles/Lab5.dir/C_/Program_Files/Raspberry_Pi/Pico_SDK_v1.5.1/pico-sdk/src/rp2_common/hardware_gpio/gpio.c.obj
 .comment       0x00000049       0x4a CMakeFiles/Lab5.dir/C_/Program_Files/Raspberry_Pi/Pico_SDK_v1.5.1/pico-sdk/src/rp2_common/pico_platform/platform.c.obj
 .comment       0x00000049       0x4a CMakeFiles/Lab5.dir/C_/Program_Files/Raspberry_Pi/Pico_SDK_v1.5.1/pico-sdk/src/rp2_common/hardware_claim/claim.c.obj
 .comment       0x00000049       0x4a CMakeFiles/Lab5.dir/C_/Program_Files/Raspberry_Pi/Pico_SDK_v1.5.1/pico-sdk/src/rp2_common/hardware_sync/sync.c.obj
 .comment       0x00000049       0x4a CMakeFiles/Lab5.dir/C_/Program_Files/Raspberry_Pi/Pico_SDK_v1.5.1/pico-sdk/src/rp2_common/hardware_irq/irq.c.obj
 .comment       0x00000049       0x4a CMakeFiles/Lab5.dir/C_/Program_Files/Raspberry_Pi/Pico_SDK_v1.5.1/pico-sdk/src/common/pico_sync/lock_core.c.obj
 .comment       0x00000049       0x4a CMakeFiles/Lab5.dir/C_/Program_Files/Raspberry_Pi/Pico_SDK_v1.5.1/pico-sdk/src/common/pico_sync/mutex.c.obj
 .comment       0x00000049       0x4a CMakeFiles/Lab5.dir/C_/Program_Files/Raspberry_Pi/Pico_SDK_v1.5.1/pico-sdk/src/common/pico_time/time.c.obj
 .comment       0x00000049       0x4a CMakeFiles/Lab5.dir/C_/Program_Files/Raspberry_Pi/Pico_SDK_v1.5.1/pico-sdk/src/rp2_common/hardware_timer/timer.c.obj
 .comment       0x00000049       0x4a CMakeFiles/Lab5.dir/C_/Program_Files/Raspberry_Pi/Pico_SDK_v1.5.1/pico-sdk/src/common/pico_util/pheap.c.obj
 .comment       0x00000049       0x4a CMakeFiles/Lab5.dir/C_/Program_Files/Raspberry_Pi/Pico_SDK_v1.5.1/pico-sdk/src/rp2_common/hardware_uart/uart.c.obj
 .comment       0x00000049       0x4a CMakeFiles/Lab5.dir/C_/Program_Files/Raspberry_Pi/Pico_SDK_v1.5.1/pico-sdk/src/rp2_common/hardware_clocks/clocks.c.obj
 .comment       0x00000049       0x4a CMakeFiles/Lab5.dir/C_/Program_Files/Raspberry_Pi/Pico_SDK_v1.5.1/pico-sdk/src/rp2_common/hardware_pll/pll.c.obj
 .comment       0x00000049       0x4a CMakeFiles/Lab5.dir/C_/Program_Files/Raspberry_Pi/Pico_SDK_v1.5.1/pico-sdk/src/rp2_common/hardware_watchdog/watchdog.c.obj
 .comment       0x00000049       0x4a CMakeFiles/Lab5.dir/C_/Program_Files/Raspberry_Pi/Pico_SDK_v1.5.1/pico-sdk/src/rp2_common/hardware_xosc/xosc.c.obj
 .comment       0x00000049       0x4a CMakeFiles/Lab5.dir/C_/Program_Files/Raspberry_Pi/Pico_SDK_v1.5.1/pico-sdk/src/rp2_common/pico_runtime/runtime.c.obj
 .comment       0x00000049       0x4a CMakeFiles/Lab5.dir/C_/Program_Files/Raspberry_Pi/Pico_SDK_v1.5.1/pico-sdk/src/rp2_common/pico_printf/printf.c.obj
 .comment       0x00000049       0x4a CMakeFiles/Lab5.dir/C_/Program_Files/Raspberry_Pi/Pico_SDK_v1.5.1/pico-sdk/src/rp2_common/pico_bootrom/bootrom.c.obj
 .comment       0x00000049       0x4a CMakeFiles/Lab5.dir/C_/Program_Files/Raspberry_Pi/Pico_SDK_v1.5.1/pico-sdk/src/rp2_common/pico_double/double_init_rom.c.obj
 .comment       0x00000049       0x4a CMakeFiles/Lab5.dir/C_/Program_Files/Raspberry_Pi/Pico_SDK_v1.5.1/pico-sdk/src/rp2_common/pico_float/float_init_rom.c.obj
 .comment       0x00000049       0x4a CMakeFiles/Lab5.dir/C_/Program_Files/Raspberry_Pi/Pico_SDK_v1.5.1/pico-sdk/src/rp2_common/pico_standard_link/binary_info.c.obj
 .comment       0x00000049       0x4a CMakeFiles/Lab5.dir/C_/Program_Files/Raspberry_Pi/Pico_SDK_v1.5.1/pico-sdk/src/rp2_common/pico_stdio/stdio.c.obj
 .comment       0x00000049       0x4a CMakeFiles/Lab5.dir/C_/Program_Files/Raspberry_Pi/Pico_SDK_v1.5.1/pico-sdk/src/rp2_common/pico_stdio_uart/stdio_uart.c.obj
 .comment       0x00000049       0x4a CMakeFiles/Lab5.dir/C_/Program_Files/Raspberry_Pi/Pico_SDK_v1.5.1/pico-sdk/src/rp2_common/hardware_adc/adc.c.obj
 .comment       0x00000049       0x4a CMakeFiles/Lab5.dir/C_/Program_Files/Raspberry_Pi/Pico_SDK_v1.5.1/pico-sdk/src/rp2_common/hardware_pio/pio.c.obj
 .comment       0x00000049       0x4a CMakeFiles/Lab5.dir/C_/Program_Files/Raspberry_Pi/Pico_SDK_v1.5.1/pico-sdk/src/rp2_common/pico_bootsel_via_double_reset/pico_bootsel_via_double_reset.c.obj

.debug_frame    0x00000000       0x28
 .debug_frame   0x00000000       0x28 c:/progra~1/raspbe~1/picosd~1.1/gcc-ar~1/bin/../lib/gcc/arm-none-eabi/10.3.1/../../../../arm-none-eabi/lib/thumb/v6-m/nofp\libc.a(lib_a-strlen-stub.o)
