Archive member included to satisfy reference by file (symbol)

c:/progra~1/raspbe~1/picosd~1.1/gcc-ar~1/bin/../lib/gcc/arm-none-eabi/10.3.1/thumb/v6-m/nofp\libgcc.a(_dvmd_tls.o)
                              CMakeFiles/Lab5.dir/C_/Program_Files/Raspberry_Pi/Pico_SDK_v1.5.1/pico-sdk/src/rp2_common/pico_divider/divider.S.obj (__aeabi_idiv0)
c:/progra~1/raspbe~1/picosd~1.1/gcc-ar~1/bin/../lib/gcc/arm-none-eabi/10.3.1/../../../../arm-none-eabi/lib/thumb/v6-m/nofp\libc.a(lib_a-calloc.o)
                              CMakeFiles/Lab5.dir/C_/Program_Files/Raspberry_Pi/Pico_SDK_v1.5.1/pico-sdk/src/rp2_common/pico_malloc/pico_malloc.c.obj (calloc)
c:/progra~1/raspbe~1/picosd~1.1/gcc-ar~1/bin/../lib/gcc/arm-none-eabi/10.3.1/../../../../arm-none-eabi/lib/thumb/v6-m/nofp\libc.a(lib_a-callocr.o)
                              c:/progra~1/raspbe~1/picosd~1.1/gcc-ar~1/bin/../lib/gcc/arm-none-eabi/10.3.1/../../../../arm-none-eabi/lib/thumb/v6-m/nofp\libc.a(lib_a-calloc.o) (_calloc_r)
c:/progra~1/raspbe~1/picosd~1.1/gcc-ar~1/bin/../lib/gcc/arm-none-eabi/10.3.1/../../../../arm-none-eabi/lib/thumb/v6-m/nofp\libc.a(lib_a-errno.o)
                              c:/progra~1/raspbe~1/picosd~1.1/gcc-ar~1/bin/../lib/gcc/arm-none-eabi/10.3.1/../../../../arm-none-eabi/lib/thumb/v6-m/nofp\libc.a(lib_a-callocr.o) (__errno)
c:/progra~1/raspbe~1/picosd~1.1/gcc-ar~1/bin/../lib/gcc/arm-none-eabi/10.3.1/../../../../arm-none-eabi/lib/thumb/v6-m/nofp\libc.a(lib_a-impure.o)
                              c:/progra~1/raspbe~1/picosd~1.1/gcc-ar~1/bin/../lib/gcc/arm-none-eabi/10.3.1/../../../../arm-none-eabi/lib/thumb/v6-m/nofp\libc.a(lib_a-calloc.o) (_impure_ptr)
c:/progra~1/raspbe~1/picosd~1.1/gcc-ar~1/bin/../lib/gcc/arm-none-eabi/10.3.1/../../../../arm-none-eabi/lib/thumb/v6-m/nofp\libc.a(lib_a-init.o)
                              c:/progra~1/raspbe~1/picosd~1.1/gcc-ar~1/bin/../lib/gcc/arm-none-eabi/10.3.1/../../../../arm-none-eabi/lib/thumb/v6-m/nofp/crt0.o (__libc_init_array)
c:/progra~1/raspbe~1/picosd~1.1/gcc-ar~1/bin/../lib/gcc/arm-none-eabi/10.3.1/../../../../arm-none-eabi/lib/thumb/v6-m/nofp\libc.a(lib_a-malloc.o)
                              CMakeFiles/Lab5.dir/C_/Program_Files/Raspberry_Pi/Pico_SDK_v1.5.1/pico-sdk/src/rp2_common/pico_malloc/pico_malloc.c.obj (malloc)
c:/progra~1/raspbe~1/picosd~1.1/gcc-ar~1/bin/../lib/gcc/arm-none-eabi/10.3.1/../../../../arm-none-eabi/lib/thumb/v6-m/nofp\libc.a(lib_a-mallocr.o)
                              c:/progra~1/raspbe~1/picosd~1.1/gcc-ar~1/bin/../lib/gcc/arm-none-eabi/10.3.1/../../../../arm-none-eabi/lib/thumb/v6-m/nofp\libc.a(lib_a-callocr.o) (_malloc_r)
c:/progra~1/raspbe~1/picosd~1.1/gcc-ar~1/bin/../lib/gcc/arm-none-eabi/10.3.1/../../../../arm-none-eabi/lib/thumb/v6-m/nofp\libc.a(lib_a-mlock.o)
                              c:/progra~1/raspbe~1/picosd~1.1/gcc-ar~1/bin/../lib/gcc/arm-none-eabi/10.3.1/../../../../arm-none-eabi/lib/thumb/v6-m/nofp\libc.a(lib_a-mallocr.o) (__malloc_lock)
c:/progra~1/raspbe~1/picosd~1.1/gcc-ar~1/bin/../lib/gcc/arm-none-eabi/10.3.1/../../../../arm-none-eabi/lib/thumb/v6-m/nofp\libc.a(lib_a-realloc.o)
                              CMakeFiles/Lab5.dir/C_/Program_Files/Raspberry_Pi/Pico_SDK_v1.5.1/pico-sdk/src/rp2_common/pico_malloc/pico_malloc.c.obj (realloc)
c:/progra~1/raspbe~1/picosd~1.1/gcc-ar~1/bin/../lib/gcc/arm-none-eabi/10.3.1/../../../../arm-none-eabi/lib/thumb/v6-m/nofp\libc.a(lib_a-reallocr.o)
                              c:/progra~1/raspbe~1/picosd~1.1/gcc-ar~1/bin/../lib/gcc/arm-none-eabi/10.3.1/../../../../arm-none-eabi/lib/thumb/v6-m/nofp\libc.a(lib_a-realloc.o) (_realloc_r)
c:/progra~1/raspbe~1/picosd~1.1/gcc-ar~1/bin/../lib/gcc/arm-none-eabi/10.3.1/../../../../arm-none-eabi/lib/thumb/v6-m/nofp\libc.a(lib_a-sbrkr.o)
                              c:/progra~1/raspbe~1/picosd~1.1/gcc-ar~1/bin/../lib/gcc/arm-none-eabi/10.3.1/../../../../arm-none-eabi/lib/thumb/v6-m/nofp\libc.a(lib_a-mallocr.o) (_sbrk_r)
c:/progra~1/raspbe~1/picosd~1.1/gcc-ar~1/bin/../lib/gcc/arm-none-eabi/10.3.1/../../../../arm-none-eabi/lib/thumb/v6-m/nofp\libc.a(lib_a-strlen-stub.o)
                              CMakeFiles/Lab5.dir/C_/Program_Files/Raspberry_Pi/Pico_SDK_v1.5.1/pico-sdk/src/rp2_common/pico_stdio/stdio.c.obj (strlen)
c:/progra~1/raspbe~1/picosd~1.1/gcc-ar~1/bin/../lib/gcc/arm-none-eabi/10.3.1/../../../../arm-none-eabi/lib/thumb/v6-m/nofp\libc.a(lib_a-freer.o)
                              c:/progra~1/raspbe~1/picosd~1.1/gcc-ar~1/bin/../lib/gcc/arm-none-eabi/10.3.1/../../../../arm-none-eabi/lib/thumb/v6-m/nofp\libc.a(lib_a-malloc.o) (_free_r)
c:/progra~1/raspbe~1/picosd~1.1/gcc-ar~1/bin/../lib/gcc/arm-none-eabi/10.3.1/../../../../arm-none-eabi/lib/thumb/v6-m/nofp\libc.a(lib_a-lock.o)
                              c:/progra~1/raspbe~1/picosd~1.1/gcc-ar~1/bin/../lib/gcc/arm-none-eabi/10.3.1/../../../../arm-none-eabi/lib/thumb/v6-m/nofp\libc.a(lib_a-mlock.o) (__retarget_lock_acquire_recursive)
[...]
Memory Configuration

Name             Origin             Length             Attributes
FLASH            0x10000000         0x00200000         xr
RAM              0x20000000         0x00040000         xrw
SCRATCH_X        0x20040000         0x00001000         xrw
SCRATCH_Y        0x20041000         0x00001000         xrw
*default*        0x00000000         0xffffffff

Linker script and memory map

LOAD c:/progra~1/raspbe~1/picosd~1.1/gcc-ar~1/bin/../lib/gcc/arm-none-eabi/10.3.1/thumb/v6-m/nofp/crti.o
LOAD c:/progra~1/raspbe~1/picosd~1.1/gcc-ar~1/bin/../lib/gcc/arm-none-eabi/10.3.1/thumb/v6-m/nofp/crtbegin.o
LOAD c:/progra~1/raspbe~1/picosd~1.1/gcc-ar~1/bin/../lib/gcc/arm-none-eabi/10.3.1/../../../../arm-none-eabi/lib/thumb/v6-m/nofp/crt0.o

.flash_begin    0x10000000        0x0
                0x10000000                __flash_binary_start = .

.boot2          0x10000000      0x100
                0x10000000                __boot2_start__ = .
 *(.boot2)
 .boot2         0x10000000      0x100 C:\Users\kaushikp\AppData\Local\Temp\ccmGdS6b.o
                0x10000100                __boot2_end__ = .
                0x00000001                ASSERT (((__boot2_end__ - __boot2_start__) == 0x100), ERROR: Pico second stage bootloader must be 256 bytes in size)

.text           0x10000100     0x8658
                0x10000100                __logical_binary_start = .
 *(.vectors)
 .vectors       0x10000100       0xd4 CMakeFiles/Lab5.dir/C_/Program_Files/Raspberry_Pi/Pico_SDK_v1.5.1/pico-sdk/src/rp2_common/pico_standard_link/crt0.S.obj
                0x10000100                __VECTOR_TABLE
                0x10000100                __vectors
                0x100001c0                isr_invalid
                0x100001c0                __default_isrs_start
                0x100001c2                isr_nmi
                0x100001c4                isr_hardfault
                0x100001c6                isr_svcall
                0x100001c8                isr_pendsv
                0x100001ca                isr_systick
                0x100001cc                isr_irq23
                0x100001cc                isr_irq18
                0x100001cc                isr_irq11
                0x100001cc                isr_irq28
                0x100001cc                isr_irq19
                0x100001cc                isr_irq0
                0x100001cc                isr_irq6
                0x100001cc                isr_irq5
                0x100001cc                isr_irq12
                0x100001cc                isr_irq22
                0x100001cc                isr_irq31
                0x100001cc                isr_irq17
                0x100001cc                isr_irq27
                0x100001cc                isr_irq30
                0x100001cc                isr_irq2
                0x100001cc                isr_irq10
                0x100001cc                isr_irq8
                0x100001cc                isr_irq24
                0x100001cc                isr_irq1
                0x100001cc                isr_irq7
                0x100001cc                isr_irq21
                0x100001cc                isr_irq20
                0x100001cc                isr_irq15
                0x100001cc                isr_irq25
                0x100001cc                isr_irq13
                0x100001cc                __unhandled_user_irq
                0x100001cc                isr_irq4
                0x100001cc                isr_irq16
                0x100001cc                isr_irq29
                0x100001cc                isr_irq26
                0x100001cc                __default_isrs_end
                0x100001cc                isr_irq3
                0x100001cc                isr_irq14
                0x100001cc                isr_irq9
                0x100001d2                unhandled_user_irq_num_in_r0
 *(.binary_info_header)
 .binary_info_header
                0x100001d4       0x14 CMakeFiles/Lab5.dir/C_/Program_Files/Raspberry_Pi/Pico_SDK_v1.5.1/pico-sdk/src/rp2_common/pico_standard_link/crt0.S.obj
                0x100001e8                __binary_info_header_end = .
 *(.reset)
 .reset         0x100001e8       0xa0 CMakeFiles/Lab5.dir/C_/Program_Files/Raspberry_Pi/Pico_SDK_v1.5.1/pico-sdk/src/rp2_common/pico_standard_link/crt0.S.obj
                0x100001e8                _entry_point
 .reset         0x10000288       0x30 CMakeFiles/Lab5.dir/C_/Program_Files/Raspberry_Pi/Pico_SDK_v1.5.1/pico-sdk/src/rp2_common/pico_standard_link/binary_info.c.obj
 *(.init)
 .init          0x100002b8        0x4 c:/progra~1/raspbe~1/picosd~1.1/gcc-ar~1/bin/../lib/gcc/arm-none-eabi/10.3.1/thumb/v6-m/nofp/crti.o
                0x100002b8                _init
 *(EXCLUDE_FILE(*libm.a: *libc.a:*lib_a-mem*.o *libgcc.a:) .text*)
 .text          0x100002bc       0x48 c:/progra~1/raspbe~1/picosd~1.1/gcc-ar~1/bin/../lib/gcc/arm-none-eabi/10.3.1/thumb/v6-m/nofp/crtbegin.o
 .text.getPoint
                0x10000304      0x2b4 CMakeFiles/Lab5.dir/TouchScreen.c.obj
                0x10000304                getPoint
 .text.pioPinHandler
                0x100005b8       0x18 CMakeFiles/Lab5.dir/TFTMaster.c.obj
                0x100005b8                pioPinHandler
 .text.tft_init_hw
                0x100005d0      0x13c CMakeFiles/Lab5.dir/TFTMaster.c.obj
                0x100005d0                tft_init_hw
 .text.tft_spiwrite16
                0x1000070c       0x50 CMakeFiles/Lab5.dir/TFTMaster.c.obj
                0x1000070c                tft_spiwrite16
 .text.tft_drawPixel.part.0
                0x1000075c      0x9b0 CMakeFiles/Lab5.dir/TFTMaster.c.obj
 .text.tft_begin
                0x1000110c     0x1338 CMakeFiles/Lab5.dir/TFTMaster.c.obj
                0x1000110c                tft_begin
 .text.tft_setAddrWindow
                0x10002444      0x14c CMakeFiles/Lab5.dir/TFTMaster.c.obj
                0x10002444                tft_setAddrWindow
 .text.tft_fillRect
                0x10002590       0xc8 CMakeFiles/Lab5.dir/TFTMaster.c.obj
                0x10002590                tft_fillRect
 .text.tft_fillScreen
                0x10002658       0x28 CMakeFiles/Lab5.dir/TFTMaster.c.obj
                0x10002658                tft_fillScreen
 .text.tft_setRotation
                0x10002680      0x128 CMakeFiles/Lab5.dir/TFTMaster.c.obj
                0x10002680                tft_setRotation
 .text.tft_drawRoundRect
                0x100027a8      0x544 CMakeFiles/Lab5.dir/TFTMaster.c.obj
                0x100027a8                tft_drawRoundRect
 .text.tft_fillRoundRect
                0x10002cec      0x3e4 CMakeFiles/Lab5.dir/TFTMaster.c.obj
                0x10002cec                tft_fillRoundRect
 .text.tft_drawChar
                0x100030d0      0x15c CMakeFiles/Lab5.dir/TFTMaster.c.obj
                0x100030d0                tft_drawChar
 .text.tft_writeString
                0x1000322c       0xd8 CMakeFiles/Lab5.dir/TFTMaster.c.obj
                0x1000322c                tft_writeString
 .text.tft_setCursor
                0x10003304       0x14 CMakeFiles/Lab5.dir/TFTMaster.c.obj
                0x10003304                tft_setCursor
 .text.tft_setTextSize
                0x10003318       0x14 CMakeFiles/Lab5.dir/TFTMaster.c.obj
                0x10003318                tft_setTextSize
 .text.tft_setTextColor
                0x1000332c       0x14 CMakeFiles/Lab5.dir/TFTMaster.c.obj
                0x1000332c                tft_setTextColor
 .text.calculator
                0x10003340      0x504 CMakeFiles/Lab5.dir/calculator.c.obj
                0x10003340                calculator
 .text.operation
                0x10003844      0x4cc CMakeFiles/Lab5.dir/fsm.c.obj
                0x10003844                operation
 .text.get_ts_lcd
                0x10003d10       0x78 CMakeFiles/Lab5.dir/ts_lcd.c.obj
                0x10003d10                get_ts_lcd
 .text.startup.main
                0x10003d88       0x18 CMakeFiles/Lab5.dir/main.c.obj
                0x10003d88                main
 .text.read_input
                0x10003da0      0x1ac CMakeFiles/Lab5.dir/read_input.c.obj
                0x10003da0                read_input
 .text.arrayClear
                0x10003f4c       0x14 CMakeFiles/Lab5.dir/arrayClear.c.obj
                0x10003f4c                arrayClear
 .text.gpio_set_function
                0x10003f60       0x30 CMakeFiles/Lab5.dir/C_/Program_Files/Raspberry_Pi/Pico_SDK_v1.5.1/pico-sdk/src/rp2_common/hardware_gpio/gpio.c.obj
                0x10003f60                gpio_set_function
 .text.gpio_set_pulls
                0x10003f90       0x30 CMakeFiles/Lab5.dir/C_/Program_Files/Raspberry_Pi/Pico_SDK_v1.5.1/pico-sdk/src/rp2_common/hardware_gpio/gpio.c.obj
                0x10003f90                gpio_set_pulls
 .text.gpio_set_outover
                0x10003fc0       0x24 CMakeFiles/Lab5.dir/C_/Program_Files/Raspberry_Pi/Pico_SDK_v1.5.1/pico-sdk/src/rp2_common/hardware_gpio/gpio.c.obj
                0x10003fc0                gpio_set_outover
 .text.gpio_set_input_enabled
                0x10003fe4       0x28 CMakeFiles/Lab5.dir/C_/Program_Files/Raspberry_Pi/Pico_SDK_v1.5.1/pico-sdk/src/rp2_common/hardware_gpio/gpio.c.obj
                0x10003fe4                gpio_set_input_enabled
 .text.gpio_init
                0x1000400c       0x3c CMakeFiles/Lab5.dir/C_/Program_Files/Raspberry_Pi/Pico_SDK_v1.5.1/pico-sdk/src/rp2_common/hardware_gpio/gpio.c.obj
                0x1000400c                gpio_init
 .text.running_on_fpga
                0x10004048       0x10 CMakeFiles/Lab5.dir/C_/Program_Files/Raspberry_Pi/Pico_SDK_v1.5.1/pico-sdk/src/rp2_common/pico_platform/platform.c.obj
                0x10004048                running_on_fpga
 .text.hw_claim_lock
                0x10004058       0x18 CMakeFiles/Lab5.dir/C_/Program_Files/Raspberry_Pi/Pico_SDK_v1.5.1/pico-sdk/src/rp2_common/hardware_claim/claim.c.obj
                0x10004058                hw_claim_lock
 .text.hw_claim_unlock
                0x10004070       0x14 CMakeFiles/Lab5.dir/C_/Program_Files/Raspberry_Pi/Pico_SDK_v1.5.1/pico-sdk/src/rp2_common/hardware_claim/claim.c.obj
                0x10004070                hw_claim_unlock
 .text.hw_claim_or_assert
                0x10004084       0x44 CMakeFiles/Lab5.dir/C_/Program_Files/Raspberry_Pi/Pico_SDK_v1.5.1/pico-sdk/src/rp2_common/hardware_claim/claim.c.obj
                0x10004084                hw_claim_or_assert
 .text.spin_locks_reset
                0x100040c8       0x1c CMakeFiles/Lab5.dir/C_/Program_Files/Raspberry_Pi/Pico_SDK_v1.5.1/pico-sdk/src/rp2_common/hardware_sync/sync.c.obj
                0x100040c8                spin_locks_reset
 .text.next_striped_spin_lock_num
                0x100040e4       0x18 CMakeFiles/Lab5.dir/C_/Program_Files/Raspberry_Pi/Pico_SDK_v1.5.1/pico-sdk/src/rp2_common/hardware_sync/sync.c.obj
                0x100040e4                next_striped_spin_lock_num
 .text.irq_set_enabled
                0x100040fc       0x24 CMakeFiles/Lab5.dir/C_/Program_Files/Raspberry_Pi/Pico_SDK_v1.5.1/pico-sdk/src/rp2_common/hardware_irq/irq.c.obj
                0x100040fc                irq_set_enabled
 .text.irq_get_vtable_handler
                0x10004120       0x10 CMakeFiles/Lab5.dir/C_/Program_Files/Raspberry_Pi/Pico_SDK_v1.5.1/pico-sdk/src/rp2_common/hardware_irq/irq.c.obj
                0x10004120                irq_get_vtable_handler
 .text.irq_set_exclusive_handler
                0x10004130       0x54 CMakeFiles/Lab5.dir/C_/Program_Files/Raspberry_Pi/Pico_SDK_v1.5.1/pico-sdk/src/rp2_common/hardware_irq/irq.c.obj
                0x10004130                irq_set_exclusive_handler
 .text.irq_remove_handler
                0x10004184      0x1b0 CMakeFiles/Lab5.dir/C_/Program_Files/Raspberry_Pi/Pico_SDK_v1.5.1/pico-sdk/src/rp2_common/hardware_irq/irq.c.obj
                0x10004184                irq_remove_handler
 .text.irq_add_tail_to_free_list
                0x10004334       0xb4 CMakeFiles/Lab5.dir/C_/Program_Files/Raspberry_Pi/Pico_SDK_v1.5.1/pico-sdk/src/rp2_common/hardware_irq/irq.c.obj
                0x10004334                irq_add_tail_to_free_list
 .text.irq_init_priorities
                0x100043e8       0x24 CMakeFiles/Lab5.dir/C_/Program_Files/Raspberry_Pi/Pico_SDK_v1.5.1/pico-sdk/src/rp2_common/hardware_irq/irq.c.obj
                0x100043e8                irq_init_priorities
 .text.lock_init
                0x1000440c       0x10 CMakeFiles/Lab5.dir/C_/Program_Files/Raspberry_Pi/Pico_SDK_v1.5.1/pico-sdk/src/common/pico_sync/lock_core.c.obj
                0x1000440c                lock_init
 .text.mutex_init
                0x1000441c       0x1c CMakeFiles/Lab5.dir/C_/Program_Files/Raspberry_Pi/Pico_SDK_v1.5.1/pico-sdk/src/common/pico_sync/mutex.c.obj
                0x1000441c                mutex_init
 .text.recursive_mutex_init
                0x10004438       0x1c CMakeFiles/Lab5.dir/C_/Program_Files/Raspberry_Pi/Pico_SDK_v1.5.1/pico-sdk/src/common/pico_sync/mutex.c.obj
                0x10004438                recursive_mutex_init
 .text.timer_pool_entry_comparator
                0x10004454       0x34 CMakeFiles/Lab5.dir/C_/Program_Files/Raspberry_Pi/Pico_SDK_v1.5.1/pico-sdk/src/common/pico_time/time.c.obj
                0x10004454                timer_pool_entry_comparator
 .text.sleep_until_callback
                0x10004488       0x30 CMakeFiles/Lab5.dir/C_/Program_Files/Raspberry_Pi/Pico_SDK_v1.5.1/pico-sdk/src/common/pico_time/time.c.obj
 .text.add_alarm_under_lock.isra.0
                0x100044b8      0x100 CMakeFiles/Lab5.dir/C_/Program_Files/Raspberry_Pi/Pico_SDK_v1.5.1/pico-sdk/src/common/pico_time/time.c.obj
 .text.alarm_pool_alarm_callback
                0x100045b8      0x1bc CMakeFiles/Lab5.dir/C_/Program_Files/Raspberry_Pi/Pico_SDK_v1.5.1/pico-sdk/src/common/pico_time/time.c.obj
 .text.alarm_pool_init_default
                0x10004774       0x6c CMakeFiles/Lab5.dir/C_/Program_Files/Raspberry_Pi/Pico_SDK_v1.5.1/pico-sdk/src/common/pico_time/time.c.obj
                0x10004774                alarm_pool_init_default
 .text.alarm_pool_add_alarm_at
                0x100047e0      0x178 CMakeFiles/Lab5.dir/C_/Program_Files/Raspberry_Pi/Pico_SDK_v1.5.1/pico-sdk/src/common/pico_time/time.c.obj
                0x100047e0                alarm_pool_add_alarm_at
 .text.sleep_until
                0x10004958       0xc4 CMakeFiles/Lab5.dir/C_/Program_Files/Raspberry_Pi/Pico_SDK_v1.5.1/pico-sdk/src/common/pico_time/time.c.obj
                0x10004958                sleep_until
 .text.sleep_ms
                0x10004a1c       0x34 CMakeFiles/Lab5.dir/C_/Program_Files/Raspberry_Pi/Pico_SDK_v1.5.1/pico-sdk/src/common/pico_time/time.c.obj
                0x10004a1c                sleep_ms
 .text.best_effort_wfe_or_timeout
                0x10004a50       0xd4 CMakeFiles/Lab5.dir/C_/Program_Files/Raspberry_Pi/Pico_SDK_v1.5.1/pico-sdk/src/common/pico_time/time.c.obj
                0x10004a50                best_effort_wfe_or_timeout
 .text.hardware_alarm_irq_handler
                0x10004b24       0xbc CMakeFiles/Lab5.dir/C_/Program_Files/Raspberry_Pi/Pico_SDK_v1.5.1/pico-sdk/src/rp2_common/hardware_timer/timer.c.obj
 .text.hardware_alarm_claim
                0x10004be0       0x18 CMakeFiles/Lab5.dir/C_/Program_Files/Raspberry_Pi/Pico_SDK_v1.5.1/pico-sdk/src/rp2_common/hardware_timer/timer.c.obj
                0x10004be0                hardware_alarm_claim
 .text.time_us_64
                0x10004bf8       0x14 CMakeFiles/Lab5.dir/C_/Program_Files/Raspberry_Pi/Pico_SDK_v1.5.1/pico-sdk/src/rp2_common/hardware_timer/timer.c.obj
                0x10004bf8                time_us_64
 .text.busy_wait_us
                0x10004c0c       0x54 CMakeFiles/Lab5.dir/C_/Program_Files/Raspberry_Pi/Pico_SDK_v1.5.1/pico-sdk/src/rp2_common/hardware_timer/timer.c.obj
                0x10004c0c                busy_wait_us
 .text.busy_wait_until
                0x10004c60       0x20 CMakeFiles/Lab5.dir/C_/Program_Files/Raspberry_Pi/Pico_SDK_v1.5.1/pico-sdk/src/rp2_common/hardware_timer/timer.c.obj
                0x10004c60                busy_wait_until
 .text.hardware_alarm_set_callback
                0x10004c80       0x8c CMakeFiles/Lab5.dir/C_/Program_Files/Raspberry_Pi/Pico_SDK_v1.5.1/pico-sdk/src/rp2_common/hardware_timer/timer.c.obj
                0x10004c80                hardware_alarm_set_callback
 .text.hardware_alarm_set_target
                0x10004d0c       0xd4 CMakeFiles/Lab5.dir/C_/Program_Files/Raspberry_Pi/Pico_SDK_v1.5.1/pico-sdk/src/rp2_common/hardware_timer/timer.c.obj
                0x10004d0c                hardware_alarm_set_target
 .text.hardware_alarm_cancel
                0x10004de0       0x3c CMakeFiles/Lab5.dir/C_/Program_Files/Raspberry_Pi/Pico_SDK_v1.5.1/pico-sdk/src/rp2_common/hardware_timer/timer.c.obj
                0x10004de0                hardware_alarm_cancel
 .text.ph_merge_nodes
                0x10004e1c       0x68 CMakeFiles/Lab5.dir/C_/Program_Files/Raspberry_Pi/Pico_SDK_v1.5.1/pico-sdk/src/common/pico_util/pheap.c.obj
 .text.ph_post_alloc_init
                0x10004e84       0x3c CMakeFiles/Lab5.dir/C_/Program_Files/Raspberry_Pi/Pico_SDK_v1.5.1/pico-sdk/src/common/pico_util/pheap.c.obj
                0x10004e84                ph_post_alloc_init
 .text.ph_merge_two_pass
                0x10004ec0       0x90 CMakeFiles/Lab5.dir/C_/Program_Files/Raspberry_Pi/Pico_SDK_v1.5.1/pico-sdk/src/common/pico_util/pheap.c.obj
                0x10004ec0                ph_merge_two_pass
 .text.ph_remove_any_head
                0x10004f50      0x100 CMakeFiles/Lab5.dir/C_/Program_Files/Raspberry_Pi/Pico_SDK_v1.5.1/pico-sdk/src/common/pico_util/pheap.c.obj
 .text.ph_remove_head
                0x10005050      0x104 CMakeFiles/Lab5.dir/C_/Program_Files/Raspberry_Pi/Pico_SDK_v1.5.1/pico-sdk/src/common/pico_util/pheap.c.obj
                0x10005050                ph_remove_head
 .text.ph_remove_and_free_node
                0x10005154       0x7c CMakeFiles/Lab5.dir/C_/Program_Files/Raspberry_Pi/Pico_SDK_v1.5.1/pico-sdk/src/common/pico_util/pheap.c.obj
                0x10005154                ph_remove_and_free_node
 .text.uart_init
                0x100051d0      0x188 CMakeFiles/Lab5.dir/C_/Program_Files/Raspberry_Pi/Pico_SDK_v1.5.1/pico-sdk/src/rp2_common/hardware_uart/uart.c.obj
                0x100051d0                uart_init
 .text.clocks_init
                0x10005358      0x2d0 CMakeFiles/Lab5.dir/C_/Program_Files/Raspberry_Pi/Pico_SDK_v1.5.1/pico-sdk/src/rp2_common/hardware_clocks/clocks.c.obj
                0x10005358                clocks_init
 .text.clock_get_hz
                0x10005628        0xc CMakeFiles/Lab5.dir/C_/Program_Files/Raspberry_Pi/Pico_SDK_v1.5.1/pico-sdk/src/rp2_common/hardware_clocks/clocks.c.obj
                0x10005628                clock_get_hz
 .text.pll_init
                0x10005634       0xa0 CMakeFiles/Lab5.dir/C_/Program_Files/Raspberry_Pi/Pico_SDK_v1.5.1/pico-sdk/src/rp2_common/hardware_pll/pll.c.obj
                0x10005634                pll_init
 .text.watchdog_start_tick
                0x100056d4       0x10 CMakeFiles/Lab5.dir/C_/Program_Files/Raspberry_Pi/Pico_SDK_v1.5.1/pico-sdk/src/rp2_common/hardware_watchdog/watchdog.c.obj
                0x100056d4                watchdog_start_tick
 .text.xosc_init
                0x100056e4       0x28 CMakeFiles/Lab5.dir/C_/Program_Files/Raspberry_Pi/Pico_SDK_v1.5.1/pico-sdk/src/rp2_common/hardware_xosc/xosc.c.obj
                0x100056e4                xosc_init
 .text.runtime_init
                0x1000570c       0xf0 CMakeFiles/Lab5.dir/C_/Program_Files/Raspberry_Pi/Pico_SDK_v1.5.1/pico-sdk/src/rp2_common/pico_runtime/runtime.c.obj
                0x1000570c                runtime_init
 .text._exit    0x100057fc        0x4 CMakeFiles/Lab5.dir/C_/Program_Files/Raspberry_Pi/Pico_SDK_v1.5.1/pico-sdk/src/rp2_common/pico_runtime/runtime.c.obj
                0x100057fc                _exit
 .text.exit     0x10005800        0x8 CMakeFiles/Lab5.dir/C_/Program_Files/Raspberry_Pi/Pico_SDK_v1.5.1/pico-sdk/src/rp2_common/pico_runtime/runtime.c.obj
                0x10005800                exit
 .text.panic    0x10005808       0x30 CMakeFiles/Lab5.dir/C_/Program_Files/Raspberry_Pi/Pico_SDK_v1.5.1/pico-sdk/src/rp2_common/pico_runtime/runtime.c.obj
                0x10005808                panic
 .text.hard_assertion_failure
                0x10005838        0xc CMakeFiles/Lab5.dir/C_/Program_Files/Raspberry_Pi/Pico_SDK_v1.5.1/pico-sdk/src/rp2_common/pico_runtime/runtime.c.obj
                0x10005838                hard_assertion_failure
 .text._out_buffer
                0x10005844        0x8 CMakeFiles/Lab5.dir/C_/Program_Files/Raspberry_Pi/Pico_SDK_v1.5.1/pico-sdk/src/rp2_common/pico_printf/printf.c.obj
 .text._out_null
                0x1000584c        0x4 CMakeFiles/Lab5.dir/C_/Program_Files/Raspberry_Pi/Pico_SDK_v1.5.1/pico-sdk/src/rp2_common/pico_printf/printf.c.obj
 .text._out_rev
                0x10005850       0x9c CMakeFiles/Lab5.dir/C_/Program_Files/Raspberry_Pi/Pico_SDK_v1.5.1/pico-sdk/src/rp2_common/pico_printf/printf.c.obj
 .text._ntoa_format
                0x100058ec      0x1cc CMakeFiles/Lab5.dir/C_/Program_Files/Raspberry_Pi/Pico_SDK_v1.5.1/pico-sdk/src/rp2_common/pico_printf/printf.c.obj
 .text._out_char
                0x10005ab8       0x10 CMakeFiles/Lab5.dir/C_/Program_Files/Raspberry_Pi/Pico_SDK_v1.5.1/pico-sdk/src/rp2_common/pico_printf/printf.c.obj
 .text._out_fct
                0x10005ac8       0x10 CMakeFiles/Lab5.dir/C_/Program_Files/Raspberry_Pi/Pico_SDK_v1.5.1/pico-sdk/src/rp2_common/pico_printf/printf.c.obj
 .text._etoa    0x10005ad8      0x44c CMakeFiles/Lab5.dir/C_/Program_Files/Raspberry_Pi/Pico_SDK_v1.5.1/pico-sdk/src/rp2_common/pico_printf/printf.c.obj
 .text._ftoa    0x10005f24      0x398 CMakeFiles/Lab5.dir/C_/Program_Files/Raspberry_Pi/Pico_SDK_v1.5.1/pico-sdk/src/rp2_common/pico_printf/printf.c.obj
 .text._vsnprintf
                0x100062bc      0xb04 CMakeFiles/Lab5.dir/C_/Program_Files/Raspberry_Pi/Pico_SDK_v1.5.1/pico-sdk/src/rp2_common/pico_printf/printf.c.obj
 .text.__wrap_sprintf
                0x10006dc0       0x28 CMakeFiles/Lab5.dir/C_/Program_Files/Raspberry_Pi/Pico_SDK_v1.5.1/pico-sdk/src/rp2_common/pico_printf/printf.c.obj
                0x10006dc0                __wrap_sprintf
 .text.vfctprintf
                0x10006de8       0x20 CMakeFiles/Lab5.dir/C_/Program_Files/Raspberry_Pi/Pico_SDK_v1.5.1/pico-sdk/src/rp2_common/pico_printf/printf.c.obj
                0x10006de8                vfctprintf
 .text.weak_raw_vprintf
                0x10006e08       0x30 CMakeFiles/Lab5.dir/C_/Program_Files/Raspberry_Pi/Pico_SDK_v1.5.1/pico-sdk/src/rp2_common/pico_printf/printf.c.obj
                0x10006e08                weak_raw_vprintf
 .text          0x10006e38       0x10 CMakeFiles/Lab5.dir/C_/Program_Files/Raspberry_Pi/Pico_SDK_v1.5.1/pico-sdk/src/rp2_common/pico_bit_ops/bit_ops_aeabi.S.obj
 .text.ctzsi    0x10006e48        0xc CMakeFiles/Lab5.dir/C_/Program_Files/Raspberry_Pi/Pico_SDK_v1.5.1/pico-sdk/src/rp2_common/pico_bit_ops/bit_ops_aeabi.S.obj
                0x10006e48                __wrap___ctzsi2
 .text.rom_func_lookup
                0x10006e54       0x10 CMakeFiles/Lab5.dir/C_/Program_Files/Raspberry_Pi/Pico_SDK_v1.5.1/pico-sdk/src/rp2_common/pico_bootrom/bootrom.c.obj
                0x10006e54                rom_func_lookup
 .text.rom_data_lookup
                0x10006e64       0x10 CMakeFiles/Lab5.dir/C_/Program_Files/Raspberry_Pi/Pico_SDK_v1.5.1/pico-sdk/src/rp2_common/pico_bootrom/bootrom.c.obj
                0x10006e64                rom_data_lookup
 .text.rom_funcs_lookup
                0x10006e74       0x44 CMakeFiles/Lab5.dir/C_/Program_Files/Raspberry_Pi/Pico_SDK_v1.5.1/pico-sdk/src/rp2_common/pico_bootrom/bootrom.c.obj
                0x10006e74                rom_funcs_lookup
 .text.__wrap___aeabi_idiv
                0x10006eb8       0x50 CMakeFiles/Lab5.dir/C_/Program_Files/Raspberry_Pi/Pico_SDK_v1.5.1/pico-sdk/src/rp2_common/pico_divider/divider.S.obj
                0x10006eb8                __wrap___aeabi_idivmod
                0x10006eb8                divmod_s32s32
                0x10006eb8                div_s32s32
                0x10006eb8                __wrap___aeabi_idiv
                0x10006ec0                divmod_s32s32_unsafe
                0x10006eec                divmod_s32s32_savestate
 .text.__wrap___aeabi_uidiv
                0x10006f08       0x4c CMakeFiles/Lab5.dir/C_/Program_Files/Raspberry_Pi/Pico_SDK_v1.5.1/pico-sdk/src/rp2_common/pico_divider/divider.S.obj
                0x10006f08                __wrap___aeabi_uidiv
                0x10006f08                __wrap___aeabi_uidivmod
                0x10006f08                div_u32u32
                0x10006f08                divmod_u32u32
                0x10006f10                divmod_u32u32_unsafe
                0x10006f38                divmod_u32u32_savestate
 .text.__wrap___aeabi_ldiv
                0x10006f54      0x424 CMakeFiles/Lab5.dir/C_/Program_Files/Raspberry_Pi/Pico_SDK_v1.5.1/pico-sdk/src/rp2_common/pico_divider/divider.S.obj
                0x10006f54                div_s64s64
                0x10006f54                divmod_s64s64
                0x10006f54                __wrap___aeabi_ldivmod
                0x10006f84                divmod_u64u64
                0x10006f84                div_u64u64
                0x10006f84                __wrap___aeabi_uldivmod
                0x10006f94                divmod_u64u64_savestate
                0x10006fb4                divmod_s64s64_unsafe
                0x1000703c                divmod_u64u64_unsafe
 .text.__wrap___aeabi_darithmetic
                0x10007378       0x80 CMakeFiles/Lab5.dir/C_/Program_Files/Raspberry_Pi/Pico_SDK_v1.5.1/pico-sdk/src/rp2_common/pico_double/double_aeabi.S.obj
                0x10007378                __wrap___aeabi_drsub
                0x1000737e                __wrap___aeabi_dsub
                0x10007390                __wrap___aeabi_dadd
                0x100073a2                __wrap___aeabi_ddiv
                0x100073de                __wrap___aeabi_dmul
 .text.__wrap___aeabi_cdcmple
                0x100073f8       0x6c CMakeFiles/Lab5.dir/C_/Program_Files/Raspberry_Pi/Pico_SDK_v1.5.1/pico-sdk/src/rp2_common/pico_double/double_aeabi.S.obj
                0x100073f8                __wrap___aeabi_cdrcmple
                0x10007408                __wrap___aeabi_cdcmpeq
                0x10007408                __wrap___aeabi_cdcmple
 .text.__wrap___aeabi_dcmplt
                0x10007464        0xc CMakeFiles/Lab5.dir/C_/Program_Files/Raspberry_Pi/Pico_SDK_v1.5.1/pico-sdk/src/rp2_common/pico_double/double_aeabi.S.obj
                0x10007464                __wrap___aeabi_dcmplt
 .text.__wrap___aeabi_dcmple
                0x10007470       0x10 CMakeFiles/Lab5.dir/C_/Program_Files/Raspberry_Pi/Pico_SDK_v1.5.1/pico-sdk/src/rp2_common/pico_double/double_aeabi.S.obj
                0x10007470                __wrap___aeabi_dcmple
 .text.__wrap___aeabi_dcmpge
                0x10007480       0x10 CMakeFiles/Lab5.dir/C_/Program_Files/Raspberry_Pi/Pico_SDK_v1.5.1/pico-sdk/src/rp2_common/pico_double/double_aeabi.S.obj
                0x10007480                __wrap___aeabi_dcmpge
 .text.__wrap___aeabi_dcmpgt
                0x10007490        0xa CMakeFiles/Lab5.dir/C_/Program_Files/Raspberry_Pi/Pico_SDK_v1.5.1/pico-sdk/src/rp2_common/pico_double/double_aeabi.S.obj
                0x10007490                __wrap___aeabi_dcmpgt
 .text.__wrap___aeabi_dcmpun
                0x1000749a       0x1c CMakeFiles/Lab5.dir/C_/Program_Files/Raspberry_Pi/Pico_SDK_v1.5.1/pico-sdk/src/rp2_common/pico_double/double_aeabi.S.obj
                0x1000749a                __wrap___aeabi_dcmpun
 *fill*         0x100074b6        0x2 
 .text.__wrap___aeabi_i2d
                0x100074b8       0x38 CMakeFiles/Lab5.dir/C_/Program_Files/Raspberry_Pi/Pico_SDK_v1.5.1/pico-sdk/src/rp2_common/pico_double/double_aeabi.S.obj
                0x100074b8                __wrap___aeabi_ui2d
                0x100074c0                __wrap___aeabi_i2d
 .text.__wrap___aeabi_d2iz
                0x100074f0       0x48 CMakeFiles/Lab5.dir/C_/Program_Files/Raspberry_Pi/Pico_SDK_v1.5.1/pico-sdk/src/rp2_common/pico_double/double_aeabi.S.obj
                0x100074f0                double2int_z
                0x100074f0                __wrap___aeabi_d2iz
 .text.__wrap___aeabi_d2uiz
                0x10007538       0x18 CMakeFiles/Lab5.dir/C_/Program_Files/Raspberry_Pi/Pico_SDK_v1.5.1/pico-sdk/src/rp2_common/pico_double/double_aeabi.S.obj
                0x10007538                __wrap___aeabi_d2uiz
                0x10007538                double2uint
 .text.__aeabi_double_init
                0x10007550       0x94 CMakeFiles/Lab5.dir/C_/Program_Files/Raspberry_Pi/Pico_SDK_v1.5.1/pico-sdk/src/rp2_common/pico_double/double_init_rom.c.obj
                0x10007550                __aeabi_double_init
 .text.double_table_shim_on_use_helper
                0x100075e4       0x2c CMakeFiles/Lab5.dir/C_/Program_Files/Raspberry_Pi/Pico_SDK_v1.5.1/pico-sdk/src/rp2_common/pico_double/double_v1_rom_shim.S.obj
                0x100075e4                double_table_shim_on_use_helper
 .text.__wrap___aeabi_dsub
                0x10007610       0x10 CMakeFiles/Lab5.dir/C_/Program_Files/Raspberry_Pi/Pico_SDK_v1.5.1/pico-sdk/src/rp2_common/pico_double/double_v1_rom_shim.S.obj
                0x10007610                drsub_shim
                0x10007616                dsub_shim
 .text.dadd_shim
                0x10007620      0x15c CMakeFiles/Lab5.dir/C_/Program_Files/Raspberry_Pi/Pico_SDK_v1.5.1/pico-sdk/src/rp2_common/pico_double/double_v1_rom_shim.S.obj
                0x10007620                dadd_shim
 .text.dmul_shim
                0x1000777c      0x15c CMakeFiles/Lab5.dir/C_/Program_Files/Raspberry_Pi/Pico_SDK_v1.5.1/pico-sdk/src/rp2_common/pico_double/double_v1_rom_shim.S.obj
                0x1000777c                dmul_shim
 .text.ddiv_shim
                0x100078d8      0x1b0 CMakeFiles/Lab5.dir/C_/Program_Files/Raspberry_Pi/Pico_SDK_v1.5.1/pico-sdk/src/rp2_common/pico_double/double_v1_rom_shim.S.obj
                0x100078d8                ddiv_shim
 .text.double2uint_shim
                0x10007a88        0xe CMakeFiles/Lab5.dir/C_/Program_Files/Raspberry_Pi/Pico_SDK_v1.5.1/pico-sdk/src/rp2_common/pico_double/double_v1_rom_shim.S.obj
                0x10007a88                double2uint_shim
                0x10007a8a                double2ufix_shim
 *fill*         0x10007a96        0x2 
 .text.double2uint64_shim
                0x10007a98       0x70 CMakeFiles/Lab5.dir/C_/Program_Files/Raspberry_Pi/Pico_SDK_v1.5.1/pico-sdk/src/rp2_common/pico_double/double_v1_rom_shim.S.obj
                0x10007a98                double2uint64_shim
                0x10007a9a                double2ufix64_shim
                0x10007aba                d2fix_a
 .text.dunpacks
                0x10007b08       0x3c CMakeFiles/Lab5.dir/C_/Program_Files/Raspberry_Pi/Pico_SDK_v1.5.1/pico-sdk/src/rp2_common/pico_double/double_v1_rom_shim.S.obj
                0x10007b08                dunpacks
 .text.__aeabi_lmul
                0x10007b44       0x32 CMakeFiles/Lab5.dir/C_/Program_Files/Raspberry_Pi/Pico_SDK_v1.5.1/pico-sdk/src/rp2_common/pico_int64_ops/pico_int64_ops_aeabi.S.obj
                0x10007b44                __wrap___aeabi_lmul
 *fill*         0x10007b76        0x2 
 .text.__wrap___aeabi_farithmetic
                0x10007b78       0x48 CMakeFiles/Lab5.dir/C_/Program_Files/Raspberry_Pi/Pico_SDK_v1.5.1/pico-sdk/src/rp2_common/pico_float/float_aeabi.S.obj
                0x10007b78                __wrap___aeabi_frsub
                0x10007b7e                __wrap___aeabi_fsub
                0x10007b84                __wrap___aeabi_fadd
                0x10007b8a                __wrap___aeabi_fdiv
                0x10007bb2                __wrap___aeabi_fmul
 .text.__wrap___aeabi_cfcmple
                0x10007bc0       0x50 CMakeFiles/Lab5.dir/C_/Program_Files/Raspberry_Pi/Pico_SDK_v1.5.1/pico-sdk/src/rp2_common/pico_float/float_aeabi.S.obj
                0x10007bc0                __wrap___aeabi_cfrcmple
                0x10007bcc                __wrap___aeabi_cfcmple
                0x10007bcc                __wrap___aeabi_cfcmpeq
 .text.__wrap___aeabi_fcmpgt
                0x10007c10        0xa CMakeFiles/Lab5.dir/C_/Program_Files/Raspberry_Pi/Pico_SDK_v1.5.1/pico-sdk/src/rp2_common/pico_float/float_aeabi.S.obj
                0x10007c10                __wrap___aeabi_fcmpgt
 *fill*         0x10007c1a        0x2 
 .text.__wrap___aeabi_i2f
                0x10007c1c       0x44 CMakeFiles/Lab5.dir/C_/Program_Files/Raspberry_Pi/Pico_SDK_v1.5.1/pico-sdk/src/rp2_common/pico_float/float_aeabi.S.obj
                0x10007c1c                __wrap___aeabi_i2f
 .text.__wrap___aeabi_f2iz
                0x10007c60       0x4e CMakeFiles/Lab5.dir/C_/Program_Files/Raspberry_Pi/Pico_SDK_v1.5.1/pico-sdk/src/rp2_common/pico_float/float_aeabi.S.obj
                0x10007c60                float2int_z
                0x10007c60                __wrap___aeabi_f2iz
 *fill*         0x10007cae        0x2 
 .text.float2int
                0x10007cb0       0x14 CMakeFiles/Lab5.dir/C_/Program_Files/Raspberry_Pi/Pico_SDK_v1.5.1/pico-sdk/src/rp2_common/pico_float/float_aeabi.S.obj
                0x10007cb0                float2int
 .text.__wrap___aeabi_f2uiz
                0x10007cc4        0xc CMakeFiles/Lab5.dir/C_/Program_Files/Raspberry_Pi/Pico_SDK_v1.5.1/pico-sdk/src/rp2_common/pico_float/float_aeabi.S.obj
                0x10007cc4                __wrap___aeabi_f2uiz
 .text.__aeabi_float_init
                0x10007cd0       0x64 CMakeFiles/Lab5.dir/C_/Program_Files/Raspberry_Pi/Pico_SDK_v1.5.1/pico-sdk/src/rp2_common/pico_float/float_init_rom.c.obj
                0x10007cd0                __aeabi_float_init
 .text.float_table_shim_on_use_helper
                0x10007d34       0x2c CMakeFiles/Lab5.dir/C_/Program_Files/Raspberry_Pi/Pico_SDK_v1.5.1/pico-sdk/src/rp2_common/pico_float/float_v1_rom_shim.S.obj
                0x10007d34                float_table_shim_on_use_helper
 .text.float232_shims
                0x10007d60       0x18 CMakeFiles/Lab5.dir/C_/Program_Files/Raspberry_Pi/Pico_SDK_v1.5.1/pico-sdk/src/rp2_common/pico_float/float_v1_rom_shim.S.obj
                0x10007d60                float2int_shim
                0x10007d62                float2fix_shim
 .text          0x10007d78       0x10 CMakeFiles/Lab5.dir/C_/Program_Files/Raspberry_Pi/Pico_SDK_v1.5.1/pico-sdk/src/rp2_common/pico_mem_ops/mem_ops_aeabi.S.obj
                0x10007d78                __aeabi_mem_init
 .text.memcpy   0x10007d88        0xc CMakeFiles/Lab5.dir/C_/Program_Files/Raspberry_Pi/Pico_SDK_v1.5.1/pico-sdk/src/rp2_common/pico_mem_ops/mem_ops_aeabi.S.obj
                0x10007d88                __wrap_memcpy
                0x10007d88                __wrap___aeabi_memcpy
 .text.stdio_out_chars_no_crlf
                0x10007d94       0x10 CMakeFiles/Lab5.dir/C_/Program_Files/Raspberry_Pi/Pico_SDK_v1.5.1/pico-sdk/src/rp2_common/pico_stdio/stdio.c.obj
 .text.stdio_out_chars_crlf
                0x10007da4       0xb4 CMakeFiles/Lab5.dir/C_/Program_Files/Raspberry_Pi/Pico_SDK_v1.5.1/pico-sdk/src/rp2_common/pico_stdio/stdio.c.obj
 .text.stdio_buffered_printer
                0x10007e58       0x64 CMakeFiles/Lab5.dir/C_/Program_Files/Raspberry_Pi/Pico_SDK_v1.5.1/pico-sdk/src/rp2_common/pico_stdio/stdio.c.obj
 .text.stdio_put_string.isra.0
                0x10007ebc       0xfc CMakeFiles/Lab5.dir/C_/Program_Files/Raspberry_Pi/Pico_SDK_v1.5.1/pico-sdk/src/rp2_common/pico_stdio/stdio.c.obj
 .text.__wrap_putchar
                0x10007fb8       0x98 CMakeFiles/Lab5.dir/C_/Program_Files/Raspberry_Pi/Pico_SDK_v1.5.1/pico-sdk/src/rp2_common/pico_stdio/stdio.c.obj
                0x10007fb8                __wrap_putchar
 .text.__wrap_puts
                0x10008050       0x3c CMakeFiles/Lab5.dir/C_/Program_Files/Raspberry_Pi/Pico_SDK_v1.5.1/pico-sdk/src/rp2_common/pico_stdio/stdio.c.obj
                0x10008050                __wrap_puts
 .text.stdio_set_driver_enabled
                0x1000808c       0x30 CMakeFiles/Lab5.dir/C_/Program_Files/Raspberry_Pi/Pico_SDK_v1.5.1/pico-sdk/src/rp2_common/pico_stdio/stdio.c.obj
                0x1000808c                stdio_set_driver_enabled
 .text.__wrap_vprintf
                0x100080bc       0xd8 CMakeFiles/Lab5.dir/C_/Program_Files/Raspberry_Pi/Pico_SDK_v1.5.1/pico-sdk/src/rp2_common/pico_stdio/stdio.c.obj
                0x100080bc                __wrap_vprintf
 .text.__wrap_printf
                0x10008194       0x18 CMakeFiles/Lab5.dir/C_/Program_Files/Raspberry_Pi/Pico_SDK_v1.5.1/pico-sdk/src/rp2_common/pico_stdio/stdio.c.obj
                0x10008194                __wrap_printf
 .text.stdio_init_all
                0x100081ac        0xc CMakeFiles/Lab5.dir/C_/Program_Files/Raspberry_Pi/Pico_SDK_v1.5.1/pico-sdk/src/rp2_common/pico_stdio/stdio.c.obj
                0x100081ac                stdio_init_all
 .text.stdio_uart_out_chars
                0x100081b8       0x4c CMakeFiles/Lab5.dir/C_/Program_Files/Raspberry_Pi/Pico_SDK_v1.5.1/pico-sdk/src/rp2_common/pico_stdio_uart/stdio_uart.c.obj
 .text.stdio_uart_in_chars
                0x10008204       0x84 CMakeFiles/Lab5.dir/C_/Program_Files/Raspberry_Pi/Pico_SDK_v1.5.1/pico-sdk/src/rp2_common/pico_stdio_uart/stdio_uart.c.obj
                0x10008204                stdio_uart_in_chars
 .text.on_uart_rx
                0x10008288       0x28 CMakeFiles/Lab5.dir/C_/Program_Files/Raspberry_Pi/Pico_SDK_v1.5.1/pico-sdk/src/rp2_common/pico_stdio_uart/stdio_uart.c.obj
 .text.stdio_uart_set_chars_available_callback
                0x100082b0       0x8c CMakeFiles/Lab5.dir/C_/Program_Files/Raspberry_Pi/Pico_SDK_v1.5.1/pico-sdk/src/rp2_common/pico_stdio_uart/stdio_uart.c.obj
 .text.stdio_uart_init
                0x1000833c       0x48 CMakeFiles/Lab5.dir/C_/Program_Files/Raspberry_Pi/Pico_SDK_v1.5.1/pico-sdk/src/rp2_common/pico_stdio_uart/stdio_uart.c.obj
                0x1000833c                stdio_uart_init
 .text.adc_init
                0x10008384       0x38 CMakeFiles/Lab5.dir/C_/Program_Files/Raspberry_Pi/Pico_SDK_v1.5.1/pico-sdk/src/rp2_common/hardware_adc/adc.c.obj
                0x10008384                adc_init
 .text.pio_add_program
                0x100083bc       0xc8 CMakeFiles/Lab5.dir/C_/Program_Files/Raspberry_Pi/Pico_SDK_v1.5.1/pico-sdk/src/rp2_common/hardware_pio/pio.c.obj
                0x100083bc                pio_add_program
 .text.pio_sm_set_pins_with_mask
                0x10008484       0xa4 CMakeFiles/Lab5.dir/C_/Program_Files/Raspberry_Pi/Pico_SDK_v1.5.1/pico-sdk/src/rp2_common/hardware_pio/pio.c.obj
                0x10008484                pio_sm_set_pins_with_mask
 .text.pio_sm_set_pindirs_with_mask
                0x10008528       0xa4 CMakeFiles/Lab5.dir/C_/Program_Files/Raspberry_Pi/Pico_SDK_v1.5.1/pico-sdk/src/rp2_common/hardware_pio/pio.c.obj
                0x10008528                pio_sm_set_pindirs_with_mask
 .text.pio_sm_init
                0x100085cc       0x8c CMakeFiles/Lab5.dir/C_/Program_Files/Raspberry_Pi/Pico_SDK_v1.5.1/pico-sdk/src/rp2_common/hardware_pio/pio.c.obj
                0x100085cc                pio_sm_init
 .text.startup.boot_double_tap_check
                0x10008658       0x60 CMakeFiles/Lab5.dir/C_/Program_Files/Raspberry_Pi/Pico_SDK_v1.5.1/pico-sdk/src/rp2_common/pico_bootsel_via_double_reset/pico_bootsel_via_double_reset.c.obj
 .text.strlen   0x100086b8       0x5c c:/progra~1/raspbe~1/picosd~1.1/gcc-ar~1/bin/../lib/gcc/arm-none-eabi/10.3.1/../../../../arm-none-eabi/lib/thumb/v6-m/nofp\libc.a(lib_a-strlen-stub.o)
                0x100086b8                strlen
 *(.fini)
 .fini          0x10008714        0x4 c:/progra~1/raspbe~1/picosd~1.1/gcc-ar~1/bin/../lib/gcc/arm-none-eabi/10.3.1/thumb/v6-m/nofp/crti.o
                0x10008714                _fini
 .fini.__stub   0x10008718       0x40 linker stubs
 *crtbegin.o(.ctors)
 *crtbegin?.o(.ctors)
 *(EXCLUDE_FILE(*crtend.o *crtend?.o) .ctors)
 *(SORT_BY_NAME(.ctors.*))
 *(.ctors)
 *crtbegin.o(.dtors)
 *crtbegin?.o(.dtors)
 *(EXCLUDE_FILE(*crtend.o *crtend?.o) .dtors)
 *(SORT_BY_NAME(.dtors.*))
 *(.dtors)
 *(.eh_frame*)
 .eh_frame      0x10008758        0x0 c:/progra~1/raspbe~1/picosd~1.1/gcc-ar~1/bin/../lib/gcc/arm-none-eabi/10.3.1/thumb/v6-m/nofp/crtbegin.o
                0x10008758                . = ALIGN (0x4)

.glue_7         0x10008758        0x0
 .glue_7        0x10008758        0x0 linker stubs

.glue_7t        0x10008758        0x0
 .glue_7t       0x10008758        0x0 linker stubs

.vfp11_veneer   0x10008758        0x0
 .vfp11_veneer  0x10008758        0x0 linker stubs

.v4_bx          0x10008758        0x0
 .v4_bx         0x10008758        0x0 linker stubs

.iplt           0x10008758        0x0
 .iplt          0x10008758        0x0 c:/progra~1/raspbe~1/picosd~1.1/gcc-ar~1/bin/../lib/gcc/arm-none-eabi/10.3.1/thumb/v6-m/nofp/crtbegin.o

.rodata         0x10008758      0x944
 *(EXCLUDE_FILE(*libm.a: *libc.a:*lib_a-mem*.o *libgcc.a:) .rodata*)
 .rodata.font   0x10008758      0x4fb CMakeFiles/Lab5.dir/TFTMaster.c.obj
 *fill*         0x10008c53        0x1 
 .rodata.spi_cpha0_cs_program
                0x10008c54        0x6 CMakeFiles/Lab5.dir/TFTMaster.c.obj
 *fill*         0x10008c5a        0x2 
 .rodata.spi_cpha0_cs_program_instructions
                0x10008c5c        0xc CMakeFiles/Lab5.dir/TFTMaster.c.obj
 .rodata.calculator.str1.4
                0x10008c68        0x7 CMakeFiles/Lab5.dir/calculator.c.obj
 *fill*         0x10008c6f        0x1 
 .rodata.operation.str1.4
                0x10008c70       0xb5 CMakeFiles/Lab5.dir/fsm.c.obj
                                 0xb9 (size before relaxing)
 *fill*         0x10008d25        0x3 
 .rodata.get_ts_lcd.str1.4
                0x10008d28        0x9 CMakeFiles/Lab5.dir/ts_lcd.c.obj
 *fill*         0x10008d31        0x3 
 .rodata.hardware_alarm_claim.str1.4
                0x10008d34       0x22 CMakeFiles/Lab5.dir/C_/Program_Files/Raspberry_Pi/Pico_SDK_v1.5.1/pico-sdk/src/rp2_common/hardware_timer/timer.c.obj
 *fill*         0x10008d56        0x2 
 .rodata.panic.str1.4
                0x10008d58       0x12 CMakeFiles/Lab5.dir/C_/Program_Files/Raspberry_Pi/Pico_SDK_v1.5.1/pico-sdk/src/rp2_common/pico_runtime/runtime.c.obj
 *fill*         0x10008d6a        0x2 
 .rodata.hard_assertion_failure.str1.4
                0x10008d6c        0xc CMakeFiles/Lab5.dir/C_/Program_Files/Raspberry_Pi/Pico_SDK_v1.5.1/pico-sdk/src/rp2_common/pico_runtime/runtime.c.obj
 .rodata._ftoa.str1.4
                0x10008d78       0x15 CMakeFiles/Lab5.dir/C_/Program_Files/Raspberry_Pi/Pico_SDK_v1.5.1/pico-sdk/src/rp2_common/pico_printf/printf.c.obj
 *fill*         0x10008d8d        0x3 
 .rodata._vsnprintf
                0x10008d90      0x1e0 CMakeFiles/Lab5.dir/C_/Program_Files/Raspberry_Pi/Pico_SDK_v1.5.1/pico-sdk/src/rp2_common/pico_printf/printf.c.obj
 .rodata.pow10.0
                0x10008f70       0x50 CMakeFiles/Lab5.dir/C_/Program_Files/Raspberry_Pi/Pico_SDK_v1.5.1/pico-sdk/src/rp2_common/pico_printf/printf.c.obj
 .rodata.str1.4
                0x10008fc0       0x3c CMakeFiles/Lab5.dir/C_/Program_Files/Raspberry_Pi/Pico_SDK_v1.5.1/pico-sdk/src/rp2_common/pico_standard_link/binary_info.c.obj
 .rodata.__bi_44
                0x10008ffc        0xc CMakeFiles/Lab5.dir/C_/Program_Files/Raspberry_Pi/Pico_SDK_v1.5.1/pico-sdk/src/rp2_common/pico_standard_link/binary_info.c.obj
 .rodata.__bi_75
                0x10009008        0xc CMakeFiles/Lab5.dir/C_/Program_Files/Raspberry_Pi/Pico_SDK_v1.5.1/pico-sdk/src/rp2_common/pico_standard_link/binary_info.c.obj
 .rodata.__bi_81
                0x10009014        0xc CMakeFiles/Lab5.dir/C_/Program_Files/Raspberry_Pi/Pico_SDK_v1.5.1/pico-sdk/src/rp2_common/pico_standard_link/binary_info.c.obj
 .rodata.crlf_str.0
                0x10009020        0x2 CMakeFiles/Lab5.dir/C_/Program_Files/Raspberry_Pi/Pico_SDK_v1.5.1/pico-sdk/src/rp2_common/pico_stdio/stdio.c.obj
 *fill*         0x10009022        0x2 
 .rodata.str1.4
                0x10009024       0x2c CMakeFiles/Lab5.dir/C_/Program_Files/Raspberry_Pi/Pico_SDK_v1.5.1/pico-sdk/src/rp2_common/pico_stdio_uart/stdio_uart.c.obj
 .rodata.__bi_33.4
                0x10009050        0xc CMakeFiles/Lab5.dir/C_/Program_Files/Raspberry_Pi/Pico_SDK_v1.5.1/pico-sdk/src/rp2_common/pico_stdio_uart/stdio_uart.c.obj
 .rodata.__bi_34.5
                0x1000905c        0x8 CMakeFiles/Lab5.dir/C_/Program_Files/Raspberry_Pi/Pico_SDK_v1.5.1/pico-sdk/src/rp2_common/pico_stdio_uart/stdio_uart.c.obj
 .rodata.pio_add_program.str1.4
                0x10009064       0x11 CMakeFiles/Lab5.dir/C_/Program_Files/Raspberry_Pi/Pico_SDK_v1.5.1/pico-sdk/src/rp2_common/hardware_pio/pio.c.obj
 *fill*         0x10009075        0x3 
 .rodata.str1.4
                0x10009078       0x18 CMakeFiles/Lab5.dir/C_/Program_Files/Raspberry_Pi/Pico_SDK_v1.5.1/pico-sdk/src/rp2_common/pico_bootsel_via_double_reset/pico_bootsel_via_double_reset.c.obj
 .rodata.__bi_35
                0x10009090        0xc CMakeFiles/Lab5.dir/C_/Program_Files/Raspberry_Pi/Pico_SDK_v1.5.1/pico-sdk/src/rp2_common/pico_bootsel_via_double_reset/pico_bootsel_via_double_reset.c.obj
                0x1000909c                . = ALIGN (0x4)
 *(SORT_BY_ALIGNMENT(SORT_BY_NAME(.flashdata*)))
                0x1000909c                . = ALIGN (0x4)

.ARM.extab
 *(.ARM.extab* .gnu.linkonce.armextab.*)
                0x1000909c                __exidx_start = .

.ARM.exidx
 *(.ARM.exidx* .gnu.linkonce.armexidx.*)
                0x1000909c                __exidx_end = .
                0x1000909c                . = ALIGN (0x4)
                0x1000909c                __binary_info_start = .

.binary_info    0x1000909c       0x28
 *(.binary_info.keep.*)
 .binary_info.keep.__bi_ptr22
                0x1000909c        0x4 CMakeFiles/Lab5.dir/C_/Program_Files/Raspberry_Pi/Pico_SDK_v1.5.1/pico-sdk/src/rp2_common/pico_standard_link/binary_info.c.obj
 .binary_info.keep.__bi_ptr30
                0x100090a0        0x4 CMakeFiles/Lab5.dir/C_/Program_Files/Raspberry_Pi/Pico_SDK_v1.5.1/pico-sdk/src/rp2_common/pico_standard_link/binary_info.c.obj
 .binary_info.keep.__bi_ptr38
                0x100090a4        0x4 CMakeFiles/Lab5.dir/C_/Program_Files/Raspberry_Pi/Pico_SDK_v1.5.1/pico-sdk/src/rp2_common/pico_standard_link/binary_info.c.obj
 .binary_info.keep.__bi_ptr44
                0x100090a8        0x4 CMakeFiles/Lab5.dir/C_/Program_Files/Raspberry_Pi/Pico_SDK_v1.5.1/pico-sdk/src/rp2_common/pico_standard_link/binary_info.c.obj
 .binary_info.keep.__bi_ptr50
                0x100090ac        0x4 CMakeFiles/Lab5.dir/C_/Program_Files/Raspberry_Pi/Pico_SDK_v1.5.1/pico-sdk/src/rp2_common/pico_standard_link/binary_info.c.obj
 .binary_info.keep.__bi_ptr75
                0x100090b0        0x4 CMakeFiles/Lab5.dir/C_/Program_Files/Raspberry_Pi/Pico_SDK_v1.5.1/pico-sdk/src/rp2_common/pico_standard_link/binary_info.c.obj
 .binary_info.keep.__bi_ptr81
                0x100090b4        0x4 CMakeFiles/Lab5.dir/C_/Program_Files/Raspberry_Pi/Pico_SDK_v1.5.1/pico-sdk/src/rp2_common/pico_standard_link/binary_info.c.obj
 .binary_info.keep.__bi_ptr35
                0x100090b8        0x4 CMakeFiles/Lab5.dir/C_/Program_Files/Raspberry_Pi/Pico_SDK_v1.5.1/pico-sdk/src/rp2_common/pico_bootsel_via_double_reset/pico_bootsel_via_double_reset.c.obj
 *(.binary_info.*)
 .binary_info.__bi_ptr33
                0x100090bc        0x4 CMakeFiles/Lab5.dir/C_/Program_Files/Raspberry_Pi/Pico_SDK_v1.5.1/pico-sdk/src/rp2_common/pico_stdio_uart/stdio_uart.c.obj
 .binary_info.__bi_ptr34
                0x100090c0        0x4 CMakeFiles/Lab5.dir/C_/Program_Files/Raspberry_Pi/Pico_SDK_v1.5.1/pico-sdk/src/rp2_common/pico_stdio_uart/stdio_uart.c.obj
                0x100090c4                __binary_info_end = .

.rel.dyn        0x100090c4        0x0
 .rel.iplt      0x100090c4        0x0 c:/progra~1/raspbe~1/picosd~1.1/gcc-ar~1/bin/../lib/gcc/arm-none-eabi/10.3.1/thumb/v6-m/nofp/crtbegin.o
                0x100090c4                . = ALIGN (0x4)

.ram_vector_table
                0x20000000       0xc0
 *(.ram_vector_table)
 .ram_vector_table
                0x20000000       0xc0 CMakeFiles/Lab5.dir/C_/Program_Files/Raspberry_Pi/Pico_SDK_v1.5.1/pico-sdk/src/rp2_common/pico_runtime/runtime.c.obj
                0x20000000                ram_vector_table

.data           0x200000c0      0x1b8 load address 0x100090c4
                0x200000c0                __data_start__ = .
 *(vtable)
 *(.time_critical*)
 .time_critical.mutex_try_enter_block_until
                0x200000c0       0x9c CMakeFiles/Lab5.dir/C_/Program_Files/Raspberry_Pi/Pico_SDK_v1.5.1/pico-sdk/src/common/pico_sync/mutex.c.obj
                0x200000c0                mutex_try_enter_block_until
 .time_critical.mutex_exit
                0x2000015c       0x28 CMakeFiles/Lab5.dir/C_/Program_Files/Raspberry_Pi/Pico_SDK_v1.5.1/pico-sdk/src/common/pico_sync/mutex.c.obj
                0x2000015c                mutex_exit
 *(.text*)
 .text          0x20000184        0x4 c:/progra~1/raspbe~1/picosd~1.1/gcc-ar~1/bin/../lib/gcc/arm-none-eabi/10.3.1/thumb/v6-m/nofp\libgcc.a(_dvmd_tls.o)
                0x20000184                __aeabi_idiv0
                0x20000184                __aeabi_ldiv0
 .text.__stub   0x20000188       0x10 linker stubs
                0x20000198                . = ALIGN (0x4)
 *(.rodata*)
                0x20000198                . = ALIGN (0x4)
 *(.data*)
 .data.flag     0x20000198        0x1 CMakeFiles/Lab5.dir/TFTMaster.c.obj
                0x20000198                flag
 *fill*         0x20000199        0x3 
 .data.spi      0x2000019c        0xc CMakeFiles/Lab5.dir/TFTMaster.c.obj
                0x2000019c                spi
 .data.striped_spin_lock_num
                0x200001a8        0x1 CMakeFiles/Lab5.dir/C_/Program_Files/Raspberry_Pi/Pico_SDK_v1.5.1/pico-sdk/src/rp2_common/hardware_sync/sync.c.obj
 *fill*         0x200001a9        0x3 
 .data          0x200001ac       0x48 CMakeFiles/Lab5.dir/C_/Program_Files/Raspberry_Pi/Pico_SDK_v1.5.1/pico-sdk/src/rp2_common/hardware_irq/irq_handler_chain.S.obj
                0x200001ac                irq_handler_chain_slots
                0x200001dc                irq_handler_chain_first_slot
                0x200001e6                irq_handler_chain_remove_tail
 .data.default_alarm_pool
                0x200001f4       0x18 CMakeFiles/Lab5.dir/C_/Program_Files/Raspberry_Pi/Pico_SDK_v1.5.1/pico-sdk/src/common/pico_time/time.c.obj
 .data.default_alarm_pool_heap
                0x2000020c       0x10 CMakeFiles/Lab5.dir/C_/Program_Files/Raspberry_Pi/Pico_SDK_v1.5.1/pico-sdk/src/common/pico_time/time.c.obj
 *fill*         0x2000021c        0x4 
 .data.aeabi_bits_funcs
                0x20000220       0x10 CMakeFiles/Lab5.dir/C_/Program_Files/Raspberry_Pi/Pico_SDK_v1.5.1/pico-sdk/src/rp2_common/pico_bit_ops/bit_ops_aeabi.S.obj
                0x20000220                aeabi_bits_funcs
                0x20000230                aeabi_bits_funcs_end
 .data.aeabi_mem_funcs
                0x20000230       0x10 CMakeFiles/Lab5.dir/C_/Program_Files/Raspberry_Pi/Pico_SDK_v1.5.1/pico-sdk/src/rp2_common/pico_mem_ops/mem_ops_aeabi.S.obj
                0x20000230                aeabi_mem_funcs
                0x20000240                aeabi_mem_funcs_end
 .data.stdio_uart
                0x20000240       0x18 CMakeFiles/Lab5.dir/C_/Program_Files/Raspberry_Pi/Pico_SDK_v1.5.1/pico-sdk/src/rp2_common/pico_stdio_uart/stdio_uart.c.obj
                0x20000240                stdio_uart
                0x20000258                . = ALIGN (0x4)
 *(.after_data.*)
                0x20000258                . = ALIGN (0x4)
                0x20000258                PROVIDE (__mutex_array_start = .)
 *(SORT_BY_NAME(.mutex_array.*))
 *(.mutex_array)
 .mutex_array   0x20000258        0x8 CMakeFiles/Lab5.dir/C_/Program_Files/Raspberry_Pi/Pico_SDK_v1.5.1/pico-sdk/src/rp2_common/pico_stdio/stdio.c.obj
                0x20000260                PROVIDE (__mutex_array_end = .)
                0x20000260                . = ALIGN (0x4)
                0x20000260                PROVIDE (__preinit_array_start = .)
 *(SORT_BY_NAME(.preinit_array.*))
 .preinit_array.00001
                0x20000260        0x4 CMakeFiles/Lab5.dir/C_/Program_Files/Raspberry_Pi/Pico_SDK_v1.5.1/pico-sdk/src/rp2_common/pico_mem_ops/mem_ops_aeabi.S.obj
 .preinit_array.00010
                0x20000264        0x4 CMakeFiles/Lab5.dir/C_/Program_Files/Raspberry_Pi/Pico_SDK_v1.5.1/pico-sdk/src/rp2_common/pico_bit_ops/bit_ops_aeabi.S.obj
 .preinit_array.00020
                0x20000268        0x4 CMakeFiles/Lab5.dir/C_/Program_Files/Raspberry_Pi/Pico_SDK_v1.5.1/pico-sdk/src/rp2_common/pico_double/double_aeabi.S.obj
 .preinit_array.00020
                0x2000026c        0x4 CMakeFiles/Lab5.dir/C_/Program_Files/Raspberry_Pi/Pico_SDK_v1.5.1/pico-sdk/src/rp2_common/pico_float/float_aeabi.S.obj
 *(.preinit_array)
                0x20000270                PROVIDE (__preinit_array_end = .)
                0x20000270                . = ALIGN (0x4)
                0x20000270                PROVIDE (__init_array_start = .)
 *(SORT_BY_NAME(.init_array.*))
 *(.init_array)
 .init_array    0x20000270        0x4 c:/progra~1/raspbe~1/picosd~1.1/gcc-ar~1/bin/../lib/gcc/arm-none-eabi/10.3.1/thumb/v6-m/nofp/crtbegin.o
 .init_array    0x20000274        0x4 CMakeFiles/Lab5.dir/C_/Program_Files/Raspberry_Pi/Pico_SDK_v1.5.1/pico-sdk/src/rp2_common/pico_bootsel_via_double_reset/pico_bootsel_via_double_reset.c.obj
                0x20000278                PROVIDE (__init_array_end = .)
                0x20000278                . = ALIGN (0x4)
                [!provide]                PROVIDE (__fini_array_start = .)
 *(SORT_BY_NAME(.fini_array.*))
 *(.fini_array)
                [!provide]                PROVIDE (__fini_array_end = .)
 *(.jcr)
                0x20000278                . = ALIGN (0x4)
                0x20000278                __data_end__ = .
                0x100090c4                __etext = LOADADDR (.data)

.igot.plt       0x20000278        0x0 load address 0x1000927c
 .igot.plt      0x20000278        0x0 c:/progra~1/raspbe~1/picosd~1.1/gcc-ar~1/bin/../lib/gcc/arm-none-eabi/10.3.1/thumb/v6-m/nofp/crtbegin.o

.uninitialized_data
                0x20000278        0xc load address 0x1000927c
                0x20000278                . = ALIGN (0x4)
 *(.uninitialized_data*)
 .uninitialized_data.magic_location
                0x20000278        0xc CMakeFiles/Lab5.dir/C_/Program_Files/Raspberry_Pi/Pico_SDK_v1.5.1/pico-sdk/src/rp2_common/pico_bootsel_via_double_reset/pico_bootsel_via_double_reset.c.obj

.scratch_x      0x20040000        0x0 load address 0x1000927c
                0x20040000                __scratch_x_start__ = .
 *(.scratch_x.*)
                0x20040000                . = ALIGN (0x4)
                0x20040000                __scratch_x_end__ = .
                0x1000927c                __scratch_x_source__ = LOADADDR (.scratch_x)

.scratch_y      0x20041000        0x0 load address 0x1000927c
                0x20041000                __scratch_y_start__ = .
 *(.scratch_y.*)
                0x20041000                . = ALIGN (0x4)
                0x20041000                __scratch_y_end__ = .
                0x1000927c                __scratch_y_source__ = LOADADDR (.scratch_y)

.bss            0x20000288      0x498
                0x20000288                . = ALIGN (0x4)
                0x20000288                __bss_start__ = .
 *(SORT_BY_ALIGNMENT(SORT_BY_NAME(.bss*)))
 .bss.default_alarm_pool_entries
                0x20000288      0x100 CMakeFiles/Lab5.dir/C_/Program_Files/Raspberry_Pi/Pico_SDK_v1.5.1/pico-sdk/src/common/pico_time/time.c.obj
 .bss.sd_table  0x20000388      0x100 CMakeFiles/Lab5.dir/C_/Program_Files/Raspberry_Pi/Pico_SDK_v1.5.1/pico-sdk/src/rp2_common/pico_double/double_init_rom.c.obj
                0x20000388                sd_table
 .bss.sf_table  0x20000488      0x100 CMakeFiles/Lab5.dir/C_/Program_Files/Raspberry_Pi/Pico_SDK_v1.5.1/pico-sdk/src/rp2_common/pico_float/float_init_rom.c.obj
                0x20000488                sf_table
 .bss           0x20000588       0x1c c:/progra~1/raspbe~1/picosd~1.1/gcc-ar~1/bin/../lib/gcc/arm-none-eabi/10.3.1/thumb/v6-m/nofp/crtbegin.o
 .bss._used_instruction_space
                0x200005a4        0x8 CMakeFiles/Lab5.dir/C_/Program_Files/Raspberry_Pi/Pico_SDK_v1.5.1/pico-sdk/src/rp2_common/hardware_pio/pio.c.obj
 .bss.alarm_callbacks
                0x200005ac       0x10 CMakeFiles/Lab5.dir/C_/Program_Files/Raspberry_Pi/Pico_SDK_v1.5.1/pico-sdk/src/rp2_common/hardware_timer/timer.c.obj
 .bss.chars_available_callback
                0x200005bc        0x4 CMakeFiles/Lab5.dir/C_/Program_Files/Raspberry_Pi/Pico_SDK_v1.5.1/pico-sdk/src/rp2_common/pico_stdio_uart/stdio_uart.c.obj
 .bss.chars_available_param
                0x200005c0        0x4 CMakeFiles/Lab5.dir/C_/Program_Files/Raspberry_Pi/Pico_SDK_v1.5.1/pico-sdk/src/rp2_common/pico_stdio_uart/stdio_uart.c.obj
 .bss.configured_freq
                0x200005c4       0x28 CMakeFiles/Lab5.dir/C_/Program_Files/Raspberry_Pi/Pico_SDK_v1.5.1/pico-sdk/src/rp2_common/hardware_clocks/clocks.c.obj
 .bss.default_alarm_pool_entry_ids_high
                0x200005ec       0x10 CMakeFiles/Lab5.dir/C_/Program_Files/Raspberry_Pi/Pico_SDK_v1.5.1/pico-sdk/src/common/pico_time/time.c.obj
 .bss.default_alarm_pool_heap_nodes
                0x200005fc       0x30 CMakeFiles/Lab5.dir/C_/Program_Files/Raspberry_Pi/Pico_SDK_v1.5.1/pico-sdk/src/common/pico_time/time.c.obj
 .bss.drivers   0x2000062c        0x4 CMakeFiles/Lab5.dir/C_/Program_Files/Raspberry_Pi/Pico_SDK_v1.5.1/pico-sdk/src/rp2_common/pico_stdio/stdio.c.obj
 .bss.filter    0x20000630        0x4 CMakeFiles/Lab5.dir/C_/Program_Files/Raspberry_Pi/Pico_SDK_v1.5.1/pico-sdk/src/rp2_common/pico_stdio/stdio.c.obj
 .bss.initial_buf
                0x20000634       0x1e CMakeFiles/Lab5.dir/fsm.c.obj
                0x20000634                initial_buf
 *fill*         0x20000652        0x2 
 .bss.input_sense.1
                0x20000654        0x4 CMakeFiles/Lab5.dir/fsm.c.obj
 .bss.lazy_vsnprintf
                0x20000658        0x4 CMakeFiles/Lab5.dir/C_/Program_Files/Raspberry_Pi/Pico_SDK_v1.5.1/pico-sdk/src/rp2_common/pico_printf/printf.c.obj
 .bss.num_1     0x2000065c       0x1e CMakeFiles/Lab5.dir/fsm.c.obj
                0x2000065c                num_1
 *fill*         0x2000067a        0x2 
 .bss.num_2     0x2000067c       0x1e CMakeFiles/Lab5.dir/fsm.c.obj
                0x2000067c                num_2
 *fill*         0x2000069a        0x2 
 .bss.number1   0x2000069c        0x4 CMakeFiles/Lab5.dir/fsm.c.obj
                0x2000069c                number1
 .bss.number2   0x200006a0        0x4 CMakeFiles/Lab5.dir/fsm.c.obj
                0x200006a0                number2
 .bss.number_add
                0x200006a4        0x4 CMakeFiles/Lab5.dir/fsm.c.obj
                0x200006a4                number_add
 .bss.offset    0x200006a8        0x4 CMakeFiles/Lab5.dir/TFTMaster.c.obj
                0x200006a8                offset
 .bss.operator.0
                0x200006ac        0x4 CMakeFiles/Lab5.dir/fsm.c.obj
 .bss.pools     0x200006b0       0x10 CMakeFiles/Lab5.dir/C_/Program_Files/Raspberry_Pi/Pico_SDK_v1.5.1/pico-sdk/src/common/pico_time/time.c.obj
 .bss.result    0x200006c0        0x4 CMakeFiles/Lab5.dir/fsm.c.obj
                0x200006c0                result
 .bss.result1   0x200006c4       0x1e CMakeFiles/Lab5.dir/fsm.c.obj
                0x200006c4                result1
 *fill*         0x200006e2        0x2 
 .bss.sf_clz_func
                0x200006e4        0x4 CMakeFiles/Lab5.dir/C_/Program_Files/Raspberry_Pi/Pico_SDK_v1.5.1/pico-sdk/src/rp2_common/pico_double/double_init_rom.c.obj
                0x200006e4                sf_clz_func
 .bss.sleep_notifier
                0x200006e8        0x4 CMakeFiles/Lab5.dir/C_/Program_Files/Raspberry_Pi/Pico_SDK_v1.5.1/pico-sdk/src/common/pico_time/time.c.obj
 .bss.target_hi
                0x200006ec       0x10 CMakeFiles/Lab5.dir/C_/Program_Files/Raspberry_Pi/Pico_SDK_v1.5.1/pico-sdk/src/rp2_common/hardware_timer/timer.c.obj
 .bss.uart_char_to_line_feed
                0x200006fc        0x4 CMakeFiles/Lab5.dir/C_/Program_Files/Raspberry_Pi/Pico_SDK_v1.5.1/pico-sdk/src/rp2_common/hardware_uart/uart.c.obj
                0x200006fc                uart_char_to_line_feed
 .bss.uart_instance
                0x20000700        0x4 CMakeFiles/Lab5.dir/C_/Program_Files/Raspberry_Pi/Pico_SDK_v1.5.1/pico-sdk/src/rp2_common/pico_stdio_uart/stdio_uart.c.obj
 .bss._height   0x20000704        0x2 CMakeFiles/Lab5.dir/TFTMaster.c.obj
                0x20000704                _height
 .bss._width    0x20000706        0x2 CMakeFiles/Lab5.dir/TFTMaster.c.obj
                0x20000706                _width
 .bss.cursor_x  0x20000708        0x2 CMakeFiles/Lab5.dir/TFTMaster.c.obj
                0x20000708                cursor_x
 .bss.cursor_y  0x2000070a        0x2 CMakeFiles/Lab5.dir/TFTMaster.c.obj
                0x2000070a                cursor_y
 .bss.px        0x2000070c        0x2 CMakeFiles/Lab5.dir/fsm.c.obj
                0x2000070c                px
 .bss.py        0x2000070e        0x2 CMakeFiles/Lab5.dir/fsm.c.obj
                0x2000070e                py
 .bss.textbgcolor
                0x20000710        0x2 CMakeFiles/Lab5.dir/TFTMaster.c.obj
                0x20000710                textbgcolor
 .bss.textcolor
                0x20000712        0x2 CMakeFiles/Lab5.dir/TFTMaster.c.obj
                0x20000712                textcolor
 .bss.textsize  0x20000714        0x2 CMakeFiles/Lab5.dir/TFTMaster.c.obj
                0x20000714                textsize
 .bss.wrap      0x20000716        0x2 CMakeFiles/Lab5.dir/TFTMaster.c.obj
                0x20000716                wrap
 .bss.FSM_STATE.2
                0x20000718        0x1 CMakeFiles/Lab5.dir/fsm.c.obj
 .bss.claimed   0x20000719        0x1 CMakeFiles/Lab5.dir/C_/Program_Files/Raspberry_Pi/Pico_SDK_v1.5.1/pico-sdk/src/rp2_common/hardware_timer/timer.c.obj
 .bss.irq_hander_chain_free_slot_head
                0x2000071a        0x1 CMakeFiles/Lab5.dir/C_/Program_Files/Raspberry_Pi/Pico_SDK_v1.5.1/pico-sdk/src/rp2_common/hardware_irq/irq.c.obj
 .bss.pressed   0x2000071b        0x1 CMakeFiles/Lab5.dir/fsm.c.obj
                0x2000071b                pressed
 .bss.timer_callbacks_pending
                0x2000071c        0x1 CMakeFiles/Lab5.dir/C_/Program_Files/Raspberry_Pi/Pico_SDK_v1.5.1/pico-sdk/src/rp2_common/hardware_timer/timer.c.obj
 *(COMMON)
                0x20000720                . = ALIGN (0x4)
 *fill*         0x2000071d        0x3 
                0x20000720                __bss_end__ = .

.heap           0x20000720      0x800
                0x20000720                __end__ = .
                0x20000720                end = __end__
 *(.heap*)
 .heap          0x20000720      0x800 CMakeFiles/Lab5.dir/C_/Program_Files/Raspberry_Pi/Pico_SDK_v1.5.1/pico-sdk/src/rp2_common/pico_standard_link/crt0.S.obj
                0x20000f20                __HeapLimit = .

.stack1_dummy   0x20040000        0x0
 *(.stack1*)

.stack_dummy    0x20041000      0x800
 *(.stack*)
 .stack         0x20041000      0x800 CMakeFiles/Lab5.dir/C_/Program_Files/Raspberry_Pi/Pico_SDK_v1.5.1/pico-sdk/src/rp2_common/pico_standard_link/crt0.S.obj

.flash_end      0x1000927c        0x0
                0x1000927c                PROVIDE (__flash_binary_end = .)
                0x20040000                __StackLimit = (ORIGIN (RAM) + LENGTH (RAM))
                0x20041000                __StackOneTop = (ORIGIN (SCRATCH_X) + LENGTH (SCRATCH_X))
                0x20042000                __StackTop = (ORIGIN (SCRATCH_Y) + LENGTH (SCRATCH_Y))
                0x20041000                __StackOneBottom = (__StackOneTop - SIZEOF (.stack1_dummy))
                0x20041800                __StackBottom = (__StackTop - SIZEOF (.stack_dummy))
                0x20042000                PROVIDE (__stack = __StackTop)
                0x00000001                ASSERT ((__StackLimit >= __HeapLimit), region RAM overflowed)
                0x00000001                ASSERT (((__binary_info_header_end - __logical_binary_start) <= 0x100), Binary info must be in first 256 bytes of the binary)
LOAD CMakeFiles/Lab5.dir/TouchScreen.c.obj
LOAD CMakeFiles/Lab5.dir/TFTMaster.c.obj
LOAD CMakeFiles/Lab5.dir/glcdfont.c.obj
LOAD CMakeFiles/Lab5.dir/calculator.c.obj
LOAD CMakeFiles/Lab5.dir/fsm.c.obj
LOAD CMakeFiles/Lab5.dir/ts_lcd.c.obj
LOAD CMakeFiles/Lab5.dir/main.c.obj
LOAD CMakeFiles/Lab5.dir/read_input.c.obj
LOAD CMakeFiles/Lab5.dir/getButtonPressed.c.obj
LOAD CMakeFiles/Lab5.dir/arrayClear.c.obj
LOAD CMakeFiles/Lab5.dir/C_/Program_Files/Raspberry_Pi/Pico_SDK_v1.5.1/pico-sdk/src/rp2_common/pico_stdlib/stdlib.c.obj
LOAD CMakeFiles/Lab5.dir/C_/Program_Files/Raspberry_Pi/Pico_SDK_v1.5.1/pico-sdk/src/rp2_common/hardware_gpio/gpio.c.obj
LOAD CMakeFiles/Lab5.dir/C_/Program_Files/Raspberry_Pi/Pico_SDK_v1.5.1/pico-sdk/src/rp2_common/pico_platform/platform.c.obj
LOAD CMakeFiles/Lab5.dir/C_/Program_Files/Raspberry_Pi/Pico_SDK_v1.5.1/pico-sdk/src/rp2_common/hardware_claim/claim.c.obj
LOAD CMakeFiles/Lab5.dir/C_/Program_Files/Raspberry_Pi/Pico_SDK_v1.5.1/pico-sdk/src/rp2_common/hardware_sync/sync.c.obj
LOAD CMakeFiles/Lab5.dir/C_/Program_Files/Raspberry_Pi/Pico_SDK_v1.5.1/pico-sdk/src/rp2_common/hardware_irq/irq.c.obj
LOAD CMakeFiles/Lab5.dir/C_/Program_Files/Raspberry_Pi/Pico_SDK_v1.5.1/pico-sdk/src/rp2_common/hardware_irq/irq_handler_chain.S.obj
LOAD CMakeFiles/Lab5.dir/C_/Program_Files/Raspberry_Pi/Pico_SDK_v1.5.1/pico-sdk/src/common/pico_sync/sem.c.obj
LOAD CMakeFiles/Lab5.dir/C_/Program_Files/Raspberry_Pi/Pico_SDK_v1.5.1/pico-sdk/src/common/pico_sync/lock_core.c.obj
LOAD CMakeFiles/Lab5.dir/C_/Program_Files/Raspberry_Pi/Pico_SDK_v1.5.1/pico-sdk/src/common/pico_sync/mutex.c.obj
LOAD CMakeFiles/Lab5.dir/C_/Program_Files/Raspberry_Pi/Pico_SDK_v1.5.1/pico-sdk/src/common/pico_sync/critical_section.c.obj
LOAD CMakeFiles/Lab5.dir/C_/Program_Files/Raspberry_Pi/Pico_SDK_v1.5.1/pico-sdk/src/common/pico_time/time.c.obj
LOAD CMakeFiles/Lab5.dir/C_/Program_Files/Raspberry_Pi/Pico_SDK_v1.5.1/pico-sdk/src/common/pico_time/timeout_helper.c.obj
LOAD CMakeFiles/Lab5.dir/C_/Program_Files/Raspberry_Pi/Pico_SDK_v1.5.1/pico-sdk/src/rp2_common/hardware_timer/timer.c.obj
LOAD CMakeFiles/Lab5.dir/C_/Program_Files/Raspberry_Pi/Pico_SDK_v1.5.1/pico-sdk/src/common/pico_util/datetime.c.obj
LOAD CMakeFiles/Lab5.dir/C_/Program_Files/Raspberry_Pi/Pico_SDK_v1.5.1/pico-sdk/src/common/pico_util/pheap.c.obj
LOAD CMakeFiles/Lab5.dir/C_/Program_Files/Raspberry_Pi/Pico_SDK_v1.5.1/pico-sdk/src/common/pico_util/queue.c.obj
LOAD CMakeFiles/Lab5.dir/C_/Program_Files/Raspberry_Pi/Pico_SDK_v1.5.1/pico-sdk/src/rp2_common/hardware_uart/uart.c.obj
LOAD CMakeFiles/Lab5.dir/C_/Program_Files/Raspberry_Pi/Pico_SDK_v1.5.1/pico-sdk/src/rp2_common/hardware_clocks/clocks.c.obj
LOAD CMakeFiles/Lab5.dir/C_/Program_Files/Raspberry_Pi/Pico_SDK_v1.5.1/pico-sdk/src/rp2_common/hardware_pll/pll.c.obj
LOAD CMakeFiles/Lab5.dir/C_/Program_Files/Raspberry_Pi/Pico_SDK_v1.5.1/pico-sdk/src/rp2_common/hardware_vreg/vreg.c.obj
LOAD CMakeFiles/Lab5.dir/C_/Program_Files/Raspberry_Pi/Pico_SDK_v1.5.1/pico-sdk/src/rp2_common/hardware_watchdog/watchdog.c.obj
LOAD CMakeFiles/Lab5.dir/C_/Program_Files/Raspberry_Pi/Pico_SDK_v1.5.1/pico-sdk/src/rp2_common/hardware_xosc/xosc.c.obj
LOAD CMakeFiles/Lab5.dir/C_/Program_Files/Raspberry_Pi/Pico_SDK_v1.5.1/pico-sdk/src/rp2_common/hardware_divider/divider.S.obj
LOAD CMakeFiles/Lab5.dir/C_/Program_Files/Raspberry_Pi/Pico_SDK_v1.5.1/pico-sdk/src/rp2_common/pico_runtime/runtime.c.obj
LOAD CMakeFiles/Lab5.dir/C_/Program_Files/Raspberry_Pi/Pico_SDK_v1.5.1/pico-sdk/src/rp2_common/pico_printf/printf.c.obj
LOAD CMakeFiles/Lab5.dir/C_/Program_Files/Raspberry_Pi/Pico_SDK_v1.5.1/pico-sdk/src/rp2_common/pico_bit_ops/bit_ops_aeabi.S.obj
LOAD CMakeFiles/Lab5.dir/C_/Program_Files/Raspberry_Pi/Pico_SDK_v1.5.1/pico-sdk/src/rp2_common/pico_bootrom/bootrom.c.obj
LOAD CMakeFiles/Lab5.dir/C_/Program_Files/Raspberry_Pi/Pico_SDK_v1.5.1/pico-sdk/src/rp2_common/pico_divider/divider.S.obj
LOAD CMakeFiles/Lab5.dir/C_/Program_Files/Raspberry_Pi/Pico_SDK_v1.5.1/pico-sdk/src/rp2_common/pico_double/double_aeabi.S.obj
LOAD CMakeFiles/Lab5.dir/C_/Program_Files/Raspberry_Pi/Pico_SDK_v1.5.1/pico-sdk/src/rp2_common/pico_double/double_init_rom.c.obj
LOAD CMakeFiles/Lab5.dir/C_/Program_Files/Raspberry_Pi/Pico_SDK_v1.5.1/pico-sdk/src/rp2_common/pico_double/double_math.c.obj
LOAD CMakeFiles/Lab5.dir/C_/Program_Files/Raspberry_Pi/Pico_SDK_v1.5.1/pico-sdk/src/rp2_common/pico_double/double_v1_rom_shim.S.obj
LOAD CMakeFiles/Lab5.dir/C_/Program_Files/Raspberry_Pi/Pico_SDK_v1.5.1/pico-sdk/src/rp2_common/pico_int64_ops/pico_int64_ops_aeabi.S.obj
LOAD CMakeFiles/Lab5.dir/C_/Program_Files/Raspberry_Pi/Pico_SDK_v1.5.1/pico-sdk/src/rp2_common/pico_float/float_aeabi.S.obj
LOAD CMakeFiles/Lab5.dir/C_/Program_Files/Raspberry_Pi/Pico_SDK_v1.5.1/pico-sdk/src/rp2_common/pico_float/float_init_rom.c.obj
LOAD CMakeFiles/Lab5.dir/C_/Program_Files/Raspberry_Pi/Pico_SDK_v1.5.1/pico-sdk/src/rp2_common/pico_float/float_math.c.obj
LOAD CMakeFiles/Lab5.dir/C_/Program_Files/Raspberry_Pi/Pico_SDK_v1.5.1/pico-sdk/src/rp2_common/pico_float/float_v1_rom_shim.S.obj
LOAD CMakeFiles/Lab5.dir/C_/Program_Files/Raspberry_Pi/Pico_SDK_v1.5.1/pico-sdk/src/rp2_common/pico_malloc/pico_malloc.c.obj
LOAD CMakeFiles/Lab5.dir/C_/Program_Files/Raspberry_Pi/Pico_SDK_v1.5.1/pico-sdk/src/rp2_common/pico_mem_ops/mem_ops_aeabi.S.obj
LOAD CMakeFiles/Lab5.dir/C_/Program_Files/Raspberry_Pi/Pico_SDK_v1.5.1/pico-sdk/src/rp2_common/pico_standard_link/crt0.S.obj
LOAD CMakeFiles/Lab5.dir/C_/Program_Files/Raspberry_Pi/Pico_SDK_v1.5.1/pico-sdk/src/rp2_common/pico_standard_link/new_delete.cpp.obj
LOAD CMakeFiles/Lab5.dir/C_/Program_Files/Raspberry_Pi/Pico_SDK_v1.5.1/pico-sdk/src/rp2_common/pico_standard_link/binary_info.c.obj
LOAD CMakeFiles/Lab5.dir/C_/Program_Files/Raspberry_Pi/Pico_SDK_v1.5.1/pico-sdk/src/rp2_common/pico_stdio/stdio.c.obj
LOAD CMakeFiles/Lab5.dir/C_/Program_Files/Raspberry_Pi/Pico_SDK_v1.5.1/pico-sdk/src/rp2_common/pico_stdio_uart/stdio_uart.c.obj
LOAD CMakeFiles/Lab5.dir/C_/Program_Files/Raspberry_Pi/Pico_SDK_v1.5.1/pico-sdk/src/rp2_common/hardware_adc/adc.c.obj
LOAD CMakeFiles/Lab5.dir/C_/Program_Files/Raspberry_Pi/Pico_SDK_v1.5.1/pico-sdk/src/rp2_common/hardware_pio/pio.c.obj
LOAD CMakeFiles/Lab5.dir/C_/Program_Files/Raspberry_Pi/Pico_SDK_v1.5.1/pico-sdk/src/rp2_common/pico_bootsel_via_double_reset/pico_bootsel_via_double_reset.c.obj
LOAD C:\Users\kaushikp\AppData\Local\Temp\ccmGdS6b.o
LOAD c:/progra~1/raspbe~1/picosd~1.1/gcc-ar~1/bin/../lib/gcc/arm-none-eabi/10.3.1/../../../../arm-none-eabi/lib/thumb/v6-m/nofp\libstdc++.a
LOAD c:/progra~1/raspbe~1/picosd~1.1/gcc-ar~1/bin/../lib/gcc/arm-none-eabi/10.3.1/../../../../arm-none-eabi/lib/thumb/v6-m/nofp\libm.a
START GROUP
LOAD c:/progra~1/raspbe~1/picosd~1.1/gcc-ar~1/bin/../lib/gcc/arm-none-eabi/10.3.1/thumb/v6-m/nofp\libgcc.a
LOAD c:/progra~1/raspbe~1/picosd~1.1/gcc-ar~1/bin/../lib/gcc/arm-none-eabi/10.3.1/../../../../arm-none-eabi/lib/thumb/v6-m/nofp\libc.a
END GROUP
START GROUP
LOAD c:/progra~1/raspbe~1/picosd~1.1/gcc-ar~1/bin/../lib/gcc/arm-none-eabi/10.3.1/thumb/v6-m/nofp\libgcc.a
LOAD c:/progra~1/raspbe~1/picosd~1.1/gcc-ar~1/bin/../lib/gcc/arm-none-eabi/10.3.1/../../../../arm-none-eabi/lib/thumb/v6-m/nofp\libc.a
LOAD c:/progra~1/raspbe~1/picosd~1.1/gcc-ar~1/bin/../lib/gcc/arm-none-eabi/10.3.1/../../../../arm-none-eabi/lib/thumb/v6-m/nofp\libnosys.a
END GROUP
LOAD c:/progra~1/raspbe~1/picosd~1.1/gcc-ar~1/bin/../lib/gcc/arm-none-eabi/10.3.1/thumb/v6-m/nofp/crtend.o
LOAD c:/progra~1/raspbe~1/picosd~1.1/gcc-ar~1/bin/../lib/gcc/arm-none-eabi/10.3.1/thumb/v6-m/nofp/crtn.o
OUTPUT(Lab5.elf elf32-littlearm)
LOAD linker stubs

.ARM.attributes
                0x00000000       0x28
 .ARM.attributes
                0x00000000       0x1e c:/progra~1/raspbe~1/picosd~1.1/gcc-ar~1/bin/../lib/gcc/arm-none-eabi/10.3.1/thumb/v6-m/nofp/crti.o
 .ARM.attributes
                0x0000001e       0x2c c:/progra~1/raspbe~1/picosd~1.1/gcc-ar~1/bin/../lib/gcc/arm-none-eabi/10.3.1/thumb/v6-m/nofp/crtbegin.o
 .ARM.attributes
                0x0000004a       0x2c CMakeFiles/Lab5.dir/TouchScreen.c.obj
 .ARM.attributes
                0x00000076       0x2c CMakeFiles/Lab5.dir/TFTMaster.c.obj
 .ARM.attributes
                0x000000a2       0x2c CMakeFiles/Lab5.dir/calculator.c.obj
 .ARM.attributes
                0x000000ce       0x2c CMakeFiles/Lab5.dir/fsm.c.obj
 .ARM.attributes
                0x000000fa       0x2c CMakeFiles/Lab5.dir/ts_lcd.c.obj
 .ARM.attributes
                0x00000126       0x2c CMakeFiles/Lab5.dir/main.c.obj
 .ARM.attributes
                0x00000152       0x2c CMakeFiles/Lab5.dir/read_input.c.obj
 .ARM.attributes
                0x0000017e       0x2c CMakeFiles/Lab5.dir/arrayClear.c.obj
 .ARM.attributes
                0x000001aa       0x2c CMakeFiles/Lab5.dir/C_/Program_Files/Raspberry_Pi/Pico_SDK_v1.5.1/pico-sdk/src/rp2_common/hardware_gpio/gpio.c.obj
 .ARM.attributes
                0x000001d6       0x2c CMakeFiles/Lab5.dir/C_/Program_Files/Raspberry_Pi/Pico_SDK_v1.5.1/pico-sdk/src/rp2_common/pico_platform/platform.c.obj
 .ARM.attributes
                0x00000202       0x2c CMakeFiles/Lab5.dir/C_/Program_Files/Raspberry_Pi/Pico_SDK_v1.5.1/pico-sdk/src/rp2_common/hardware_claim/claim.c.obj
 .ARM.attributes
                0x0000022e       0x2c CMakeFiles/Lab5.dir/C_/Program_Files/Raspberry_Pi/Pico_SDK_v1.5.1/pico-sdk/src/rp2_common/hardware_sync/sync.c.obj
 .ARM.attributes
                0x0000025a       0x2c CMakeFiles/Lab5.dir/C_/Program_Files/Raspberry_Pi/Pico_SDK_v1.5.1/pico-sdk/src/rp2_common/hardware_irq/irq.c.obj
 .ARM.attributes
                0x00000286       0x22 CMakeFiles/Lab5.dir/C_/Program_Files/Raspberry_Pi/Pico_SDK_v1.5.1/pico-sdk/src/rp2_common/hardware_irq/irq_handler_chain.S.obj
 .ARM.attributes
                0x000002a8       0x2c CMakeFiles/Lab5.dir/C_/Program_Files/Raspberry_Pi/Pico_SDK_v1.5.1/pico-sdk/src/common/pico_sync/lock_core.c.obj
 .ARM.attributes
                0x000002d4       0x2c CMakeFiles/Lab5.dir/C_/Program_Files/Raspberry_Pi/Pico_SDK_v1.5.1/pico-sdk/src/common/pico_sync/mutex.c.obj
 .ARM.attributes
                0x00000300       0x2c CMakeFiles/Lab5.dir/C_/Program_Files/Raspberry_Pi/Pico_SDK_v1.5.1/pico-sdk/src/common/pico_time/time.c.obj
 .ARM.attributes
                0x0000032c       0x2c CMakeFiles/Lab5.dir/C_/Program_Files/Raspberry_Pi/Pico_SDK_v1.5.1/pico-sdk/src/rp2_common/hardware_timer/timer.c.obj
 .ARM.attributes
                0x00000358       0x2c CMakeFiles/Lab5.dir/C_/Program_Files/Raspberry_Pi/Pico_SDK_v1.5.1/pico-sdk/src/common/pico_util/pheap.c.obj
 .ARM.attributes
                0x00000384       0x2c CMakeFiles/Lab5.dir/C_/Program_Files/Raspberry_Pi/Pico_SDK_v1.5.1/pico-sdk/src/rp2_common/hardware_uart/uart.c.obj
 .ARM.attributes
                0x000003b0       0x2c CMakeFiles/Lab5.dir/C_/Program_Files/Raspberry_Pi/Pico_SDK_v1.5.1/pico-sdk/src/rp2_common/hardware_clocks/clocks.c.obj
 .ARM.attributes
                0x000003dc       0x2c CMakeFiles/Lab5.dir/C_/Program_Files/Raspberry_Pi/Pico_SDK_v1.5.1/pico-sdk/src/rp2_common/hardware_pll/pll.c.obj
 .ARM.attributes
                0x00000408       0x2c CMakeFiles/Lab5.dir/C_/Program_Files/Raspberry_Pi/Pico_SDK_v1.5.1/pico-sdk/src/rp2_common/hardware_watchdog/watchdog.c.obj
 .ARM.attributes
                0x00000434       0x2c CMakeFiles/Lab5.dir/C_/Program_Files/Raspberry_Pi/Pico_SDK_v1.5.1/pico-sdk/src/rp2_common/hardware_xosc/xosc.c.obj
 .ARM.attributes
                0x00000460       0x2c CMakeFiles/Lab5.dir/C_/Program_Files/Raspberry_Pi/Pico_SDK_v1.5.1/pico-sdk/src/rp2_common/pico_runtime/runtime.c.obj
 .ARM.attributes
                0x0000048c       0x2c CMakeFiles/Lab5.dir/C_/Program_Files/Raspberry_Pi/Pico_SDK_v1.5.1/pico-sdk/src/rp2_common/pico_printf/printf.c.obj
 .ARM.attributes
                0x000004b8       0x22 CMakeFiles/Lab5.dir/C_/Program_Files/Raspberry_Pi/Pico_SDK_v1.5.1/pico-sdk/src/rp2_common/pico_bit_ops/bit_ops_aeabi.S.obj
 .ARM.attributes
                0x000004da       0x2c CMakeFiles/Lab5.dir/C_/Program_Files/Raspberry_Pi/Pico_SDK_v1.5.1/pico-sdk/src/rp2_common/pico_bootrom/bootrom.c.obj
 .ARM.attributes
                0x00000506       0x22 CMakeFiles/Lab5.dir/C_/Program_Files/Raspberry_Pi/Pico_SDK_v1.5.1/pico-sdk/src/rp2_common/pico_divider/divider.S.obj
 .ARM.attributes
                0x00000528       0x22 CMakeFiles/Lab5.dir/C_/Program_Files/Raspberry_Pi/Pico_SDK_v1.5.1/pico-sdk/src/rp2_common/pico_double/double_aeabi.S.obj
 .ARM.attributes
                0x0000054a       0x2c CMakeFiles/Lab5.dir/C_/Program_Files/Raspberry_Pi/Pico_SDK_v1.5.1/pico-sdk/src/rp2_common/pico_double/double_init_rom.c.obj
 .ARM.attributes
                0x00000576       0x22 CMakeFiles/Lab5.dir/C_/Program_Files/Raspberry_Pi/Pico_SDK_v1.5.1/pico-sdk/src/rp2_common/pico_double/double_v1_rom_shim.S.obj
 .ARM.attributes
                0x00000598       0x22 CMakeFiles/Lab5.dir/C_/Program_Files/Raspberry_Pi/Pico_SDK_v1.5.1/pico-sdk/src/rp2_common/pico_int64_ops/pico_int64_ops_aeabi.S.obj
 .ARM.attributes
                0x000005ba       0x22 CMakeFiles/Lab5.dir/C_/Program_Files/Raspberry_Pi/Pico_SDK_v1.5.1/pico-sdk/src/rp2_common/pico_float/float_aeabi.S.obj
 .ARM.attributes
                0x000005dc       0x2c CMakeFiles/Lab5.dir/C_/Program_Files/Raspberry_Pi/Pico_SDK_v1.5.1/pico-sdk/src/rp2_common/pico_float/float_init_rom.c.obj
 .ARM.attributes
                0x00000608       0x22 CMakeFiles/Lab5.dir/C_/Program_Files/Raspberry_Pi/Pico_SDK_v1.5.1/pico-sdk/src/rp2_common/pico_float/float_v1_rom_shim.S.obj
 .ARM.attributes
                0x0000062a       0x22 CMakeFiles/Lab5.dir/C_/Program_Files/Raspberry_Pi/Pico_SDK_v1.5.1/pico-sdk/src/rp2_common/pico_mem_ops/mem_ops_aeabi.S.obj
 .ARM.attributes
                0x0000064c       0x22 CMakeFiles/Lab5.dir/C_/Program_Files/Raspberry_Pi/Pico_SDK_v1.5.1/pico-sdk/src/rp2_common/pico_standard_link/crt0.S.obj
 .ARM.attributes
                0x0000066e       0x2c CMakeFiles/Lab5.dir/C_/Program_Files/Raspberry_Pi/Pico_SDK_v1.5.1/pico-sdk/src/rp2_common/pico_standard_link/binary_info.c.obj
 .ARM.attributes
                0x0000069a       0x2c CMakeFiles/Lab5.dir/C_/Program_Files/Raspberry_Pi/Pico_SDK_v1.5.1/pico-sdk/src/rp2_common/pico_stdio/stdio.c.obj
 .ARM.attributes
                0x000006c6       0x2c CMakeFiles/Lab5.dir/C_/Program_Files/Raspberry_Pi/Pico_SDK_v1.5.1/pico-sdk/src/rp2_common/pico_stdio_uart/stdio_uart.c.obj
 .ARM.attributes
                0x000006f2       0x2c CMakeFiles/Lab5.dir/C_/Program_Files/Raspberry_Pi/Pico_SDK_v1.5.1/pico-sdk/src/rp2_common/hardware_adc/adc.c.obj
 .ARM.attributes
                0x0000071e       0x2c CMakeFiles/Lab5.dir/C_/Program_Files/Raspberry_Pi/Pico_SDK_v1.5.1/pico-sdk/src/rp2_common/hardware_pio/pio.c.obj
 .ARM.attributes
                0x0000074a       0x2c CMakeFiles/Lab5.dir/C_/Program_Files/Raspberry_Pi/Pico_SDK_v1.5.1/pico-sdk/src/rp2_common/pico_bootsel_via_double_reset/pico_bootsel_via_double_reset.c.obj
 .ARM.attributes
                0x00000776       0x22 C:\Users\kaushikp\AppData\Local\Temp\ccmGdS6b.o
 .ARM.attributes
                0x00000798       0x1e c:/progra~1/raspbe~1/picosd~1.1/gcc-ar~1/bin/../lib/gcc/arm-none-eabi/10.3.1/thumb/v6-m/nofp\libgcc.a(_dvmd_tls.o)
 .ARM.attributes
                0x000007b6       0x2c c:/progra~1/raspbe~1/picosd~1.1/gcc-ar~1/bin/../lib/gcc/arm-none-eabi/10.3.1/../../../../arm-none-eabi/lib/thumb/v6-m/nofp\libc.a(lib_a-strlen-stub.o)

.comment        0x00000000       0x49
 .comment       0x00000000       0x49 CMakeFiles/Lab5.dir/TouchScreen.c.obj
                                 0x4a (size before relaxing)
 .comment       0x00000049       0x4a CMakeFiles/Lab5.dir/TFTMaster.c.obj
 .comment       0x00000049       0x4a CMakeFiles/Lab5.dir/calculator.c.obj
 .comment       0x00000049       0x4a CMakeFiles/Lab5.dir/fsm.c.obj
 .comment       0x00000049       0x4a CMakeFiles/Lab5.dir/ts_lcd.c.obj
 .comment       0x00000049       0x4a CMakeFiles/Lab5.dir/main.c.obj
 .comment       0x00000049       0x4a CMakeFiles/Lab5.dir/read_input.c.obj
 .comment       0x00000049       0x4a CMakeFiles/Lab5.dir/arrayClear.c.obj
 .comment       0x00000049       0x4a CMakeFiles/Lab5.dir/C_/Program_Files/Raspberry_Pi/Pico_SDK_v1.5.1/pico-sdk/src/rp2_common/hardware_gpio/gpio.c.obj
 .comment       0x00000049       0x4a CMakeFiles/Lab5.dir/C_/Program_Files/Raspberry_Pi/Pico_SDK_v1.5.1/pico-sdk/src/rp2_common/pico_platform/platform.c.obj
 .comment       0x00000049       0x4a CMakeFiles/Lab5.dir/C_/Program_Files/Raspberry_Pi/Pico_SDK_v1.5.1/pico-sdk/src/rp2_common/hardware_claim/claim.c.obj
 .comment       0x00000049       0x4a CMakeFiles/Lab5.dir/C_/Program_Files/Raspberry_Pi/Pico_SDK_v1.5.1/pico-sdk/src/rp2_common/hardware_sync/sync.c.obj
 .comment       0x00000049       0x4a CMakeFiles/Lab5.dir/C_/Program_Files/Raspberry_Pi/Pico_SDK_v1.5.1/pico-sdk/src/rp2_common/hardware_irq/irq.c.obj
 .comment       0x00000049       0x4a CMakeFiles/Lab5.dir/C_/Program_Files/Raspberry_Pi/Pico_SDK_v1.5.1/pico-sdk/src/common/pico_sync/lock_core.c.obj
 .comment       0x00000049       0x4a CMakeFiles/Lab5.dir/C_/Program_Files/Raspberry_Pi/Pico_SDK_v1.5.1/pico-sdk/src/common/pico_sync/mutex.c.obj
 .comment       0x00000049       0x4a CMakeFiles/Lab5.dir/C_/Program_Files/Raspberry_Pi/Pico_SDK_v1.5.1/pico-sdk/src/common/pico_time/time.c.obj
 .comment       0x00000049       0x4a CMakeFiles/Lab5.dir/C_/Program_Files/Raspberry_Pi/Pico_SDK_v1.5.1/pico-sdk/src/rp2_common/hardware_timer/timer.c.obj
 .comment       0x00000049       0x4a CMakeFiles/Lab5.dir/C_/Program_Files/Raspberry_Pi/Pico_SDK_v1.5.1/pico-sdk/src/common/pico_util/pheap.c.obj
 .comment       0x00000049       0x4a CMakeFiles/Lab5.dir/C_/Program_Files/Raspberry_Pi/Pico_SDK_v1.5.1/pico-sdk/src/rp2_common/hardware_uart/uart.c.obj
 .comment       0x00000049       0x4a CMakeFiles/Lab5.dir/C_/Program_Files/Raspberry_Pi/Pico_SDK_v1.5.1/pico-sdk/src/rp2_common/hardware_clocks/clocks.c.obj
 .comment       0x00000049       0x4a CMakeFiles/Lab5.dir/C_/Program_Files/Raspberry_Pi/Pico_SDK_v1.5.1/pico-sdk/src/rp2_common/hardware_pll/pll.c.obj
 .comment       0x00000049       0x4a CMakeFiles/Lab5.dir/C_/Program_Files/Raspberry_Pi/Pico_SDK_v1.5.1/pico-sdk/src/rp2_common/hardware_watchdog/watchdog.c.obj
 .comment       0x00000049       0x4a CMakeFiles/Lab5.dir/C_/Program_Files/Raspberry_Pi/Pico_SDK_v1.5.1/pico-sdk/src/rp2_common/hardware_xosc/xosc.c.obj
 .comment       0x00000049       0x4a CMakeFiles/Lab5.dir/C_/Program_Files/Raspberry_Pi/Pico_SDK_v1.5.1/pico-sdk/src/rp2_common/pico_runtime/runtime.c.obj
 .comment       0x00000049       0x4a CMakeFiles/Lab5.dir/C_/Program_Files/Raspberry_Pi/Pico_SDK_v1.5.1/pico-sdk/src/rp2_common/pico_printf/printf.c.obj
 .comment       0x00000049       0x4a CMakeFiles/Lab5.dir/C_/Program_Files/Raspberry_Pi/Pico_SDK_v1.5.1/pico-sdk/src/rp2_common/pico_bootrom/bootrom.c.obj
 .comment       0x00000049       0x4a CMakeFiles/Lab5.dir/C_/Program_Files/Raspberry_Pi/Pico_SDK_v1.5.1/pico-sdk/src/rp2_common/pico_double/double_init_rom.c.obj
 .comment       0x00000049       0x4a CMakeFiles/Lab5.dir/C_/Program_Files/Raspberry_Pi/Pico_SDK_v1.5.1/pico-sdk/src/rp2_common/pico_float/float_init_rom.c.obj
 .comment       0x00000049       0x4a CMakeFiles/Lab5.dir/C_/Program_Files/Raspberry_Pi/Pico_SDK_v1.5.1/pico-sdk/src/rp2_common/pico_standard_link/binary_info.c.obj
 .comment       0x00000049       0x4a CMakeFiles/Lab5.dir/C_/Program_Files/Raspberry_Pi/Pico_SDK_v1.5.1/pico-sdk/src/rp2_common/pico_stdio/stdio.c.obj
 .comment       0x00000049       0x4a CMakeFiles/Lab5.dir/C_/Program_Files/Raspberry_Pi/Pico_SDK_v1.5.1/pico-sdk/src/rp2_common/pico_stdio_uart/stdio_uart.c.obj
 .comment       0x00000049       0x4a CMakeFiles/Lab5.dir/C_/Program_Files/Raspberry_Pi/Pico_SDK_v1.5.1/pico-sdk/src/rp2_common/hardware_adc/adc.c.obj
 .comment       0x00000049       0x4a CMakeFiles/Lab5.dir/C_/Program_Files/Raspberry_Pi/Pico_SDK_v1.5.1/pico-sdk/src/rp2_common/hardware_pio/pio.c.obj
 .comment       0x00000049       0x4a CMakeFiles/Lab5.dir/C_/Program_Files/Raspberry_Pi/Pico_SDK_v1.5.1/pico-sdk/src/rp2_common/pico_bootsel_via_double_reset/pico_bootsel_via_double_reset.c.obj

.debug_frame    0x00000000       0x28
 .debug_frame   0x00000000       0x28 c:/progra~1/raspbe~1/picosd~1.1/gcc-ar~1/bin/../lib/gcc/arm-none-eabi/10.3.1/../../../../arm-none-eabi/lib/thumb/v6-m/nofp\libc.a(lib_a-strlen-stub.o)
